BL51 BANKED LINKER/LOCATER V6.22.2.0                                                    12/06/2025  22:24:48  PAGE 1


BL51 BANKED LINKER/LOCATER V6.22.2.0, INVOKED BY:
C:\KEIL_V5\C51\BIN\BL51.EXE .\Objects\main.obj, .\Objects\battery.obj, .\Objects\pd.obj, .\Objects\solar.obj, .\Objects\
>> dcdc.obj, .\Objects\logic.obj, .\Objects\screen.obj, .\Objects\ssd1306.obj, .\Objects\adc.obj, .\Objects\ch224.obj, .
>> \Objects\clock.obj, .\Objects\i2c.obj, .\Objects\iap.obj, .\Objects\mathlib.obj, .\Objects\port.obj, .\Objects\pwm.ob
>> j, .\Objects\rtc.obj, .\Objects\timer.obj, .\Objects\uart.obj, .\Objects\usblib.obj, .\Sources\lib\stc_usb_cdc_8h_xda
>> ta_bl51.lib, .\Sources\lib\stc8_mdu16.lib, .\Objects\oled.obj, .\Objects\eg2104.obj TO .\Objects\stc_mppt PRINT (.\Li
>> stings\stc_mppt.m51) RAMSIZE (256) DISABLEWARNING (16)


MEMORY MODEL: LARGE WITH FLOATING POINT ARITHMETIC


INPUT MODULES INCLUDED:
  .\Objects\main.obj (MAIN)
  .\Objects\battery.obj (BATTERY)
  .\Objects\pd.obj (PD)
  .\Objects\solar.obj (SOLAR)
  .\Objects\dcdc.obj (DCDC)
  .\Objects\logic.obj (LOGIC)
  .\Objects\screen.obj (SCREEN)
  .\Objects\ssd1306.obj (SSD1306)
  .\Objects\adc.obj (ADC)
  .\Objects\ch224.obj (CH224)
  .\Objects\clock.obj (CLOCK)
  .\Objects\i2c.obj (I2C)
  .\Objects\iap.obj (IAP)
  .\Objects\mathlib.obj (MATHLIB)
  .\Objects\port.obj (PORT)
  .\Objects\pwm.obj (PWM)
  .\Objects\rtc.obj (RTC)
  .\Objects\timer.obj (TIMER)
  .\Objects\uart.obj (UART)
  .\Objects\usblib.obj (USBLIB)
  .\Sources\lib\stc_usb_cdc_8h_xdata_bl51.lib (USB)
  .\Sources\lib\stc_usb_cdc_8h_xdata_bl51.lib (USB_REQ_CLASS)
  .\Sources\lib\stc_usb_cdc_8h_xdata_bl51.lib (USB_REQ_STD)
  .\Sources\lib\stc_usb_cdc_8h_xdata_bl51.lib (USB_REQ_VENDOR)
  .\Sources\lib\stc_usb_cdc_8h_xdata_bl51.lib (UTIL)
  .\Sources\lib\stc_usb_cdc_8h_xdata_bl51.lib (USB_DESC)
  .\Sources\lib\stc8_mdu16.lib (STC_MDU16)
  .\Objects\oled.obj (OLED)
  .\Objects\eg2104.obj (EG2104)
  C:\KEIL_V5\C51\LIB\C51FPL.LIB (?C?FPADD)
  C:\KEIL_V5\C51\LIB\C51FPL.LIB (?C?FPMUL)
  C:\KEIL_V5\C51\LIB\C51FPL.LIB (?C?FPDIV)
  C:\KEIL_V5\C51\LIB\C51FPL.LIB (?C?FPCMP)
  C:\KEIL_V5\C51\LIB\C51FPL.LIB (?C?FCAST)
  C:\KEIL_V5\C51\LIB\C51FPL.LIB (?C?CASTF)
  C:\KEIL_V5\C51\LIB\C51FPL.LIB (VSPRINTF)
  C:\KEIL_V5\C51\LIB\C51FPL.LIB (?C?FPGETOPN)
  C:\KEIL_V5\C51\LIB\C51FPL.LIB (PRINTF)
  C:\KEIL_V5\C51\LIB\C51FPL.LIB (?C?FPROUND)
  C:\KEIL_V5\C51\LIB\C51FPL.LIB (?C?FPCONVERT)
  C:\KEIL_V5\C51\LIB\C51FPL.LIB (?C?FTNPWR)
  C:\KEIL_V5\C51\LIB\C51L.LIB (?C_STARTUP)
  C:\KEIL_V5\C51\LIB\C51L.LIB (?C?COPY)
  C:\KEIL_V5\C51\LIB\C51L.LIB (?C?CLDPTR)
  C:\KEIL_V5\C51\LIB\C51L.LIB (?C?CLDOPTR)
BL51 BANKED LINKER/LOCATER V6.22.2.0                                                  12/06/2025  22:24:48  PAGE 2


  C:\KEIL_V5\C51\LIB\C51L.LIB (?C?CSTPTR)
  C:\KEIL_V5\C51\LIB\C51L.LIB (?C?CSTOPTR)
  C:\KEIL_V5\C51\LIB\C51L.LIB (?C?IMUL)
  C:\KEIL_V5\C51\LIB\C51L.LIB (?C?IILDX)
  C:\KEIL_V5\C51\LIB\C51L.LIB (?C?ILDIX)
  C:\KEIL_V5\C51\LIB\C51L.LIB (?C?ILDPTR)
  C:\KEIL_V5\C51\LIB\C51L.LIB (?C?ISTPTR)
  C:\KEIL_V5\C51\LIB\C51L.LIB (?C?LMUL)
  C:\KEIL_V5\C51\LIB\C51L.LIB (?C?SLDIV)
  C:\KEIL_V5\C51\LIB\C51L.LIB (?C?LNEG)
  C:\KEIL_V5\C51\LIB\C51L.LIB (?C?SLCMP)
  C:\KEIL_V5\C51\LIB\C51L.LIB (?C?LSTXDATA)
  C:\KEIL_V5\C51\LIB\C51L.LIB (?C?LSTKXDATA)
  C:\KEIL_V5\C51\LIB\C51L.LIB (?C?OFFXADD)
  C:\KEIL_V5\C51\LIB\C51L.LIB (?C?PLDIXDATA)
  C:\KEIL_V5\C51\LIB\C51L.LIB (?C?PSTXDATA)
  C:\KEIL_V5\C51\LIB\C51L.LIB (?C?CCASE)
  C:\KEIL_V5\C51\LIB\C51L.LIB (?C?ICASE)
  C:\KEIL_V5\C51\LIB\C51L.LIB (?C?ICALL)
  C:\KEIL_V5\C51\LIB\C51L.LIB (PUTCHAR)
  C:\KEIL_V5\C51\LIB\C51L.LIB (STRNCPY)
  C:\KEIL_V5\C51\LIB\C51L.LIB (STRLEN)
  C:\KEIL_V5\C51\LIB\C51L.LIB (?C?MEMSET)
  C:\KEIL_V5\C51\LIB\C51L.LIB (?C_INIT)
  C:\KEIL_V5\C51\LIB\C51L.LIB (?C?ULDIV)


LINK MAP OF MODULE:  .\Objects\stc_mppt (MAIN)


            TYPE    BASE      LENGTH    RELOCATION   SEGMENT NAME
            -----------------------------------------------------

            * * * * * * *   D A T A   M E M O R Y   * * * * * * *
            REG     0000H     0008H     ABSOLUTE     "REG BANK 0"
            DATA    0008H     0005H     UNIT         _DATA_GROUP_
                    000DH     0013H                  *** GAP ***
            BIT     0020H.0   0001H.1   UNIT         _BIT_GROUP_
            BIT     0021H.1   0000H.3   UNIT         ?BI?USB
            BIT     0021H.4   0000H.1   UNIT         ?BI?I2C_MASTERREADBYTE?I2C
            BIT     0021H.5   0000H.1   UNIT         ?BI?I2C
                    0021H.6   0000H.2                *** GAP ***
            IDATA   0022H     0001H     UNIT         ?STACK

            * * * * * * *  X D A T A   M E M O R Y  * * * * * * *
            XDATA   0000H     0400H     UNIT         ?XD?SSD1306
            XDATA   0400H     010EH     UNIT         ?XD?OLED
            XDATA   050EH     00DCH     UNIT         ?XD?USB
            XDATA   05EAH     0042H     UNIT         _XDATA_GROUP_
            XDATA   062CH     0030H     UNIT         ?XD?_PRINTF_USB?UTIL
            XDATA   065CH     0017H     UNIT         ?XD?_OLED_PUTNUMBER?SSD1306
            XDATA   0673H     0016H     UNIT         ?XD?_OLED_UI_SETREGIONNUMBER?OLED
            XDATA   0689H     0010H     UNIT         ?XD?_OLED_DRAWBITMAPCUSTOM?SSD1306
            XDATA   0699H     0008H     UNIT         ?XD?_REVERSE4?UTIL
            XDATA   06A1H     0007H     UNIT         ?XD?USB_REQ_CLASS
            XDATA   06A8H     0006H     UNIT         ?XD?_OLED_PUTSTRINGPAGE?SSD1306
            XDATA   06AEH     0006H     UNIT         ?XD?_OLED_PUTNUMBERPAGE?SSD1306
BL51 BANKED LINKER/LOCATER V6.22.2.0                                                  12/06/2025  22:24:48  PAGE 3


            XDATA   06B4H     0005H     UNIT         ?XD?DCDC
            XDATA   06B9H     0005H     UNIT         ?XD?_OLED_DRAWFILLRECT?SSD1306
            XDATA   06BEH     0005H     UNIT         ?XD?_IAP_PROGRAMBYTE?IAP
            XDATA   06C3H     0004H     UNIT         ?XD?_DCDC_SETDUTY?DCDC
            XDATA   06C7H     0004H     UNIT         ?XD?ADC
            XDATA   06CBH     0004H     UNIT         ?XD?_IAP_ERASESECTOR?IAP
            XDATA   06CFH     0004H     UNIT         ?XD?_IAP_READBYTE?IAP
            XDATA   06D3H     0004H     UNIT         ?XD?_EG2104_SETDUTY?EG2104
            XDATA   06D7H     0003H     UNIT         ?XD?_CH224_READPPSVOLTAGE?CH224
            XDATA   06DAH     0002H     UNIT         ?XD?_PD_SETREQUESTVOLTAGE?PD
            XDATA   06DCH     0002H     UNIT         ?XD?PD
            XDATA   06DEH     0002H     UNIT         ?XD?_CH224_READREGISTER?CH224
            XDATA   06E0H     0002H     UNIT         ?XD?_CH224_WRITEREGISTER?CH224
            XDATA   06E2H     0002H     UNIT         ?XD?_CH224_ENABLEPPS?CH224
            XDATA   06E4H     0002H     UNIT         ?XD?_PWM_READCAPTURE?PWM
            XDATA   06E6H     0001H     UNIT         ?XD?PD_GETPROTOCOLTYPE?PD
            XDATA   06E7H     0001H     UNIT         ?XD?_OLED_WRITEDATA?SSD1306
            XDATA   06E8H     0001H     UNIT         ?XD?_OLED_SETCONTRAST?SSD1306
            XDATA   06E9H     0001H     UNIT         ?XD?_CH224_REQUESTVOLTAGE?CH224
            XDATA   06EAH     0001H     UNIT         ?XD?CH224

            * * * * * * *   C O D E   M E M O R Y   * * * * * * *
            CODE    0000H     0003H     ABSOLUTE     
            CODE    0003H     0007H     UNIT         ?PR?I2C_MASTERWAIT?I2C
            CODE    000AH     0001H     UNIT         ?PR?DCDC_UPDATE?DCDC
            CODE    000BH     0003H     ABSOLUTE     
            CODE    000EH     00AEH     UNIT         ?PR?STC_MDU16
            CODE    00BCH     0007H     UNIT         ?PR?IAP_INIT?IAP
            CODE    00C3H     0003H     ABSOLUTE     
            CODE    00C6H     0005H     UNIT         ?PR?CH224_READSTATUS?CH224
            CODE    00CBH     0003H     ABSOLUTE     
            CODE    00CEH     0054H     UNIT         ?PR?_CH224_REQUESTVOLTAGE?CH224
            CODE    0122H     0001H     UNIT         ?PR?LOGIC_UPDATE?LOGIC
            CODE    0123H     0003H     ABSOLUTE     
            CODE    0126H     09AFH     UNIT         ?C?LIB_CODE
            CODE    0AD5H     07BCH     UNIT         ?CO?SSD1306
            CODE    1291H     0483H     UNIT         ?PR?PRINTF?PRINTF
            CODE    1714H     03BDH     UNIT         ?PR?_DRAW_REGION?OLED
            CODE    1AD1H     02A2H     UNIT         ?PR?_PWM_UPDATEDUTY?PWM
            CODE    1D73H     0257H     UNIT         ?PR?_OLED_PUTCHAR?SSD1306
            CODE    1FCAH     011AH     UNIT         ?PR?USB_GET_STATUS?USB_REQ_STD
            CODE    20E4H     0116H     UNIT         ?PR?_OLED_UI_SETREGIONNUMBER?OLED
            CODE    21FAH     0110H     UNIT         ?PR?USB_OUT_EP1?USB
            CODE    230AH     010DH     UNIT         ?PR?_OLED_PUTNUMBER?SSD1306
            CODE    2417H     00CFH     UNIT         ?PR?_USB_SENDDATA?USB
            CODE    24E6H     00CAH     UNIT         ?PR?_OLED_DRAWBITMAPCUSTOM?SSD1306
            CODE    25B0H     00CAH     UNIT         ?PR?USB_GET_DESCRIPTOR?USB_REQ_STD
            CODE    267AH     00C3H     UNIT         ?PR?INIT_REGIONS?OLED
            CODE    273DH     00AEH     UNIT         ?PR?OLED_UI_UPDATEDISPLAY?OLED
            CODE    27EBH     00A4H     UNIT         ?PR?USB_ISR?USB
            CODE    288FH     009EH     UNIT         ?PR?USB_CLEAR_FEATURE?USB_REQ_STD
            CODE    292DH     009DH     UNIT         ?PR?USB_SET_CONFIGURATION?USB_REQ_STD
            CODE    29CAH     009CH     UNIT         ?PR?USB_SET_FEATURE?USB_REQ_STD
            CODE    2A66H     008FH     UNIT         ?PR?USB_INIT?USB
            CODE    2AF5H     008CH     UNIT         ?C_C51STARTUP
            CODE    2B81H     0087H     UNIT         ?PR?_OLED_SETPIXEL?SSD1306
            CODE    2C08H     0083H     UNIT         ?PR?OLED_INIT?SSD1306
BL51 BANKED LINKER/LOCATER V6.22.2.0                                                  12/06/2025  22:24:48  PAGE 4


            CODE    2C8BH     0083H     UNIT         ?CO?USB_DESC
            CODE    2D0EH     007BH     UNIT         ?PR?PWMA_INIT?PWM
            CODE    2D89H     0079H     UNIT         ?PR?PWMB_INIT?PWM
            CODE    2E02H     0079H     UNIT         ?PR?OLED_UI_DRAWGRID?OLED
            CODE    2E7BH     0078H     UNIT         ?PR?USB_SETUP?USB
            CODE    2EF3H     0075H     UNIT         ?PR?_OLED_UI_SETREGIONLABEL?OLED
            CODE    2F68H     0075H     UNIT         ?PR?_OLED_UI_SETREGIONVALUE?OLED
            CODE    2FDDH     0073H     UNIT         ?PR?USB_CTRL_IN?USB
            CODE    3050H     0072H     UNIT         ?PR?_OLED_UPDATEAREA?SSD1306
            CODE    30C2H     0071H     UNIT         ?PR?PD_GETPROTOCOLTYPE?PD
            CODE    3133H     0071H     UNIT         ?PR?SCREEN_INIT?SCREEN
            CODE    31A4H     0071H     UNIT         ?PR?_OLED_PUTSTRING?SSD1306
            CODE    3215H     006CH     UNIT         ?PR?ADC_INIT?ADC
            CODE    3281H     0069H     UNIT         ?PR?_PRINTF_USB?UTIL
            CODE    32EAH     0068H     UNIT         ?PR?_STRNCPY?STRNCPY
            CODE    3352H     0066H     UNIT         ?PR?_OLED_WRITEDATABULK?SSD1306
            CODE    33B8H     0063H     UNIT         ?PR?_PWM_READCAPTURE?PWM
            CODE    341BH     0060H     UNIT         ?PR?_DCDC_SETDUTY?DCDC
            CODE    347BH     0060H     UNIT         ?PR?_OLED_PUTSTRINGPAGE?SSD1306
            CODE    34DBH     005EH     UNIT         ?PR?_CH224_ENABLEPPS?CH224
            CODE    3539H     005CH     UNIT         ?PR?USB_REQ_STD?USB_REQ_STD
            CODE    3595H     005CH     UNIT         ?PR?USB_GET_CONFIGURATION?USB_REQ_STD
            CODE    35F1H     005AH     UNIT         ?PR?SYS_INIT?MAIN
            CODE    364BH     0051H     UNIT         ?PR?USB_SET_ADDRESS?USB_REQ_STD
            CODE    369CH     0050H     UNIT         ?PR?_CH224_READREGISTER?CH224
            CODE    36ECH     004FH     UNIT         ?PR?USB_CTRL_OUT?USB
            CODE    373BH     004DH     UNIT         ?PR?MAIN?MAIN
            CODE    3788H     004AH     UNIT         ?PR?DCDC_INCDUTY?DCDC
            CODE    37D2H     004AH     UNIT         ?PR?DCDC_DECDUTY?DCDC
            CODE    381CH     004AH     UNIT         ?PR?_VSPRINTF?VSPRINTF
            CODE    3866H     0044H     UNIT         ?PR?_OLED_DRAWRECT?SSD1306
            CODE    38AAH     0044H     UNIT         ?PR?_CH224_WRITEREGISTER?CH224
            CODE    38EEH     0044H     UNIT         ?C?LDIV
            CODE    3932H     0043H     UNIT         ?PR?_OLED_SETWINDOW?SSD1306
            CODE    3975H     0043H     UNIT         ?PR?USB_RESET?USB
            CODE    39B8H     0042H     UNIT         ?PR?RTC_INIT?RTC
            CODE    39FAH     0041H     UNIT         ?PR?BAT_GETVOLTAGE?BATTERY
            CODE    3A3BH     0041H     UNIT         ?PR?PD_GETACTUALVOLTAGE?PD
            CODE    3A7CH     0041H     UNIT         ?PR?SOLAR_GETACTUALVOLTAGE?SOLAR
            CODE    3ABDH     0041H     UNIT         ?PR?DCDC_GETINPUTVOLTAGE?DCDC
            CODE    3AFEH     0041H     UNIT         ?PR?USB_GET_INTERFACE?USB_REQ_STD
            CODE    3B3FH     0040H     UNIT         ?PR?BAT_GETCURRENT?BATTERY
            CODE    3B7FH     0040H     UNIT         ?PR?DCDC_GETINPUTCURRENT?DCDC
            CODE    3BBFH     0040H     UNIT         ?PR?PORT1_INIT?PORT
            CODE    3BFFH     003FH     UNIT         ?PR?_OLED_UI_CLEARREGION?OLED
            CODE    3C3EH     003CH     UNIT         ?PR?OLED_UPDATE?SSD1306
            CODE    3C7AH     003BH     UNIT         ?PR?_OLED_DRAWFILLRECT?SSD1306
            CODE    3CB5H     003AH     UNIT         ?PR?_CH224_SETPPSVOLTAGE?CH224
            CODE    3CEFH     003AH     UNIT         ?PR?PORT2_INIT?PORT
            CODE    3D29H     003AH     UNIT         ?PR?_USB_READ_FIFO?USB
            CODE    3D63H     0039H     UNIT         ?CO?PD
            CODE    3D9CH     0039H     UNIT         ?PR?CLK_INIT?CLOCK
            CODE    3DD5H     0038H     UNIT         ?PR?PORT3_INIT?PORT
            CODE    3E0DH     0038H     UNIT         ?PR?USB_IN_EP1?USB
            CODE    3E45H     0037H     UNIT         ?PR?_OLED_UI_SETDISPLAYMODE?OLED
            CODE    3E7CH     0035H     UNIT         ?C_INITSEG
            CODE    3EB1H     0034H     UNIT         ?PR?_CH224_READPPSVOLTAGE?CH224
BL51 BANKED LINKER/LOCATER V6.22.2.0                                                  12/06/2025  22:24:48  PAGE 5


            CODE    3EE5H     0033H     UNIT         ?PR?USB_SET_LINE_CODING?USB_REQ_CLASS
            CODE    3F18H     0033H     UNIT         ?PR?USB_GET_LINE_CODING?USB_REQ_CLASS
            CODE    3F4BH     0033H     UNIT         ?PR?_REVERSE4?UTIL
            CODE    3F7EH     0032H     UNIT         ?PR?PORT0_INIT?PORT
            CODE    3FB0H     0030H     UNIT         ?PR?I2C_MASTERREADBYTE?I2C
            CODE    3FE0H     002FH     UNIT         ?PR?_IAP_PROGRAMBYTE?IAP
            CODE    400FH     002EH     UNIT         ?CO?SCREEN
            CODE    403DH     002CH     UNIT         ?PR?_IAP_READBYTE?IAP
            CODE    4069H     002AH     UNIT         ?PR?DCDC_GETMODESTRING?DCDC
            CODE    4093H     002AH     UNIT         ?PR?I2C_INIT?I2C
            CODE    40BDH     002AH     UNIT         ?PR?_IAP_ERASESECTOR?IAP
            CODE    40E7H     0029H     UNIT         ?PR?_USB_BULK_INTR_IN?USB
            CODE    4110H     0029H     UNIT         ?PR?USB_SET_INTERFACE?USB_REQ_STD
            CODE    4139H     0027H     UNIT         ?PR?PUTCHAR?PUTCHAR
            CODE    4160H     0025H     UNIT         ?PR?_OLED_DRAWVLINE?SSD1306
            CODE    4185H     0025H     UNIT         ?PR?_OLED_PUTNUMBERPAGE?SSD1306
            CODE    41AAH     0025H     UNIT         ?PR?_CENTER_TEXT_X?OLED
            CODE    41CFH     0025H     UNIT         ?PR?_EG2104_SETDUTY?EG2104
            CODE    41F4H     0024H     UNIT         ?PR?OLED_UI_REFRESHALL?OLED
            CODE    4218H     0023H     UNIT         ?PR?_OLED_DRAWHLINE?SSD1306
            CODE    423BH     0022H     UNIT         ?PR?_USB_WRITE_FIFO?USB
            CODE    425DH     0021H     UNIT         ?PR?_DCDC_SETMODE?DCDC
            CODE    427EH     0021H     UNIT         ?PR?TIMER0_INIT?TIMER
            CODE    429FH     0020H     UNIT         ?PR?_PD_SETREQUESTVOLTAGE?PD
            CODE    42BFH     0020H     UNIT         ?PR?_OLED_SETDISPLAYMODE?SSD1306
            CODE    42DFH     0020H     UNIT         ?PR?_USB_WRITE_REG?USB
            CODE    42FFH     001FH     UNIT         ?PR?_ADC_CONVERT?ADC
            CODE    431EH     001FH     UNIT         ?PR?_SLEEP_US?UTIL
            CODE    433DH     001EH     UNIT         ?PR?USB_IN_EP2?USB
            CODE    435BH     001DH     UNIT         ?PR?_OLED_WRITECOMMAND?SSD1306
            CODE    4378H     001DH     UNIT         ?PR?_OLED_WRITEDATA?SSD1306
            CODE    4395H     001DH     UNIT         ?PR?_I2C_MASTERSENDBYTE?I2C
            CODE    43B2H     001CH     UNIT         ?PR?USB_REQ_CLASS?USB_REQ_CLASS
            CODE    43CEH     001CH     UNIT         ?PR?_REVERSE2?UTIL
            CODE    43EAH     001BH     UNIT         ?PR?USBLIB_INIT?USBLIB
            CODE    4405H     001BH     UNIT         ?PR?_USB_READ_REG?USB
            CODE    4420H     001AH     UNIT         ?CO?DCDC
            CODE    443AH     001AH     UNIT         ?PR?I2C_ISR?I2C
            CODE    4454H     0018H     UNIT         ?PR?_DELAY_US?MAIN
            CODE    446CH     0018H     UNIT         ?PR?RTC_ISR?RTC
            CODE    4484H     0018H     UNIT         ?PR?_SLEEP_MS?UTIL
            CODE    449CH     0017H     UNIT         ?PR?_DELAY_MS?MAIN
            CODE    44B3H     0016H     UNIT         ?PR?USB_OUT_DONE?USB
            CODE    44C9H     0016H     UNIT         ?PR?USB_SET_CTRL_LINE_STATE?USB_REQ_CLASS
            CODE    44DFH     0015H     UNIT         ?PR?TIMER2_INIT?TIMER
            CODE    44F4H     0015H     UNIT         ?PR?_STRLEN?STRLEN
            CODE    4509H     0014H     UNIT         ?PR?_CH224_SETVOLTAGE?CH224
            CODE    451DH     0013H     UNIT         ?PR?_USB_BULK_INTR_OUT?USB
            CODE    4530H     0012H     UNIT         ?PR?_OLED_FILL?SSD1306
            CODE    4542H     0012H     UNIT         ?PR?_OLED_SETCONTRAST?SSD1306
            CODE    4554H     0011H     UNIT         ?PR?CH224_CHECKCONNECTION?CH224
            CODE    4565H     0010H     UNIT         ?PR?CH224_ISPPSMODE?CH224
            CODE    4575H     0010H     UNIT         ?PR?USBLIB_OUT_CALLBACK?USBLIB
            CODE    4585H     0010H     UNIT         ?PR?USB_SETUP_IN?USB
            CODE    4595H     000FH     UNIT         ?PR?DCDC_GETDUTY?DCDC
            CODE    45A4H     000FH     UNIT         ?PR?OLED_CLEAR?SSD1306
            CODE    45B3H     000FH     UNIT         ?PR?UART2_INIT?UART
BL51 BANKED LINKER/LOCATER V6.22.2.0                                                  12/06/2025  22:24:48  PAGE 6


            CODE    45C2H     000FH     UNIT         ?PR?OLED_UI_INIT?OLED
            CODE    45D1H     000EH     UNIT         ?PR?CH224_READMAXCURRENT?CH224
            CODE    45DFH     000EH     UNIT         ?PR?I2C_MASTERSTART?I2C
            CODE    45EDH     000EH     UNIT         ?PR?I2C_MASTERSTOP?I2C
            CODE    45FBH     000EH     UNIT         ?PR?USBLIB_WAITCONFIGED?USBLIB
            CODE    4609H     000EH     UNIT         ?PR?EG2104_INIT?EG2104
            CODE    4617H     000DH     UNIT         ?PR?PD_GETMAXAVAILABLECURRENT?PD
            CODE    4624H     000DH     UNIT         ?PR?_OLED_DRAWBITMAP?SSD1306
            CODE    4631H     000DH     UNIT         ?PR?USB_SETUP_STALL?USB
            CODE    463EH     000DH     UNIT         ?PR?USB_SETUP_OUT?USB
            CODE    464BH     000DH     UNIT         ?PR?_USB_IN?USB
            CODE    4658H     000CH     UNIT         ?PR?LOGIC_INIT?LOGIC
            CODE    4664H     000CH     UNIT         ?PR?USB_SETUP_STATUS?USB
            CODE    4670H     000CH     UNIT         ?PR?_SET_USB_OUT_CALLBACK?USB
            CODE    467CH     000CH     UNIT         ?PR?_SET_USB_IN_CALLBACK?USB
            CODE    4688H     000CH     UNIT         ?PR?_SET_USB_ISPCMD?USB
            CODE    4694H     0009H     UNIT         ?PR?PD_GETREQUESTVOLTAGE?PD
            CODE    469DH     0009H     UNIT         ?CO?USBLIB
            CODE    46A6H     0009H     UNIT         ?CO?USB
            CODE    46AFH     0006H     UNIT         ?PR?PD_INIT?PD
            CODE    46B5H     0006H     UNIT         ?PR?DCDC_GETMODE?DCDC
            CODE    46BBH     0003H     UNIT         ?PR?BAT_INIT?BATTERY
            CODE    46BEH     0003H     UNIT         ?PR?BAT_ENABLEOUTPUT?BATTERY
            CODE    46C1H     0003H     UNIT         ?PR?BAT_DISABLEOUTPUT?BATTERY
            CODE    46C4H     0003H     UNIT         ?PR?PD_ENABLEINPUT?PD
            CODE    46C7H     0003H     UNIT         ?PR?PD_DISABLEINPUT?PD
            CODE    46CAH     0003H     UNIT         ?PR?SOLAR_INIT?SOLAR
            CODE    46CDH     0003H     UNIT         ?PR?SOLAR_ENABLEINPUT?SOLAR
            CODE    46D0H     0003H     UNIT         ?PR?SOLAR_DISABLEINPUT?SOLAR
            CODE    46D3H     0003H     UNIT         ?PR?DCDC_INIT?DCDC
            CODE    46D6H     0003H     UNIT         ?PR?DCDC_ENABLE?DCDC
            CODE    46D9H     0003H     UNIT         ?PR?DCDC_DISABLE?DCDC
            CODE    46DCH     0003H     UNIT         ?PR?SCREEN_UPDATE?SCREEN
            CODE    46DFH     0003H     UNIT         ?PR?USB_SET_DESCRIPTOR?USB_REQ_STD
            CODE    46E2H     0003H     UNIT         ?PR?USB_SYNCH_FRAME?USB_REQ_STD
            CODE    46E5H     0003H     UNIT         ?PR?USB_REQ_VENDOR?USB_REQ_VENDOR
            CODE    46E8H     0003H     UNIT         ?PR?EG2104_ENABLE?EG2104
            CODE    46EBH     0003H     UNIT         ?PR?EG2104_DISABLE?EG2104
            CODE    46EEH     0001H     UNIT         ?PR?CH224_INIT?CH224
            CODE    46EFH     0001H     UNIT         ?PR?MATHLIB_INIT?MATHLIB
            CODE    46F0H     0001H     UNIT         ?PR?TIMER0_ISR?TIMER
            CODE    46F1H     0001H     UNIT         ?PR?USB_RESUME?USB
            CODE    46F2H     0001H     UNIT         ?PR?USB_SUSPEND?USB



OVERLAY MAP OF MODULE:   .\Objects\stc_mppt (MAIN)


SEGMENT                                             BIT_GROUP          DATA_GROUP          XDATA_GROUP
  +--> CALLED SEGMENT                            START    LENGTH     START    LENGTH     START    LENGTH
--------------------------------------------------------------------------------------------------------
?PR?USB_ISR?USB                                  -----    -----      -----    -----      05EAH    0004H
  +--> ?PR?_USB_READ_REG?USB
  +--> ?PR?USB_RESUME?USB
  +--> ?PR?USB_RESET?USB
  +--> ?PR?USB_SETUP?USB
BL51 BANKED LINKER/LOCATER V6.22.2.0                                                  12/06/2025  22:24:48  PAGE 7


  +--> ?PR?USB_IN_EP1?USB
  +--> ?PR?USB_IN_EP2?USB
  +--> ?PR?USB_OUT_EP1?USB
  +--> ?PR?USB_SUSPEND?USB

?PR?_USB_READ_REG?USB                            -----    -----      -----    -----      -----    -----
  +--> ?PR?_USB_WRITE_REG?USB

?PR?USB_RESET?USB                                -----    -----      -----    -----      -----    -----
  +--> ?PR?_USB_WRITE_REG?USB

?PR?USB_SETUP?USB                                -----    -----      -----    -----      -----    -----
  +--> ?PR?_USB_READ_REG?USB
  +--> ?PR?_USB_WRITE_REG?USB
  +--> ?PR?_USB_READ_FIFO?USB
  +--> ?PR?_REVERSE2?UTIL
  +--> ?PR?USB_REQ_STD?USB_REQ_STD
  +--> ?PR?USB_REQ_CLASS?USB_REQ_CLASS
  +--> ?PR?USB_REQ_VENDOR?USB_REQ_VENDOR
  +--> ?PR?USB_SETUP_STALL?USB
  +--> ?PR?USB_CTRL_IN?USB
  +--> ?PR?USB_CTRL_OUT?USB

?PR?_USB_READ_FIFO?USB                           -----    -----      -----    -----      05EFH    0003H
  +--> ?PR?_USB_READ_REG?USB

?PR?_REVERSE2?UTIL                               -----    -----      -----    -----      05EEH    0004H

?PR?USB_REQ_STD?USB_REQ_STD                      -----    -----      -----    -----      -----    -----
  +--> ?PR?USB_GET_STATUS?USB_REQ_STD
  +--> ?PR?USB_CLEAR_FEATURE?USB_REQ_STD
  +--> ?PR?USB_SET_FEATURE?USB_REQ_STD
  +--> ?PR?USB_SET_ADDRESS?USB_REQ_STD
  +--> ?PR?USB_GET_DESCRIPTOR?USB_REQ_STD
  +--> ?PR?USB_SET_DESCRIPTOR?USB_REQ_STD
  +--> ?PR?USB_GET_CONFIGURATION?USB_REQ_STD
  +--> ?PR?USB_SET_CONFIGURATION?USB_REQ_STD
  +--> ?PR?USB_GET_INTERFACE?USB_REQ_STD
  +--> ?PR?USB_SET_INTERFACE?USB_REQ_STD
  +--> ?PR?USB_SYNCH_FRAME?USB_REQ_STD
  +--> ?PR?USB_SETUP_STALL?USB

?PR?USB_GET_STATUS?USB_REQ_STD                   -----    -----      -----    -----      05EEH    0001H
  +--> ?CO?USB_DESC
  +--> ?PR?USB_SETUP_STALL?USB
  +--> ?PR?USB_SETUP_IN?USB

?PR?USB_SETUP_STALL?USB                          -----    -----      -----    -----      -----    -----
  +--> ?PR?_USB_WRITE_REG?USB

?PR?USB_SETUP_IN?USB                             -----    -----      -----    -----      -----    -----
  +--> ?PR?_USB_WRITE_REG?USB
  +--> ?PR?USB_CTRL_IN?USB

?PR?USB_CTRL_IN?USB                              -----    -----      -----    -----      05EFH    0001H
  +--> ?PR?_USB_READ_REG?USB
  +--> ?PR?_USB_WRITE_FIFO?USB
BL51 BANKED LINKER/LOCATER V6.22.2.0                                                  12/06/2025  22:24:48  PAGE 8


  +--> ?PR?_USB_WRITE_REG?USB

?PR?_USB_WRITE_FIFO?USB                          -----    -----      -----    -----      05F0H    0005H
  +--> ?PR?_USB_WRITE_REG?USB

?PR?USB_CLEAR_FEATURE?USB_REQ_STD                -----    -----      -----    -----      05EEH    0001H
  +--> ?PR?_USB_WRITE_REG?USB
  +--> ?PR?USB_SETUP_STALL?USB
  +--> ?PR?USB_SETUP_STATUS?USB

?PR?USB_SETUP_STATUS?USB                         -----    -----      -----    -----      -----    -----
  +--> ?PR?_USB_WRITE_REG?USB

?PR?USB_SET_FEATURE?USB_REQ_STD                  -----    -----      -----    -----      05EEH    0001H
  +--> ?PR?_USB_WRITE_REG?USB
  +--> ?PR?USB_SETUP_STALL?USB
  +--> ?PR?USB_SETUP_STATUS?USB

?PR?USB_SET_ADDRESS?USB_REQ_STD                  -----    -----      -----    -----      05EEH    0001H
  +--> ?PR?USB_SETUP_STALL?USB
  +--> ?PR?_USB_WRITE_REG?USB
  +--> ?PR?USB_SETUP_STATUS?USB

?PR?USB_GET_DESCRIPTOR?USB_REQ_STD               -----    -----      -----    -----      -----    -----
  +--> ?CO?USB_DESC
  +--> ?PR?USB_SETUP_STALL?USB
  +--> ?PR?USB_SETUP_IN?USB

?PR?USB_SET_DESCRIPTOR?USB_REQ_STD               -----    -----      -----    -----      -----    -----
  +--> ?PR?USB_SETUP_STALL?USB

?PR?USB_GET_CONFIGURATION?USB_REQ_STD            -----    -----      -----    -----      -----    -----
  +--> ?PR?USB_SETUP_STALL?USB
  +--> ?CO?USB_DESC
  +--> ?PR?USB_SETUP_IN?USB

?PR?USB_SET_CONFIGURATION?USB_REQ_STD            -----    -----      -----    -----      -----    -----
  +--> ?PR?USB_SETUP_STALL?USB
  +--> ?PR?_USB_WRITE_REG?USB
  +--> ?PR?USB_SETUP_STATUS?USB

?PR?USB_GET_INTERFACE?USB_REQ_STD                -----    -----      -----    -----      -----    -----
  +--> ?PR?USB_SETUP_STALL?USB
  +--> ?CO?USB_DESC
  +--> ?PR?USB_SETUP_IN?USB

?PR?USB_SET_INTERFACE?USB_REQ_STD                -----    -----      -----    -----      -----    -----
  +--> ?PR?USB_SETUP_STALL?USB
  +--> ?PR?USB_SETUP_STATUS?USB

?PR?USB_SYNCH_FRAME?USB_REQ_STD                  -----    -----      -----    -----      -----    -----
  +--> ?PR?USB_SETUP_STALL?USB

?PR?USB_REQ_CLASS?USB_REQ_CLASS                  -----    -----      -----    -----      -----    -----
  +--> ?PR?USB_SET_LINE_CODING?USB_REQ_CLASS
  +--> ?PR?USB_GET_LINE_CODING?USB_REQ_CLASS
  +--> ?PR?USB_SET_CTRL_LINE_STATE?USB_REQ_C...
BL51 BANKED LINKER/LOCATER V6.22.2.0                                                  12/06/2025  22:24:48  PAGE 9


  +--> ?PR?USB_SETUP_STALL?USB

?PR?USB_SET_LINE_CODING?USB_REQ_CLASS            -----    -----      -----    -----      -----    -----
  +--> ?PR?USB_SETUP_STALL?USB
  +--> ?PR?USB_SETUP_OUT?USB

?PR?USB_SETUP_OUT?USB                            -----    -----      -----    -----      -----    -----
  +--> ?PR?_USB_WRITE_REG?USB

?PR?USB_GET_LINE_CODING?USB_REQ_CLASS            -----    -----      -----    -----      -----    -----
  +--> ?PR?USB_SETUP_STALL?USB
  +--> ?PR?USB_SETUP_IN?USB

?PR?USB_SET_CTRL_LINE_STATE?USB_REQ_C...         -----    -----      -----    -----      -----    -----
  +--> ?PR?USB_SETUP_STALL?USB
  +--> ?PR?USB_SETUP_STATUS?USB

?PR?USB_REQ_VENDOR?USB_REQ_VENDOR                -----    -----      -----    -----      -----    -----
  +--> ?PR?USB_SETUP_STALL?USB

?PR?USB_CTRL_OUT?USB                             -----    -----      -----    -----      -----    -----
  +--> ?PR?_USB_READ_REG?USB
  +--> ?PR?_USB_READ_FIFO?USB
  +--> ?PR?_USB_WRITE_REG?USB

?PR?USB_IN_EP1?USB                               -----    -----      -----    -----      -----    -----
  +--> ?PR?_USB_READ_REG?USB
  +--> ?PR?_USB_WRITE_REG?USB

?PR?USB_IN_EP2?USB                               -----    -----      -----    -----      -----    -----
  +--> ?PR?_USB_READ_REG?USB
  +--> ?PR?_USB_WRITE_REG?USB

?PR?USB_OUT_EP1?USB                              -----    -----      -----    -----      05EEH    0001H
  +--> ?PR?_USB_WRITE_REG?USB
  +--> ?PR?_USB_READ_REG?USB
  +--> ?PR?_USB_READ_FIFO?USB
  +--> ?PR?_SLEEP_MS?UTIL

?PR?_SLEEP_MS?UTIL                               -----    -----      -----    -----      -----    -----
  +--> ?PR?_SLEEP_US?UTIL

*** NEW ROOT ***************************************************

?C_C51STARTUP                                    -----    -----      -----    -----      -----    -----
  +--> ?PR?MAIN?MAIN
  +--> ?C_INITSEG

?PR?MAIN?MAIN                                    -----    -----      -----    -----      -----    -----
  +--> ?PR?SYS_INIT?MAIN
  +--> ?PR?SCREEN_INIT?SCREEN
  +--> ?PR?SCREEN_UPDATE?SCREEN
  +--> ?PR?_ADC_CONVERT?ADC
  +--> ?PR?_PWM_UPDATEDUTY?PWM

?PR?SYS_INIT?MAIN                                -----    -----      -----    -----      -----    -----
  +--> ?PR?CLK_INIT?CLOCK
BL51 BANKED LINKER/LOCATER V6.22.2.0                                                  12/06/2025  22:24:48  PAGE 10


  +--> ?PR?IAP_INIT?IAP
  +--> ?PR?PORT0_INIT?PORT
  +--> ?PR?PORT1_INIT?PORT
  +--> ?PR?PORT2_INIT?PORT
  +--> ?PR?PORT3_INIT?PORT
  +--> ?PR?TIMER0_INIT?TIMER
  +--> ?PR?TIMER2_INIT?TIMER
  +--> ?PR?UART2_INIT?UART
  +--> ?PR?ADC_INIT?ADC
  +--> ?PR?I2C_INIT?I2C
  +--> ?PR?RTC_INIT?RTC
  +--> ?PR?PWMA_INIT?PWM
  +--> ?PR?PWMB_INIT?PWM
  +--> ?PR?_DELAY_MS?MAIN
  +--> ?PR?USBLIB_INIT?USBLIB
  +--> ?PR?MATHLIB_INIT?MATHLIB

?PR?ADC_INIT?ADC                                 -----    -----      -----    -----      -----    -----
  +--> ?PR?_ADC_CONVERT?ADC

?PR?PWMA_INIT?PWM                                -----    -----      -----    -----      -----    -----
  +--> ?PR?_PWM_UPDATEDUTY?PWM

?PR?_PWM_UPDATEDUTY?PWM                          -----    -----      -----    -----      05F5H    000AH

?PR?PWMB_INIT?PWM                                -----    -----      -----    -----      -----    -----
  +--> ?PR?_PWM_UPDATEDUTY?PWM

?PR?USBLIB_INIT?USBLIB                           -----    -----      -----    -----      -----    -----
  +--> ?PR?USB_INIT?USB
  +--> ?PR?USBLIB_OUT_CALLBACK?USBLIB
  +--> ?PR?_SET_USB_OUT_CALLBACK?USB
  +--> ?CO?USBLIB
  +--> ?PR?_SET_USB_ISPCMD?USB

?PR?USB_INIT?USB                                 -----    -----      -----    -----      05F5H    0001H
  +--> ?PR?_USB_WRITE_REG?USB
  +--> ?PR?_VSPRINTF?VSPRINTF

?PR?_VSPRINTF?VSPRINTF                           -----    -----      -----    -----      05F6H    0006H
  +--> ?PR?PRINTF?PRINTF

?PR?PRINTF?PRINTF                                0020H.0  0001H.1    0008H    0005H      05FCH    0030H
  +--> ?PR?PUTCHAR?PUTCHAR

?PR?USBLIB_OUT_CALLBACK?USBLIB                   -----    -----      -----    -----      -----    -----
  +--> ?PR?_USB_SENDDATA?USB

?PR?_USB_SENDDATA?USB                            -----    -----      -----    -----      05F5H    000AH
  +--> ?PR?_USB_READ_REG?USB
  +--> ?PR?_SLEEP_US?UTIL
  +--> ?PR?_USB_WRITE_REG?USB
  +--> ?PR?_USB_BULK_INTR_IN?USB

?PR?_USB_BULK_INTR_IN?USB                        -----    -----      -----    -----      05FFH    0005H
  +--> ?PR?_USB_WRITE_REG?USB

BL51 BANKED LINKER/LOCATER V6.22.2.0                                                  12/06/2025  22:24:48  PAGE 11


?PR?SCREEN_INIT?SCREEN                           -----    -----      -----    -----      -----    -----
  +--> ?PR?OLED_UI_INIT?OLED
  +--> ?CO?SCREEN
  +--> ?PR?_OLED_UI_SETREGIONLABEL?OLED
  +--> ?PR?_OLED_UI_SETREGIONVALUE?OLED

?PR?OLED_UI_INIT?OLED                            -----    -----      -----    -----      -----    -----
  +--> ?PR?OLED_INIT?SSD1306
  +--> ?PR?OLED_CLEAR?SSD1306
  +--> ?PR?INIT_REGIONS?OLED
  +--> ?PR?OLED_UI_DRAWGRID?OLED
  +--> ?PR?OLED_UI_REFRESHALL?OLED

?PR?OLED_INIT?SSD1306                            -----    -----      -----    -----      -----    -----
  +--> ?PR?I2C_INIT?I2C
  +--> ?PR?_DELAY_MS?MAIN
  +--> ?PR?_OLED_WRITECOMMAND?SSD1306
  +--> ?PR?OLED_CLEAR?SSD1306
  +--> ?PR?OLED_UPDATE?SSD1306

?PR?_OLED_WRITECOMMAND?SSD1306                   -----    -----      -----    -----      0600H    0001H
  +--> ?PR?I2C_MASTERSTART?I2C
  +--> ?PR?_I2C_MASTERSENDBYTE?I2C
  +--> ?PR?I2C_MASTERSTOP?I2C

?PR?I2C_MASTERSTART?I2C                          -----    -----      -----    -----      -----    -----
  +--> ?PR?I2C_MASTERWAIT?I2C

?PR?_I2C_MASTERSENDBYTE?I2C                      -----    -----      -----    -----      -----    -----
  +--> ?PR?I2C_MASTERWAIT?I2C

?PR?I2C_MASTERSTOP?I2C                           -----    -----      -----    -----      -----    -----
  +--> ?PR?I2C_MASTERWAIT?I2C

?PR?OLED_UPDATE?SSD1306                          -----    -----      -----    -----      05FDH    0001H
  +--> ?PR?_OLED_SETWINDOW?SSD1306
  +--> ?PR?_OLED_WRITEDATABULK?SSD1306

?PR?_OLED_SETWINDOW?SSD1306                      -----    -----      -----    -----      05FEH    0002H
  +--> ?PR?_OLED_WRITECOMMAND?SSD1306

?PR?_OLED_WRITEDATABULK?SSD1306                  -----    -----      -----    -----      05FEH    0007H
  +--> ?PR?I2C_MASTERSTART?I2C
  +--> ?PR?_I2C_MASTERSENDBYTE?I2C
  +--> ?PR?I2C_MASTERSTOP?I2C

?PR?OLED_UI_DRAWGRID?OLED                        -----    -----      -----    -----      05F5H    0008H
  +--> ?PR?_OLED_DRAWRECT?SSD1306
  +--> ?PR?OLED_UPDATE?SSD1306

?PR?_OLED_DRAWRECT?SSD1306                       -----    -----      -----    -----      0606H    0004H
  +--> ?PR?_OLED_DRAWHLINE?SSD1306
  +--> ?PR?_OLED_DRAWVLINE?SSD1306

?PR?_OLED_DRAWHLINE?SSD1306                      -----    -----      -----    -----      -----    -----
  +--> ?PR?_OLED_SETPIXEL?SSD1306

BL51 BANKED LINKER/LOCATER V6.22.2.0                                                  12/06/2025  22:24:48  PAGE 12


?PR?_OLED_SETPIXEL?SSD1306                       -----    -----      -----    -----      060AH    0001H

?PR?_OLED_DRAWVLINE?SSD1306                      -----    -----      -----    -----      -----    -----
  +--> ?PR?_OLED_SETPIXEL?SSD1306

?PR?OLED_UI_REFRESHALL?OLED                      -----    -----      -----    -----      -----    -----
  +--> ?PR?OLED_UI_UPDATEDISPLAY?OLED

?PR?OLED_UI_UPDATEDISPLAY?OLED                   -----    -----      -----    -----      05F5H    0001H
  +--> ?PR?_DRAW_REGION?OLED
  +--> ?PR?_OLED_UPDATEAREA?SSD1306

?PR?_DRAW_REGION?OLED                            -----    -----      -----    -----      05F6H    0010H
  +--> ?PR?_OLED_SETPIXEL?SSD1306
  +--> ?PR?_OLED_DRAWRECT?SSD1306
  +--> ?PR?_STRLEN?STRLEN
  +--> ?PR?_OLED_PUTSTRING?SSD1306

?PR?_OLED_PUTSTRING?SSD1306                      -----    -----      -----    -----      0606H    0008H
  +--> ?PR?_OLED_PUTCHAR?SSD1306

?PR?_OLED_PUTCHAR?SSD1306                        -----    -----      -----    -----      060EH    0014H
  +--> ?CO?SSD1306

?PR?_OLED_UPDATEAREA?SSD1306                     -----    -----      -----    -----      05F6H    0005H
  +--> ?PR?_OLED_SETWINDOW?SSD1306
  +--> ?PR?_OLED_WRITEDATABULK?SSD1306

?PR?_OLED_UI_SETREGIONLABEL?OLED                 -----    -----      -----    -----      05F5H    0004H
  +--> ?PR?_STRNCPY?STRNCPY

?PR?_STRNCPY?STRNCPY                             -----    -----      -----    -----      05F9H    000AH

?PR?_OLED_UI_SETREGIONVALUE?OLED                 -----    -----      -----    -----      05F5H    0004H
  +--> ?PR?_STRNCPY?STRNCPY

?PR?SCREEN_UPDATE?SCREEN                         -----    -----      -----    -----      -----    -----
  +--> ?PR?OLED_UI_UPDATEDISPLAY?OLED

?C_INITSEG                                       -----    -----      -----    -----      -----    -----
  +--> ?CO?USB



SYMBOL TABLE OF MODULE:  .\Objects\stc_mppt (MAIN)

  VALUE           TYPE          NAME
  ----------------------------------

  -------         MODULE        MAIN
  C:0000H         SYMBOL        _ICE_DUMMY_
  D:0093H         PUBLIC        P0M1
  D:0092H         PUBLIC        P1M0
  D:0096H         PUBLIC        P2M0
  D:0091H         PUBLIC        P1M1
  D:0080H         PUBLIC        P0
  D:00B2H         PUBLIC        P3M0
BL51 BANKED LINKER/LOCATER V6.22.2.0                                                  12/06/2025  22:24:48  PAGE 13


  D:0095H         PUBLIC        P2M1
  D:0090H         PUBLIC        P1
  D:00B4H         PUBLIC        P4M0
  D:00B1H         PUBLIC        P3M1
  D:00A0H         PUBLIC        P2
  D:00B0H         PUBLIC        P3
  D:00C0H         PUBLIC        P4
  D:00C8H         PUBLIC        P5
  D:00E8H         PUBLIC        P6
  B:00A8H.7       PUBLIC        EA
  D:00F8H         PUBLIC        P7
  D:00BAH         PUBLIC        P_SW2
  D:00A8H         PUBLIC        IE
  D:00B8H         PUBLIC        IP
  C:373BH         PUBLIC        main
  D:00F5H         PUBLIC        IAP_TPS
  D:0098H         PUBLIC        SCON
  D:0088H         PUBLIC        TCON
  B:0090H.5       PUBLIC        P15
  B:00A0H.7       PUBLIC        P27
  D:00F0H         PUBLIC        B
  D:00E0H         PUBLIC        ACC
  C:449CH         PUBLIC        _delay_ms
  C:4454H         PUBLIC        _delay_us
  C:35F1H         PUBLIC        SYS_Init
  D:00D0H         PUBLIC        PSW
  D:0094H         PUBLIC        P0M0
  -------         PROC          MAIN
  C:373BH         LINE#         31
  C:373BH         LINE#         37
  C:373EH         LINE#         40
  C:3741H         LINE#         55
  C:3741H         LINE#         56
  C:3744H         LINE#         69
  C:3752H         LINE#         70
  C:3754H         LINE#         71
  C:3756H         LINE#         72
  C:376BH         LINE#         73
  C:376DH         LINE#         74
  C:376FH         LINE#         75
  C:3771H         LINE#         76
  C:3786H         LINE#         77
  C:3786H         LINE#         78
  -------         ENDPROC       MAIN
  -------         PROC          SYS_INIT
  C:35F1H         LINE#         86
  C:35F1H         LINE#         87
  C:35F4H         LINE#         88
  C:35F7H         LINE#         90
  C:35FAH         LINE#         91
  C:35FCH         LINE#         92
  C:35FEH         LINE#         93
  C:3600H         LINE#         94
  C:3602H         LINE#         95
  C:3604H         LINE#         96
  C:3606H         LINE#         97
  C:3608H         LINE#         98
BL51 BANKED LINKER/LOCATER V6.22.2.0                                                  12/06/2025  22:24:48  PAGE 14


  C:360AH         LINE#         100
  C:360DH         LINE#         101
  C:3610H         LINE#         102
  C:3613H         LINE#         103
  C:3616H         LINE#         104
  C:3619H         LINE#         105
  C:361CH         LINE#         106
  C:361FH         LINE#         107
  C:3622H         LINE#         108
  C:3625H         LINE#         109
  C:3628H         LINE#         110
  C:362BH         LINE#         111
  C:362EH         LINE#         112
  C:3631H         LINE#         113
  C:3634H         LINE#         114
  C:363BH         LINE#         115
  C:363EH         LINE#         116
  C:3645H         LINE#         117
  C:3648H         LINE#         123
  C:364AH         LINE#         124
  -------         ENDPROC       SYS_INIT
  -------         PROC          _DELAY_US
  D:0006H         SYMBOL        us
  C:4454H         LINE#         131
  C:4454H         LINE#         132
  C:4454H         LINE#         133
  C:4462H         LINE#         134
  C:446BH         LINE#         135
  -------         ENDPROC       _DELAY_US
  -------         PROC          _DELAY_MS
  D:0006H         SYMBOL        ms
  -------         DO            
  D:0004H         SYMBOL        i
  -------         ENDDO         
  C:449CH         LINE#         143
  C:449CH         LINE#         146
  C:449CH         LINE#         147
  C:44A0H         LINE#         148
  C:44A9H         LINE#         149
  C:44B2H         LINE#         150
  -------         ENDPROC       _DELAY_MS
  -------         ENDMOD        MAIN

  -------         MODULE        BATTERY
  C:0000H         SYMBOL        _ICE_DUMMY_
  D:0080H         PUBLIC        P0
  D:0090H         PUBLIC        P1
  D:00A0H         PUBLIC        P2
  D:00B0H         PUBLIC        P3
  D:00C0H         PUBLIC        P4
  D:00C8H         PUBLIC        P5
  D:00E8H         PUBLIC        P6
  C:46C1H         PUBLIC        BAT_DisableOutput
  D:00F8H         PUBLIC        P7
  D:00A8H         PUBLIC        IE
  C:46BEH         PUBLIC        BAT_EnableOutput
  D:00B8H         PUBLIC        IP
BL51 BANKED LINKER/LOCATER V6.22.2.0                                                  12/06/2025  22:24:48  PAGE 15


  C:39FAH         PUBLIC        BAT_GetVoltage
  D:0098H         PUBLIC        SCON
  D:0088H         PUBLIC        TCON
  B:00A0H.6       PUBLIC        P26
  D:00F0H         PUBLIC        B
  C:3B3FH         PUBLIC        BAT_GetCurrent
  D:00E0H         PUBLIC        ACC
  C:46BBH         PUBLIC        BAT_Init
  D:00D0H         PUBLIC        PSW
  -------         PROC          BAT_INIT
  C:46BBH         LINE#         13
  C:46BBH         LINE#         14
  C:46BDH         LINE#         15
  -------         ENDPROC       BAT_INIT
  -------         PROC          BAT_ENABLEOUTPUT
  C:46BEH         LINE#         17
  C:46BEH         LINE#         18
  C:46C0H         LINE#         19
  -------         ENDPROC       BAT_ENABLEOUTPUT
  -------         PROC          BAT_DISABLEOUTPUT
  C:46C1H         LINE#         21
  C:46C1H         LINE#         22
  C:46C3H         LINE#         23
  -------         ENDPROC       BAT_DISABLEOUTPUT
  -------         PROC          BAT_GETVOLTAGE
  C:39FAH         LINE#         25
  C:39FAH         LINE#         26
  -------         ENDPROC       BAT_GETVOLTAGE
  -------         PROC          BAT_GETCURRENT
  C:3B3FH         LINE#         29
  C:3B3FH         LINE#         32
  -------         ENDPROC       BAT_GETCURRENT
  -------         ENDMOD        BATTERY

  -------         MODULE        PD
  C:0000H         SYMBOL        _ICE_DUMMY_
  D:0080H         PUBLIC        P0
  D:0090H         PUBLIC        P1
  D:00A0H         PUBLIC        P2
  D:00B0H         PUBLIC        P3
  D:00C0H         PUBLIC        P4
  D:00C8H         PUBLIC        P5
  D:00E8H         PUBLIC        P6
  D:00F8H         PUBLIC        P7
  C:46AFH         PUBLIC        PD_Init
  D:00A8H         PUBLIC        IE
  C:30C2H         PUBLIC        PD_GetProtocolType
  D:00B8H         PUBLIC        IP
  C:4617H         PUBLIC        PD_GetMaxAvailableCurrent
  D:0098H         PUBLIC        SCON
  B:00A0H.3       PUBLIC        P23
  D:0088H         PUBLIC        TCON
  C:46C7H         PUBLIC        PD_DisableInput
  D:00F0H         PUBLIC        B
  D:00E0H         PUBLIC        ACC
  C:3A3BH         PUBLIC        PD_GetActualVoltage
  C:46C4H         PUBLIC        PD_EnableInput
BL51 BANKED LINKER/LOCATER V6.22.2.0                                                  12/06/2025  22:24:48  PAGE 16


  C:4694H         PUBLIC        PD_GetRequestVoltage
  X:06DCH         SYMBOL        request_voltage
  C:429FH         PUBLIC        _PD_SetRequestVoltage
  D:00D0H         PUBLIC        PSW
  -------         PROC          PD_INIT
  C:46AFH         LINE#         14
  C:46AFH         LINE#         15
  C:46B2H         LINE#         16
  -------         ENDPROC       PD_INIT
  -------         PROC          PD_ENABLEINPUT
  C:46C4H         LINE#         19
  C:46C4H         LINE#         20
  C:46C6H         LINE#         21
  -------         ENDPROC       PD_ENABLEINPUT
  -------         PROC          PD_DISABLEINPUT
  C:46C7H         LINE#         23
  C:46C7H         LINE#         24
  C:46C9H         LINE#         25
  -------         ENDPROC       PD_DISABLEINPUT
  -------         PROC          PD_GETACTUALVOLTAGE
  C:3A3BH         LINE#         27
  C:3A3BH         LINE#         28
  -------         ENDPROC       PD_GETACTUALVOLTAGE
  -------         PROC          PD_GETREQUESTVOLTAGE
  C:4694H         LINE#         31
  C:4694H         LINE#         32
  C:469CH         LINE#         33
  -------         ENDPROC       PD_GETREQUESTVOLTAGE
  -------         PROC          _PD_SETREQUESTVOLTAGE
  X:06DAH         SYMBOL        mv
  -------         DO            
  D:0005H         SYMBOL        result
  -------         ENDDO         
  C:429FH         LINE#         35
  C:42A7H         LINE#         36
  C:42A9H         LINE#         37
  C:42ACH         LINE#         38
  C:42AFH         LINE#         39
  C:42BEH         LINE#         40
  C:42BEH         LINE#         41
  -------         ENDPROC       _PD_SETREQUESTVOLTAGE
  -------         PROC          PD_GETMAXAVAILABLECURRENT
  -------         DO            
  D:0006H         SYMBOL        result
  -------         ENDDO         
  C:4617H         LINE#         43
  C:4617H         LINE#         45
  C:461AH         LINE#         46
  C:461FH         LINE#         47
  C:4623H         LINE#         48
  C:4623H         LINE#         49
  C:4623H         LINE#         50
  -------         ENDPROC       PD_GETMAXAVAILABLECURRENT
  -------         PROC          PD_GETPROTOCOLTYPE
  -------         DO            
  X:06E6H         SYMBOL        voltage_flag
  D:0007H         SYMBOL        status
BL51 BANKED LINKER/LOCATER V6.22.2.0                                                  12/06/2025  22:24:48  PAGE 17


  -------         ENDDO         
  C:30C2H         LINE#         52
  C:30C2H         LINE#         55
  C:30CCH         LINE#         56
  C:30CFH         LINE#         57
  C:30DAH         LINE#         58
  C:30DEH         LINE#         59
  C:30E9H         LINE#         60
  C:30F0H         LINE#         61
  C:30F0H         LINE#         62
  C:30F6H         LINE#         63
  C:30FDH         LINE#         64
  C:30FDH         LINE#         65
  C:3103H         LINE#         66
  C:3108H         LINE#         67
  C:3108H         LINE#         68
  C:310DH         LINE#         69
  C:310DH         LINE#         70
  C:3118H         LINE#         71
  C:3123H         LINE#         72
  C:312EH         LINE#         74
  C:3132H         LINE#         75
  -------         ENDPROC       PD_GETPROTOCOLTYPE
  -------         ENDMOD        PD

  -------         MODULE        SOLAR
  C:0000H         SYMBOL        _ICE_DUMMY_
  D:0080H         PUBLIC        P0
  D:0090H         PUBLIC        P1
  D:00A0H         PUBLIC        P2
  D:00B0H         PUBLIC        P3
  D:00C0H         PUBLIC        P4
  D:00C8H         PUBLIC        P5
  D:00E8H         PUBLIC        P6
  D:00F8H         PUBLIC        P7
  D:00A8H         PUBLIC        IE
  D:00B8H         PUBLIC        IP
  C:46D0H         PUBLIC        SOLAR_DisableInput
  D:0098H         PUBLIC        SCON
  D:0088H         PUBLIC        TCON
  B:00A0H.7       PUBLIC        P27
  C:3A7CH         PUBLIC        SOLAR_GetActualVoltage
  D:00F0H         PUBLIC        B
  C:46CDH         PUBLIC        SOLAR_EnableInput
  D:00E0H         PUBLIC        ACC
  C:46CAH         PUBLIC        SOLAR_Init
  D:00D0H         PUBLIC        PSW
  -------         PROC          SOLAR_INIT
  C:46CAH         LINE#         11
  C:46CAH         LINE#         12
  C:46CCH         LINE#         13
  -------         ENDPROC       SOLAR_INIT
  -------         PROC          SOLAR_ENABLEINPUT
  C:46CDH         LINE#         15
  C:46CDH         LINE#         16
  C:46CFH         LINE#         17
  -------         ENDPROC       SOLAR_ENABLEINPUT
BL51 BANKED LINKER/LOCATER V6.22.2.0                                                  12/06/2025  22:24:48  PAGE 18


  -------         PROC          SOLAR_DISABLEINPUT
  C:46D0H         LINE#         19
  C:46D0H         LINE#         20
  C:46D2H         LINE#         21
  -------         ENDPROC       SOLAR_DISABLEINPUT
  -------         PROC          SOLAR_GETACTUALVOLTAGE
  C:3A7CH         LINE#         23
  C:3A7CH         LINE#         24
  -------         ENDPROC       SOLAR_GETACTUALVOLTAGE
  -------         ENDMOD        SOLAR

  -------         MODULE        DCDC
  C:0000H         SYMBOL        _ICE_DUMMY_
  D:0080H         PUBLIC        P0
  D:0090H         PUBLIC        P1
  D:00A0H         PUBLIC        P2
  D:00B0H         PUBLIC        P3
  D:00C0H         PUBLIC        P4
  D:00C8H         PUBLIC        P5
  C:46D3H         PUBLIC        DCDC_Init
  D:00E8H         PUBLIC        P6
  D:00F8H         PUBLIC        P7
  C:3B7FH         PUBLIC        DCDC_GetInputCurrent
  D:00A8H         PUBLIC        IE
  X:06B4H         SYMBOL        current_mode
  C:4069H         PUBLIC        DCDC_GetModeString
  C:46B5H         PUBLIC        DCDC_GetMode
  D:00B8H         PUBLIC        IP
  C:425DH         PUBLIC        _DCDC_SetMode
  C:37D2H         PUBLIC        DCDC_DecDuty
  C:46D9H         PUBLIC        DCDC_Disable
  C:3788H         PUBLIC        DCDC_IncDuty
  D:0098H         PUBLIC        SCON
  D:0088H         PUBLIC        TCON
  C:4595H         PUBLIC        DCDC_GetDuty
  C:46D6H         PUBLIC        DCDC_Enable
  D:00F0H         PUBLIC        B
  C:341BH         PUBLIC        _DCDC_SetDuty
  D:00E0H         PUBLIC        ACC
  X:06B5H         SYMBOL        duty
  C:000AH         PUBLIC        DCDC_Update
  D:00D0H         PUBLIC        PSW
  C:3ABDH         PUBLIC        DCDC_GetInputVoltage
  -------         PROC          DCDC_UPDATE
  C:000AH         LINE#         15
  C:000AH         LINE#         17
  C:000AH         LINE#         18
  C:000AH         LINE#         21
  C:000AH         LINE#         23
  C:000AH         LINE#         26
  C:000AH         LINE#         28
  C:000AH         LINE#         32
  C:000AH         LINE#         33
  C:000AH         LINE#         34
  -------         ENDPROC       DCDC_UPDATE
  -------         PROC          DCDC_INIT
  C:46D3H         LINE#         36
BL51 BANKED LINKER/LOCATER V6.22.2.0                                                  12/06/2025  22:24:48  PAGE 19


  C:46D3H         LINE#         37
  -------         ENDPROC       DCDC_INIT
  -------         PROC          DCDC_ENABLE
  C:46D6H         LINE#         40
  C:46D6H         LINE#         41
  -------         ENDPROC       DCDC_ENABLE
  -------         PROC          DCDC_DISABLE
  C:46D9H         LINE#         44
  C:46D9H         LINE#         45
  -------         ENDPROC       DCDC_DISABLE
  -------         PROC          DCDC_GETINPUTVOLTAGE
  C:3ABDH         LINE#         48
  C:3ABDH         LINE#         49
  -------         ENDPROC       DCDC_GETINPUTVOLTAGE
  -------         PROC          DCDC_GETINPUTCURRENT
  C:3B7FH         LINE#         52
  C:3B7FH         LINE#         55
  -------         ENDPROC       DCDC_GETINPUTCURRENT
  -------         PROC          DCDC_INCDUTY
  C:3788H         LINE#         58
  C:3788H         LINE#         59
  C:37A2H         LINE#         60
  C:37C0H         LINE#         61
  C:37D1H         LINE#         62
  C:37D1H         LINE#         63
  -------         ENDPROC       DCDC_INCDUTY
  -------         PROC          DCDC_DECDUTY
  C:37D2H         LINE#         65
  C:37D2H         LINE#         66
  C:37ECH         LINE#         67
  C:380AH         LINE#         68
  C:381BH         LINE#         69
  C:381BH         LINE#         70
  -------         ENDPROC       DCDC_DECDUTY
  -------         PROC          DCDC_GETDUTY
  C:4595H         LINE#         72
  C:4595H         LINE#         73
  C:45A3H         LINE#         74
  -------         ENDPROC       DCDC_GETDUTY
  -------         PROC          _DCDC_SETDUTY
  X:06C3H         SYMBOL        value
  C:341BH         LINE#         76
  C:3421H         LINE#         77
  C:3455H         LINE#         78
  C:3469H         LINE#         79
  C:347AH         LINE#         80
  C:347AH         LINE#         81
  -------         ENDPROC       _DCDC_SETDUTY
  -------         PROC          _DCDC_SETMODE
  D:0007H         SYMBOL        mode
  C:425DH         LINE#         84
  C:425DH         LINE#         86
  C:425DH         LINE#         87
  C:425DH         LINE#         89
  C:425DH         LINE#         90
  C:425DH         LINE#         92
  C:425DH         LINE#         94
BL51 BANKED LINKER/LOCATER V6.22.2.0                                                  12/06/2025  22:24:48  PAGE 20


  C:425DH         LINE#         95
  C:425DH         LINE#         96
  C:425DH         LINE#         97
  C:425DH         LINE#         99
  C:4262H         LINE#         101
  C:4268H         LINE#         102
  C:4268H         LINE#         104
  C:4270H         LINE#         105
  C:4272H         LINE#         107
  C:4272H         LINE#         110
  C:427DH         LINE#         111
  C:427DH         LINE#         113
  C:427DH         LINE#         116
  C:427DH         LINE#         117
  C:427DH         LINE#         118
  -------         ENDPROC       _DCDC_SETMODE
  -------         PROC          DCDC_GETMODE
  C:46B5H         LINE#         120
  C:46B5H         LINE#         121
  C:46BAH         LINE#         122
  -------         ENDPROC       DCDC_GETMODE
  -------         PROC          DCDC_GETMODESTRING
  C:4069H         LINE#         124
  C:4069H         LINE#         125
  C:4077H         LINE#         126
  C:4077H         LINE#         127
  C:407EH         LINE#         128
  C:407EH         LINE#         129
  C:4085H         LINE#         130
  C:4085H         LINE#         131
  C:408CH         LINE#         132
  C:408CH         LINE#         133
  C:4092H         LINE#         134
  C:4092H         LINE#         135
  -------         ENDPROC       DCDC_GETMODESTRING
  -------         ENDMOD        DCDC

  -------         MODULE        LOGIC
  C:0000H         SYMBOL        _ICE_DUMMY_
  D:0080H         PUBLIC        P0
  D:0090H         PUBLIC        P1
  D:00A0H         PUBLIC        P2
  D:00B0H         PUBLIC        P3
  D:00C0H         PUBLIC        P4
  D:00C8H         PUBLIC        P5
  D:00E8H         PUBLIC        P6
  D:00F8H         PUBLIC        P7
  D:00A8H         PUBLIC        IE
  D:00B8H         PUBLIC        IP
  D:0098H         PUBLIC        SCON
  D:0088H         PUBLIC        TCON
  C:0122H         PUBLIC        LOGIC_Update
  D:00F0H         PUBLIC        B
  D:00E0H         PUBLIC        ACC
  C:4658H         PUBLIC        LOGIC_Init
  D:00D0H         PUBLIC        PSW
  -------         PROC          LOGIC_INIT
BL51 BANKED LINKER/LOCATER V6.22.2.0                                                  12/06/2025  22:24:48  PAGE 21


  C:4658H         LINE#         11
  C:4658H         LINE#         12
  C:465BH         LINE#         13
  C:465EH         LINE#         14
  C:4661H         LINE#         15
  -------         ENDPROC       LOGIC_INIT
  -------         PROC          LOGIC_UPDATE
  C:0122H         LINE#         19
  C:0122H         LINE#         23
  -------         ENDPROC       LOGIC_UPDATE
  -------         ENDMOD        LOGIC

  -------         MODULE        SCREEN
  C:0000H         SYMBOL        _ICE_DUMMY_
  D:0080H         PUBLIC        P0
  D:0090H         PUBLIC        P1
  D:00A0H         PUBLIC        P2
  D:00B0H         PUBLIC        P3
  D:00C0H         PUBLIC        P4
  D:00C8H         PUBLIC        P5
  D:00E8H         PUBLIC        P6
  D:00F8H         PUBLIC        P7
  C:46DCH         PUBLIC        SCREEN_Update
  D:00A8H         PUBLIC        IE
  D:00B8H         PUBLIC        IP
  D:0098H         PUBLIC        SCON
  D:0088H         PUBLIC        TCON
  C:3133H         PUBLIC        SCREEN_Init
  D:00F0H         PUBLIC        B
  D:00E0H         PUBLIC        ACC
  D:00D0H         PUBLIC        PSW
  -------         PROC          SCREEN_INIT
  C:3133H         LINE#         8
  C:3133H         LINE#         9
  C:3136H         LINE#         11
  C:3141H         LINE#         12
  C:314CH         LINE#         14
  C:3157H         LINE#         15
  C:3162H         LINE#         17
  C:316DH         LINE#         18
  C:3178H         LINE#         20
  C:3183H         LINE#         21
  C:318EH         LINE#         23
  C:3199H         LINE#         24
  -------         ENDPROC       SCREEN_INIT
  -------         PROC          SCREEN_UPDATE
  C:46DCH         LINE#         27
  C:46DCH         LINE#         28
  -------         ENDPROC       SCREEN_UPDATE
  -------         ENDMOD        SCREEN

  -------         MODULE        SSD1306
  C:0000H         SYMBOL        _ICE_DUMMY_
  D:0080H         PUBLIC        P0
  D:0090H         PUBLIC        P1
  D:00A0H         PUBLIC        P2
  D:00B0H         PUBLIC        P3
BL51 BANKED LINKER/LOCATER V6.22.2.0                                                  12/06/2025  22:24:48  PAGE 22


  D:00C0H         PUBLIC        P4
  X:0000H         SYMBOL        oled_buffer
  D:00C8H         PUBLIC        P5
  D:00E8H         PUBLIC        P6
  D:00F8H         PUBLIC        P7
  C:4542H         PUBLIC        _OLED_SetContrast
  D:00A8H         PUBLIC        IE
  C:4530H         PUBLIC        _OLED_Fill
  C:4378H         SYMBOL        _OLED_WriteData
  C:42BFH         PUBLIC        _OLED_SetDisplayMode
  D:00B8H         PUBLIC        IP
  C:2C08H         PUBLIC        OLED_Init
  C:0AD5H         PUBLIC        font5x8
  C:3352H         SYMBOL        _OLED_WriteDataBulk
  C:3866H         PUBLIC        _OLED_DrawRect
  C:4185H         PUBLIC        _OLED_PutNumberPage
  C:230AH         PUBLIC        _OLED_PutNumber
  C:3932H         SYMBOL        _OLED_SetWindow
  C:3C7AH         PUBLIC        _OLED_DrawFillRect
  D:0098H         PUBLIC        SCON
  D:0088H         PUBLIC        TCON
  C:2B81H         PUBLIC        _OLED_SetPixel
  C:347BH         PUBLIC        _OLED_PutStringPage
  C:31A4H         PUBLIC        _OLED_PutString
  C:1D84H         PUBLIC        _OLED_PutChar
  D:00F0H         PUBLIC        B
  D:00E0H         PUBLIC        ACC
  C:0CA1H         PUBLIC        font8x16
  C:435BH         SYMBOL        _OLED_WriteCommand
  C:3050H         PUBLIC        _OLED_UpdateArea
  C:4218H         PUBLIC        _OLED_DrawHLine
  C:3C3EH         PUBLIC        OLED_Update
  C:45A4H         PUBLIC        OLED_Clear
  C:24E6H         PUBLIC        _OLED_DrawBitmapCustom
  C:4624H         PUBLIC        _OLED_DrawBitmap
  C:4160H         PUBLIC        _OLED_DrawVLine
  D:00D0H         PUBLIC        PSW
  -------         PROC          _OLED_WRITECOMMAND
  X:0600H         SYMBOL        cmd
  C:435BH         LINE#         14
  C:4360H         LINE#         15
  C:4363H         LINE#         16
  C:4368H         LINE#         17
  C:436DH         LINE#         18
  C:4375H         LINE#         19
  -------         ENDPROC       _OLED_WRITECOMMAND
  -------         PROC          _OLED_WRITEDATA
  X:06E7H         SYMBOL        _data
  C:4378H         LINE#         23
  C:437DH         LINE#         24
  C:4380H         LINE#         25
  C:4385H         LINE#         26
  C:438AH         LINE#         27
  C:4392H         LINE#         28
  -------         ENDPROC       _OLED_WRITEDATA
  -------         PROC          _OLED_WRITEDATABULK
  X:05FEH         SYMBOL        _data
BL51 BANKED LINKER/LOCATER V6.22.2.0                                                  12/06/2025  22:24:48  PAGE 23


  X:0601H         SYMBOL        length
  -------         DO            
  X:0603H         SYMBOL        i
  -------         ENDDO         
  C:3352H         LINE#         32
  C:3363H         LINE#         35
  C:3366H         LINE#         37
  C:3369H         LINE#         38
  C:336EH         LINE#         39
  C:3373H         LINE#         42
  C:338EH         LINE#         43
  C:33A4H         LINE#         44
  C:33B4H         LINE#         46
  C:33B7H         LINE#         47
  -------         ENDPROC       _OLED_WRITEDATABULK
  -------         PROC          OLED_INIT
  C:2C08H         LINE#         50
  C:2C08H         LINE#         52
  C:2C0BH         LINE#         55
  C:2C12H         LINE#         58
  C:2C17H         LINE#         60
  C:2C1CH         LINE#         61
  C:2C21H         LINE#         63
  C:2C26H         LINE#         64
  C:2C2BH         LINE#         66
  C:2C30H         LINE#         67
  C:2C35H         LINE#         69
  C:2C3AH         LINE#         71
  C:2C3FH         LINE#         73
  C:2C44H         LINE#         75
  C:2C49H         LINE#         76
  C:2C4EH         LINE#         78
  C:2C53H         LINE#         79
  C:2C58H         LINE#         81
  C:2C5DH         LINE#         83
  C:2C62H         LINE#         85
  C:2C67H         LINE#         86
  C:2C6CH         LINE#         88
  C:2C71H         LINE#         89
  C:2C76H         LINE#         91
  C:2C7BH         LINE#         92
  C:2C80H         LINE#         94
  C:2C85H         LINE#         97
  C:2C88H         LINE#         98
  -------         ENDPROC       OLED_INIT
  -------         PROC          _OLED_SETWINDOW
  D:0007H         SYMBOL        page
  X:05FEH         SYMBOL        col_start
  X:05FFH         SYMBOL        col_end
  C:3932H         LINE#         102
  C:393AH         LINE#         103
  C:3941H         LINE#         104
  C:394BH         LINE#         105
  C:3958H         LINE#         108
  C:395FH         LINE#         109
  C:3964H         LINE#         110
  C:396CH         LINE#         111
BL51 BANKED LINKER/LOCATER V6.22.2.0                                                  12/06/2025  22:24:48  PAGE 24


  C:3974H         LINE#         112
  C:3974H         LINE#         113
  -------         ENDPROC       _OLED_SETWINDOW
  -------         PROC          OLED_CLEAR
  C:45A4H         LINE#         116
  C:45A4H         LINE#         117
  -------         ENDPROC       OLED_CLEAR
  -------         PROC          _OLED_FILL
  D:0007H         SYMBOL        pattern
  C:4530H         LINE#         121
  C:4530H         LINE#         122
  -------         ENDPROC       _OLED_FILL
  -------         PROC          OLED_UPDATE
  -------         DO            
  X:05FDH         SYMBOL        page
  -------         ENDDO         
  C:3C3EH         LINE#         126
  C:3C3EH         LINE#         129
  C:3C51H         LINE#         130
  C:3C58H         LINE#         131
  C:3C71H         LINE#         132
  C:3C79H         LINE#         133
  -------         ENDPROC       OLED_UPDATE
  -------         PROC          _OLED_UPDATEAREA
  D:0007H         SYMBOL        page_start
  X:05F7H         SYMBOL        page_end
  X:05F8H         SYMBOL        col_start
  X:05F9H         SYMBOL        col_end
  -------         DO            
  X:05FAH         SYMBOL        page
  -------         ENDDO         
  C:3050H         LINE#         136
  C:305AH         LINE#         139
  C:306BH         LINE#         141
  C:307EH         LINE#         142
  C:3089H         LINE#         143
  C:30B9H         LINE#         145
  C:30C1H         LINE#         146
  -------         ENDPROC       _OLED_UPDATEAREA
  -------         PROC          _OLED_SETPIXEL
  D:0007H         SYMBOL        x
  D:0005H         SYMBOL        y
  D:0003H         SYMBOL        state
  -------         DO            
  X:060AH         SYMBOL        page
  D:0006H         SYMBOL        _bit
  -------         ENDDO         
  C:2B81H         LINE#         149
  C:2B81H         LINE#         152
  C:2B95H         LINE#         154
  C:2B9FH         LINE#         155
  C:2BA3H         LINE#         157
  C:2BA6H         LINE#         158
  C:2BD1H         LINE#         159
  C:2BD3H         LINE#         160
  C:2C07H         LINE#         161
  C:2C07H         LINE#         162
BL51 BANKED LINKER/LOCATER V6.22.2.0                                                  12/06/2025  22:24:48  PAGE 25


  -------         ENDPROC       _OLED_SETPIXEL
  -------         PROC          _OLED_DRAWHLINE
  D:0007H         SYMBOL        x1
  D:0004H         SYMBOL        x2
  D:0001H         SYMBOL        y
  -------         DO            
  D:0002H         SYMBOL        x
  D:0006H         SYMBOL        temp
  -------         ENDDO         
  C:4218H         LINE#         165
  C:421CH         LINE#         168
  C:4221H         LINE#         169
  C:4223H         LINE#         170
  C:4225H         LINE#         171
  C:4227H         LINE#         172
  C:4227H         LINE#         174
  C:422EH         LINE#         175
  C:4237H         LINE#         176
  C:423AH         LINE#         177
  -------         ENDPROC       _OLED_DRAWHLINE
  -------         PROC          _OLED_DRAWVLINE
  D:0001H         SYMBOL        x
  D:0005H         SYMBOL        y1
  D:0004H         SYMBOL        y2
  -------         DO            
  D:0002H         SYMBOL        y
  D:0007H         SYMBOL        temp
  -------         ENDDO         
  C:4160H         LINE#         180
  C:4164H         LINE#         183
  C:4169H         LINE#         184
  C:416BH         LINE#         185
  C:416DH         LINE#         186
  C:416FH         LINE#         187
  C:416FH         LINE#         189
  C:4178H         LINE#         190
  C:4181H         LINE#         191
  C:4184H         LINE#         192
  -------         ENDPROC       _OLED_DRAWVLINE
  -------         PROC          _OLED_DRAWRECT
  X:0606H         SYMBOL        x1
  X:0607H         SYMBOL        y1
  X:0608H         SYMBOL        x2
  X:0609H         SYMBOL        y2
  C:3866H         LINE#         195
  C:3873H         LINE#         196
  C:3878H         LINE#         197
  C:3888H         LINE#         198
  C:3898H         LINE#         199
  -------         ENDPROC       _OLED_DRAWRECT
  -------         PROC          _OLED_DRAWFILLRECT
  X:06B9H         SYMBOL        x1
  D:0005H         SYMBOL        y1
  X:06BBH         SYMBOL        x2
  X:06BCH         SYMBOL        y2
  -------         DO            
  X:06BDH         SYMBOL        y
BL51 BANKED LINKER/LOCATER V6.22.2.0                                                  12/06/2025  22:24:48  PAGE 26


  -------         ENDDO         
  C:3C7AH         LINE#         203
  C:3C84H         LINE#         206
  C:3C90H         LINE#         208
  C:3C9FH         LINE#         209
  C:3CACH         LINE#         210
  C:3CB4H         LINE#         211
  -------         ENDPROC       _OLED_DRAWFILLRECT
  -------         PROC          L?0114
  -------         ENDPROC       L?0114
  -------         PROC          _OLED_PUTCHAR
  X:060EH         SYMBOL        x
  D:0005H         SYMBOL        y
  D:0003H         SYMBOL        ch
  -------         DO            
  X:060FH         SYMBOL        i
  X:0610H         SYMBOL        j
  X:0611H         SYMBOL        page
  X:0612H         SYMBOL        bit_offset
  X:0613H         SYMBOL        index
  X:0615H         SYMBOL        _data
  X:0616H         SYMBOL        buffer
  -------         ENDDO         
  C:1D84H         LINE#         214
  C:1D89H         LINE#         220
  C:1DA2H         LINE#         222
  C:1DC0H         LINE#         223
  C:1DD5H         LINE#         225
  C:1DDFH         LINE#         226
  C:1DE4H         LINE#         228
  C:1DFAH         LINE#         229
  C:1E23H         LINE#         231
  C:1E29H         LINE#         232
  C:1E5AH         LINE#         233
  C:1E5DH         LINE#         237
  C:1EA7H         LINE#         238
  C:1EB9H         LINE#         239
  C:1F07H         LINE#         240
  C:1F07H         LINE#         241
  C:1F07H         LINE#         242
  C:1F10H         LINE#         244
  C:1F17H         LINE#         245
  C:1F3AH         LINE#         246
  C:1F3BH         LINE#         247
  C:1F75H         LINE#         248
  C:1F87H         LINE#         249
  C:1FC9H         LINE#         250
  C:1FC9H         LINE#         251
  C:1FC9H         LINE#         252
  -------         ENDPROC       _OLED_PUTCHAR
  -------         PROC          _OLED_PUTSTRING
  X:0606H         SYMBOL        x
  X:0607H         SYMBOL        y
  X:0608H         SYMBOL        str
  -------         DO            
  X:060BH         SYMBOL        cursor_x
  X:060CH         SYMBOL        page
BL51 BANKED LINKER/LOCATER V6.22.2.0                                                  12/06/2025  22:24:48  PAGE 27


  X:060DH         SYMBOL        bit_offset
  -------         ENDDO         
  C:31A4H         LINE#         255
  C:31B7H         LINE#         256
  C:31BBH         LINE#         257
  C:31C9H         LINE#         258
  C:31CEH         LINE#         260
  C:31DEH         LINE#         261
  C:31EAH         LINE#         262
  C:31F1H         LINE#         265
  C:31FBH         LINE#         266
  C:3203H         LINE#         267
  C:320AH         LINE#         268
  C:3214H         LINE#         269
  C:3214H         LINE#         270
  C:3214H         LINE#         271
  -------         ENDPROC       _OLED_PUTSTRING
  -------         PROC          _OLED_PUTSTRINGPAGE
  X:06A8H         SYMBOL        x
  X:06A9H         SYMBOL        page
  X:06AAH         SYMBOL        str
  -------         DO            
  X:06ADH         SYMBOL        cursor_x
  -------         ENDDO         
  C:347BH         LINE#         274
  C:348EH         LINE#         275
  C:3492H         LINE#         277
  C:34A2H         LINE#         278
  C:34B2H         LINE#         279
  C:34B9H         LINE#         282
  C:34C3H         LINE#         283
  C:34CBH         LINE#         284
  C:34D1H         LINE#         285
  C:34DAH         LINE#         286
  C:34DAH         LINE#         287
  C:34DAH         LINE#         288
  -------         ENDPROC       _OLED_PUTSTRINGPAGE
  -------         PROC          _OLED_PUTNUMBER
  X:065CH         SYMBOL        x
  X:065DH         SYMBOL        y
  X:065EH         SYMBOL        num
  -------         DO            
  X:0662H         SYMBOL        buffer
  X:066EH         SYMBOL        ptr
  X:0671H         SYMBOL        negative
  -------         ENDDO         
  C:230AH         LINE#         291
  C:2312H         LINE#         293
  C:2323H         LINE#         294
  C:2328H         LINE#         296
  C:232BH         LINE#         298
  C:233DH         LINE#         299
  C:2345H         LINE#         300
  C:234FH         LINE#         301
  C:2366H         LINE#         302
  C:237BH         LINE#         303
  C:237BH         LINE#         305
BL51 BANKED LINKER/LOCATER V6.22.2.0                                                  12/06/2025  22:24:48  PAGE 28


  C:2394H         LINE#         306
  C:23C3H         LINE#         307
  C:23E0H         LINE#         308
  C:23E2H         LINE#         310
  C:23ECH         LINE#         311
  C:2401H         LINE#         313
  -------         ENDPROC       _OLED_PUTNUMBER
  -------         PROC          _OLED_PUTNUMBERPAGE
  D:0007H         SYMBOL        x
  D:0005H         SYMBOL        page
  X:06B0H         SYMBOL        num
  C:4185H         LINE#         317
  C:4185H         LINE#         318
  -------         ENDPROC       _OLED_PUTNUMBERPAGE
  -------         PROC          _OLED_DRAWBITMAP
  D:0001H         SYMBOL        bitmap
  C:4624H         LINE#         322
  C:4624H         LINE#         323
  -------         ENDPROC       _OLED_DRAWBITMAP
  -------         PROC          _OLED_SETCONTRAST
  X:06E8H         SYMBOL        contrast
  C:4542H         LINE#         327
  C:4547H         LINE#         328
  C:454CH         LINE#         329
  -------         ENDPROC       _OLED_SETCONTRAST
  -------         PROC          _OLED_SETDISPLAYMODE
  D:0007H         SYMBOL        mode
  C:42BFH         LINE#         333
  C:42BFH         LINE#         334
  C:42CDH         LINE#         335
  C:42CDH         LINE#         336
  C:42CFH         LINE#         337
  C:42D1H         LINE#         338
  C:42D1H         LINE#         339
  C:42D3H         LINE#         340
  C:42D5H         LINE#         341
  C:42D5H         LINE#         342
  C:42D7H         LINE#         343
  C:42D9H         LINE#         344
  C:42D9H         LINE#         345
  C:42DEH         LINE#         346
  C:42DEH         LINE#         347
  C:42DEH         LINE#         348
  -------         ENDPROC       _OLED_SETDISPLAYMODE
  -------         PROC          _OLED_DRAWBITMAPCUSTOM
  X:0689H         SYMBOL        x
  X:068AH         SYMBOL        y
  X:068BH         SYMBOL        width
  X:068CH         SYMBOL        height
  X:068DH         SYMBOL        bitmap
  -------         DO            
  X:0690H         SYMBOL        i
  X:0691H         SYMBOL        j
  X:0692H         SYMBOL        page
  X:0693H         SYMBOL        bit_offset
  X:0694H         SYMBOL        bmp_index
  -------         DO            
BL51 BANKED LINKER/LOCATER V6.22.2.0                                                  12/06/2025  22:24:48  PAGE 29


  X:0696H         SYMBOL        byte_index
  X:0697H         SYMBOL        bit_index
  X:0698H         SYMBOL        pixel
  -------         ENDDO         
  -------         ENDDO         
  C:24E6H         LINE#         351
  C:24F1H         LINE#         353
  C:24F8H         LINE#         356
  C:250CH         LINE#         358
  C:251DH         LINE#         360
  C:2529H         LINE#         361
  C:252EH         LINE#         362
  C:2563H         LINE#         365
  C:257CH         LINE#         366
  C:2584H         LINE#         369
  C:25A6H         LINE#         370
  C:25AFH         LINE#         371
  -------         ENDPROC       _OLED_DRAWBITMAPCUSTOM
  -------         ENDMOD        SSD1306

  -------         MODULE        ADC
  C:0000H         SYMBOL        _ICE_DUMMY_
  D:0080H         PUBLIC        P0
  D:0090H         PUBLIC        P1
  D:00A0H         PUBLIC        P2
  D:00B0H         PUBLIC        P3
  D:00C0H         PUBLIC        P4
  D:00C8H         PUBLIC        P5
  D:00E8H         PUBLIC        P6
  D:00F8H         PUBLIC        P7
  D:00A8H         PUBLIC        IE
  C:42FFH         PUBLIC        _ADC_Convert
  D:00BDH         PUBLIC        ADC_RES
  D:00B8H         PUBLIC        IP
  D:00DEH         PUBLIC        ADCCFG
  D:00BCH         PUBLIC        ADC_CONTR
  D:0098H         PUBLIC        SCON
  D:0088H         PUBLIC        TCON
  X:06C7H         PUBLIC        vcc
  C:3215H         PUBLIC        ADC_Init
  D:00F0H         PUBLIC        B
  D:00E0H         PUBLIC        ACC
  X:06C8H         PUBLIC        BGV
  D:00BEH         PUBLIC        ADC_RESL
  D:00D0H         PUBLIC        PSW
  -------         PROC          ADC_INIT
  C:3215H         LINE#         32
  C:3215H         LINE#         33
  C:3215H         LINE#         34
  C:3218H         LINE#         35
  C:321BH         LINE#         36
  C:3222H         LINE#         38
  C:322BH         LINE#         39
  C:322FH         LINE#         40
  C:3235H         LINE#         43
  C:323DH         LINE#         44
  C:3240H         LINE#         45
BL51 BANKED LINKER/LOCATER V6.22.2.0                                                  12/06/2025  22:24:48  PAGE 30


  C:3280H         LINE#         50
  -------         ENDPROC       ADC_INIT
  -------         PROC          _ADC_CONVERT
  D:0007H         SYMBOL        ch
  -------         DO            
  D:0006H         SYMBOL        res
  -------         ENDDO         
  C:42FFH         LINE#         57
  C:42FFH         LINE#         58
  C:42FFH         LINE#         61
  C:430AH         LINE#         62
  C:430DH         LINE#         63
  C:4312H         LINE#         64
  C:4315H         LINE#         65
  C:431DH         LINE#         67
  C:431DH         LINE#         68
  -------         ENDPROC       _ADC_CONVERT
  -------         ENDMOD        ADC

  -------         MODULE        CH224
  C:0000H         SYMBOL        _ICE_DUMMY_
  C:3CB5H         PUBLIC        _CH224_SetPPSVoltage
  D:0080H         PUBLIC        P0
  D:0090H         PUBLIC        P1
  D:00A0H         PUBLIC        P2
  D:00B0H         PUBLIC        P3
  D:00C0H         PUBLIC        P4
  D:00C8H         PUBLIC        P5
  D:00E8H         PUBLIC        P6
  D:00F8H         PUBLIC        P7
  C:4509H         PUBLIC        _CH224_SetVoltage
  C:00C6H         PUBLIC        CH224_ReadStatus
  D:00A8H         PUBLIC        IE
  C:45D1H         PUBLIC        CH224_ReadMaxCurrent
  D:00B8H         PUBLIC        IP
  C:46EEH         PUBLIC        CH224_Init
  D:0098H         PUBLIC        SCON
  D:0088H         PUBLIC        TCON
  C:4565H         PUBLIC        CH224_IsPPSMode
  D:00F0H         PUBLIC        B
  X:06EAH         PUBLIC        ch224_i2c_addr
  C:34DBH         PUBLIC        _CH224_EnablePPS
  D:00E0H         PUBLIC        ACC
  C:00CEH         PUBLIC        _CH224_RequestVoltage
  C:369CH         PUBLIC        _CH224_ReadRegister
  C:3EB1H         PUBLIC        _CH224_ReadPPSVoltage
  C:38B5H         PUBLIC        _CH224_WriteRegister
  D:00D0H         PUBLIC        PSW
  C:4554H         PUBLIC        CH224_CheckConnection
  -------         PROC          CH224_INIT
  C:46EEH         LINE#         10
  C:46EEH         LINE#         12
  -------         ENDPROC       CH224_INIT
  -------         PROC          CH224_READSTATUS
  C:00C6H         LINE#         14
  C:00C6H         LINE#         15
  -------         ENDPROC       CH224_READSTATUS
BL51 BANKED LINKER/LOCATER V6.22.2.0                                                  12/06/2025  22:24:48  PAGE 31


  -------         PROC          _CH224_SETVOLTAGE
  D:0007H         SYMBOL        voltage
  C:4509H         LINE#         18
  C:4509H         LINE#         19
  C:4513H         LINE#         20
  C:4515H         LINE#         21
  C:4515H         LINE#         22
  C:451CH         LINE#         23
  -------         ENDPROC       _CH224_SETVOLTAGE
  -------         PROC          CH224_READMAXCURRENT
  -------         DO            
  D:0007H         SYMBOL        reg_value
  -------         ENDDO         
  C:45D1H         LINE#         31
  C:45D1H         LINE#         33
  C:45D6H         LINE#         34
  -------         ENDPROC       CH224_READMAXCURRENT
  -------         PROC          _CH224_READREGISTER
  X:06DEH         SYMBOL        reg_addr
  -------         DO            
  X:06DFH         SYMBOL        _data
  -------         ENDDO         
  C:369CH         LINE#         42
  C:36A1H         LINE#         43
  C:36A5H         LINE#         54
  C:36A8H         LINE#         57
  C:36B4H         LINE#         58
  C:36B4H         LINE#         59
  C:36B6H         LINE#         60
  C:36B6H         LINE#         63
  C:36C0H         LINE#         64
  C:36C0H         LINE#         65
  C:36C2H         LINE#         66
  C:36C2H         LINE#         68
  C:36C5H         LINE#         71
  C:36D3H         LINE#         72
  C:36D6H         LINE#         73
  C:36D9H         LINE#         74
  C:36D9H         LINE#         77
  C:36E3H         LINE#         79
  C:36E6H         LINE#         81
  C:36EBH         LINE#         82
[...]
  C:008FH         LINE#         251
  C:0090H         LINE#         252
  C:0091H         LINE#         253
  C:0092H         LINE#         255
  C:0093H         LINE#         256
  C:0094H         LINE#         257
  C:0095H         LINE#         259
  C:0096H         LINE#         260
  C:0097H         LINE#         261
  C:0098H         LINE#         263
  C:009BH         LINE#         264
  C:009CH         LINE#         265
  C:009EH         LINE#         266
  C:00A0H         LINE#         267
  C:00A1H         LINE#         269
  C:00A2H         LINE#         270
  C:00A4H         LINE#         271
  C:00A5H         LINE#         275
  C:00A6H         LINE#         276
  C:00A9H         LINE#         278
  C:00ACH         LINE#         279
  C:00ADH         LINE#         280
  C:00AEH         LINE#         282
  C:00AFH         LINE#         283
  C:00B0H         LINE#         284
  C:00B1H         LINE#         286
  C:00B2H         LINE#         287
  C:00B3H         LINE#         288
  C:00B4H         LINE#         290
  C:00B5H         LINE#         291
  C:00B6H         LINE#         292
  C:00B7H         LINE#         294
  C:00B9H         LINE#         295
  C:00BBH         LINE#         297
  -------         ENDMOD        STC_MDU16

  -------         MODULE        OLED
  C:0000H         SYMBOL        _ICE_DUMMY_
  C:2EF3H         PUBLIC        _OLED_UI_SetRegionLabel
  D:0080H         PUBLIC        P0
  D:0090H         PUBLIC        P1
  D:00A0H         PUBLIC        P2
  D:00B0H         PUBLIC        P3
  D:00C0H         PUBLIC        P4
  D:00C8H         PUBLIC        P5
  C:41AAH         SYMBOL        _center_text_x
  D:00E8H         PUBLIC        P6
BL51 BANKED LINKER/LOCATER V6.22.2.0                                                  12/06/2025  22:24:48  PAGE 49


  D:00F8H         PUBLIC        P7
  C:20E4H         PUBLIC        _OLED_UI_SetRegionNumber
  D:00A8H         PUBLIC        IE
  C:267AH         SYMBOL        init_regions
  C:3E45H         PUBLIC        _OLED_UI_SetDisplayMode
  C:1714H         SYMBOL        _draw_region
  D:00B8H         PUBLIC        IP
  C:45C2H         PUBLIC        OLED_UI_Init
  C:2F68H         PUBLIC        _OLED_UI_SetRegionValue
  C:2E02H         PUBLIC        OLED_UI_DrawGrid
  D:0098H         PUBLIC        SCON
  D:0088H         PUBLIC        TCON
  D:00F0H         PUBLIC        B
  C:273DH         PUBLIC        OLED_UI_UpdateDisplay
  D:00E0H         PUBLIC        ACC
  C:3BFFH         PUBLIC        _OLED_UI_ClearRegion
  C:41F4H         PUBLIC        OLED_UI_RefreshAll
  D:00D0H         PUBLIC        PSW
  X:0400H         SYMBOL        regions
  -------         PROC          INIT_REGIONS
  -------         DO            
  D:0007H         SYMBOL        region_width
  D:0006H         SYMBOL        region_height
  D:0005H         SYMBOL        i
  D:0001H         SYMBOL        col
  D:0004H         SYMBOL        row
  -------         ENDDO         
  C:267AH         LINE#         12
  C:267AH         LINE#         16
  C:267CH         LINE#         17
  C:267EH         LINE#         19
  C:268DH         LINE#         20
  C:2694H         LINE#         21
  C:269AH         LINE#         23
  C:26ABH         LINE#         24
  C:26BCH         LINE#         25
  C:26CEH         LINE#         26
  C:26E0H         LINE#         29
  C:26F7H         LINE#         30
  C:270EH         LINE#         33
  C:2723H         LINE#         34
  C:2738H         LINE#         35
  C:273CH         LINE#         36
  -------         ENDPROC       INIT_REGIONS
  -------         PROC          _CENTER_TEXT_X
  D:0004H         SYMBOL        col_start
  D:0005H         SYMBOL        col_end
  D:0003H         SYMBOL        text_len
  -------         DO            
  D:0007H         SYMBOL        region_width
  D:0006H         SYMBOL        text_width
  -------         ENDDO         
  C:41AAH         LINE#         39
  C:41ACH         LINE#         42
  C:41B1H         LINE#         43
  C:41B8H         LINE#         44
  C:41BFH         LINE#         45
BL51 BANKED LINKER/LOCATER V6.22.2.0                                                  12/06/2025  22:24:48  PAGE 50


  C:41CEH         LINE#         46
  -------         ENDPROC       _CENTER_TEXT_X
  -------         PROC          _DRAW_REGION
  D:0007H         SYMBOL        region_idx
  -------         DO            
  X:05F6H         SYMBOL        region
  X:05F9H         SYMBOL        display_text
  X:05FCH         SYMBOL        text_width_pixels
  X:05FDH         SYMBOL        center_x
  X:05FEH         SYMBOL        center_y
  X:05FFH         SYMBOL        label_x
  X:0600H         SYMBOL        label_y
  X:0601H         SYMBOL        value_x
  X:0602H         SYMBOL        value_y
  X:0603H         SYMBOL        x
  X:0604H         SYMBOL        y
  X:0605H         SYMBOL        border_x1
  D:0006H         SYMBOL        border_y1
  D:0004H         SYMBOL        border_x2
  D:0002H         SYMBOL        border_y2
  -------         ENDDO         
  C:1714H         LINE#         49
  C:1714H         LINE#         53
  C:1729H         LINE#         55
  C:1743H         LINE#         57
  C:1780H         LINE#         59
  C:17C0H         LINE#         61
  C:17D6H         LINE#         62
  C:17E0H         LINE#         63
  C:17E0H         LINE#         64
  C:17E8H         LINE#         65
  C:17F1H         LINE#         66
  C:1808H         LINE#         67
  C:1810H         LINE#         68
  C:1818H         LINE#         69
  C:1827H         LINE#         73
  C:1838H         LINE#         76
  C:1879H         LINE#         77
  C:18B0H         LINE#         78
  C:18B8H         LINE#         79
  C:18C0H         LINE#         80
  C:18C8H         LINE#         82
  C:18CDH         LINE#         83
  C:18D8H         LINE#         85
  C:18EFH         LINE#         86
  C:18EFH         LINE#         87
  C:18F2H         LINE#         88
  C:18F4H         LINE#         89
  C:18F4H         LINE#         90
  C:190DH         LINE#         91
  C:190DH         LINE#         92
  C:190DH         LINE#         94
  C:190DH         LINE#         95
  C:190DH         LINE#         96
  C:190DH         LINE#         97
  C:190DH         LINE#         99
  C:1932H         LINE#         100
BL51 BANKED LINKER/LOCATER V6.22.2.0                                                  12/06/2025  22:24:48  PAGE 51


  C:194BH         LINE#         101
  C:1962H         LINE#         102
  C:1981H         LINE#         104
  C:199EH         LINE#         105
  C:19AEH         LINE#         106
  C:19AEH         LINE#         107
  C:19AEH         LINE#         110
  C:19C4H         LINE#         112
  C:19D0H         LINE#         113
  C:19E9H         LINE#         114
  C:1A00H         LINE#         115
  C:1A1FH         LINE#         116
  C:1A2CH         LINE#         117
  C:1A2FH         LINE#         118
  C:1A2FH         LINE#         119
  C:1A2FH         LINE#         122
  C:1A4BH         LINE#         123
  C:1A69H         LINE#         124
  C:1A80H         LINE#         125
  C:1A9FH         LINE#         126
  C:1AB5H         LINE#         127
  C:1ABFH         LINE#         128
  C:1ABFH         LINE#         129
  C:1ABFH         LINE#         130
  C:1ABFH         LINE#         132
  -------         ENDPROC       _DRAW_REGION
  -------         PROC          OLED_UI_INIT
  C:45C2H         LINE#         136
  C:45C2H         LINE#         137
  C:45C5H         LINE#         138
  C:45C8H         LINE#         140
  C:45CBH         LINE#         141
  C:45CEH         LINE#         142
  -------         ENDPROC       OLED_UI_INIT
  -------         PROC          OLED_UI_DRAWGRID
  -------         DO            
  X:05F5H         SYMBOL        i
  X:05F6H         SYMBOL        border_x1
  X:05F7H         SYMBOL        border_y1
  X:05F8H         SYMBOL        border_x2
  X:05F9H         SYMBOL        border_y2
  X:05FAH         SYMBOL        region
  -------         ENDDO         
  C:2E02H         LINE#         146
  C:2E02H         LINE#         150
  C:2E14H         LINE#         151
  C:2E2EH         LINE#         152
  C:2E3BH         LINE#         153
  C:2E47H         LINE#         154
  C:2E53H         LINE#         155
  C:2E5FH         LINE#         157
  C:2E70H         LINE#         158
  C:2E78H         LINE#         159
  -------         ENDPROC       OLED_UI_DRAWGRID
  -------         PROC          OLED_UI_UPDATEDISPLAY
  -------         DO            
  X:05F5H         SYMBOL        i
BL51 BANKED LINKER/LOCATER V6.22.2.0                                                  12/06/2025  22:24:48  PAGE 52


  D:0005H         SYMBOL        page_start
  D:0006H         SYMBOL        page_end
  D:0003H         SYMBOL        col_start
  D:0004H         SYMBOL        col_end
  -------         ENDDO         
  C:273DH         LINE#         163
  C:273DH         LINE#         166
  C:2753H         LINE#         167
  C:2765H         LINE#         168
  C:2768H         LINE#         169
  C:2783H         LINE#         170
  C:27ABH         LINE#         171
  C:27C1H         LINE#         172
  C:27D6H         LINE#         173
  C:27E1H         LINE#         174
  C:27E1H         LINE#         175
  C:27EAH         LINE#         176
  -------         ENDPROC       OLED_UI_UPDATEDISPLAY
  -------         PROC          _OLED_UI_SETREGIONLABEL
  X:05F5H         SYMBOL        region
  X:05F6H         SYMBOL        label
  C:2EF3H         LINE#         179
  C:2F03H         LINE#         180
  C:2F0CH         LINE#         182
  C:2F40H         LINE#         183
  C:2F55H         LINE#         184
  C:2F67H         LINE#         185
  -------         ENDPROC       _OLED_UI_SETREGIONLABEL
  -------         PROC          _OLED_UI_SETREGIONVALUE
  X:05F5H         SYMBOL        region
  X:05F6H         SYMBOL        value
  C:2F68H         LINE#         188
  C:2F78H         LINE#         189
  C:2F81H         LINE#         190
  C:2FB5H         LINE#         191
  C:2FCAH         LINE#         192
  C:2FDCH         LINE#         193
  -------         ENDPROC       _OLED_UI_SETREGIONVALUE
  -------         PROC          _OLED_UI_SETREGIONNUMBER
  X:0673H         SYMBOL        region
  X:0674H         SYMBOL        value
  -------         DO            
  X:0678H         SYMBOL        buffer
  X:0684H         SYMBOL        ptr
  X:0687H         SYMBOL        negative
  -------         ENDDO         
  C:20E4H         LINE#         196
  C:20E9H         LINE#         201
  C:20F5H         LINE#         203
  C:2106H         LINE#         204
  C:210AH         LINE#         206
  C:2110H         LINE#         207
  C:2122H         LINE#         208
  C:212AH         LINE#         209
  C:2134H         LINE#         210
  C:214BH         LINE#         211
  C:2160H         LINE#         212
BL51 BANKED LINKER/LOCATER V6.22.2.0                                                  12/06/2025  22:24:48  PAGE 53


  C:2160H         LINE#         214
  C:2179H         LINE#         215
  C:21A8H         LINE#         216
  C:21C5H         LINE#         217
  C:21C7H         LINE#         219
  C:21D1H         LINE#         220
  C:21E6H         LINE#         221
  C:21E6H         LINE#         223
  C:21F9H         LINE#         224
  -------         ENDPROC       _OLED_UI_SETREGIONNUMBER
  -------         PROC          _OLED_UI_SETDISPLAYMODE
  D:0007H         SYMBOL        region
  D:0005H         SYMBOL        mode
  C:3E45H         LINE#         227
  C:3E45H         LINE#         228
  C:3E58H         LINE#         230
  C:3E69H         LINE#         231
  C:3E7BH         LINE#         232
  -------         ENDPROC       _OLED_UI_SETDISPLAYMODE
  -------         PROC          _OLED_UI_CLEARREGION
  D:0007H         SYMBOL        region
  C:3BFFH         LINE#         235
  C:3BFFH         LINE#         236
  C:3C09H         LINE#         238
  C:3C1AH         LINE#         239
  C:3C2BH         LINE#         240
  C:3C3DH         LINE#         241
  -------         ENDPROC       _OLED_UI_CLEARREGION
  -------         PROC          OLED_UI_REFRESHALL
  -------         DO            
  D:0007H         SYMBOL        i
  -------         ENDDO         
  C:41F4H         LINE#         244
  C:41F4H         LINE#         247
  C:4200H         LINE#         248
  C:4212H         LINE#         249
  C:4215H         LINE#         250
  -------         ENDPROC       OLED_UI_REFRESHALL
  -------         ENDMOD        OLED

  -------         MODULE        EG2104
  C:0000H         SYMBOL        _ICE_DUMMY_
  C:46E8H         PUBLIC        EG2104_Enable
  D:0080H         PUBLIC        P0
  D:0090H         PUBLIC        P1
  D:00A0H         PUBLIC        P2
  D:00B0H         PUBLIC        P3
  D:00C0H         PUBLIC        P4
  D:00C8H         PUBLIC        P5
  D:00E8H         PUBLIC        P6
  D:00F8H         PUBLIC        P7
  C:41CFH         PUBLIC        _EG2104_SetDuty
  D:00A8H         PUBLIC        IE
  D:00B8H         PUBLIC        IP
  D:0098H         PUBLIC        SCON
  D:0088H         PUBLIC        TCON
  B:0090H.5       PUBLIC        P15
BL51 BANKED LINKER/LOCATER V6.22.2.0                                                  12/06/2025  22:24:48  PAGE 54


  D:00F0H         PUBLIC        B
  D:00E0H         PUBLIC        ACC
  C:4609H         PUBLIC        EG2104_Init
  C:46EBH         PUBLIC        EG2104_Disable
  D:00D0H         PUBLIC        PSW
  -------         PROC          EG2104_INIT
  C:4609H         LINE#         9
  C:4609H         LINE#         10
  C:460CH         LINE#         11
  -------         ENDPROC       EG2104_INIT
  -------         PROC          EG2104_ENABLE
  C:46E8H         LINE#         14
  C:46E8H         LINE#         15
  C:46EAH         LINE#         16
  -------         ENDPROC       EG2104_ENABLE
  -------         PROC          EG2104_DISABLE
  C:46EBH         LINE#         18
  C:46EBH         LINE#         19
  C:46EDH         LINE#         20
  -------         ENDPROC       EG2104_DISABLE
  -------         PROC          _EG2104_SETDUTY
  X:06D3H         SYMBOL        value
  C:41CFH         LINE#         22
  C:41D5H         LINE#         23
  -------         ENDPROC       _EG2104_SETDUTY
  -------         ENDMOD        EG2104

  -------         MODULE        ?C?FPADD
  C:012DH         PUBLIC        ?C?FPADD
  C:0129H         PUBLIC        ?C?FPSUB
  -------         ENDMOD        ?C?FPADD

  -------         MODULE        ?C?FPMUL
  C:021EH         PUBLIC        ?C?FPMUL
  -------         ENDMOD        ?C?FPMUL

  -------         MODULE        ?C?FPDIV
  C:0327H         PUBLIC        ?C?FPDIV
  -------         ENDMOD        ?C?FPDIV

  -------         MODULE        ?C?FPCMP
  C:03C6H         PUBLIC        ?C?FPCMP
  C:03C4H         PUBLIC        ?C?FPCMP3
  -------         ENDMOD        ?C?FPCMP

  -------         MODULE        ?C?FCAST
  C:0447H         PUBLIC        ?C?FCASTC
  C:0442H         PUBLIC        ?C?FCASTI
  C:043DH         PUBLIC        ?C?FCASTL
  -------         ENDMOD        ?C?FCAST

  -------         MODULE        ?C?CASTF
  C:047BH         PUBLIC        ?C?CASTF
  -------         ENDMOD        ?C?CASTF

  -------         MODULE        VSPRINTF
  X:05F3H         PUBLIC        ?_VSPRINTF?BYTE
BL51 BANKED LINKER/LOCATER V6.22.2.0                                                  12/06/2025  22:24:48  PAGE 55


  C:381CH         PUBLIC        _VSPRINTF
  -------         ENDMOD        VSPRINTF

  -------         MODULE        PRINTF
  X:05FCH         PUBLIC        ?_PRINTF?BYTE
  X:05FCH         PUBLIC        ?_SPRINTF?BYTE
  C:12FCH         PUBLIC        _PRINTF
  C:12F6H         PUBLIC        _SPRINTF
  -------         ENDMOD        PRINTF

  -------         MODULE        ?C?FPROUND
  C:04FCH         PUBLIC        ?C?FPROUND
  -------         ENDMOD        ?C?FPROUND

  -------         MODULE        ?C?FPCONVERT
  C:0539H         PUBLIC        ?C?FPCONVERT
  -------         ENDMOD        ?C?FPCONVERT

  -------         MODULE        ?C?FTNPWR
  C:066EH         PUBLIC        ?C?FTNPWR
  -------         ENDMOD        ?C?FTNPWR

  -------         MODULE        ?C?COPY
  C:077EH         PUBLIC        ?C?COPY
  -------         ENDMOD        ?C?COPY

  -------         MODULE        ?C?CLDPTR
  C:07A4H         PUBLIC        ?C?CLDPTR
  -------         ENDMOD        ?C?CLDPTR

  -------         MODULE        ?C?CLDOPTR
  C:07BDH         PUBLIC        ?C?CLDOPTR
  -------         ENDMOD        ?C?CLDOPTR

  -------         MODULE        ?C?CSTPTR
  C:07EAH         PUBLIC        ?C?CSTPTR
  -------         ENDMOD        ?C?CSTPTR

  -------         MODULE        ?C?CSTOPTR
  C:07FCH         PUBLIC        ?C?CSTOPTR
  -------         ENDMOD        ?C?CSTOPTR

  -------         MODULE        ?C?IMUL
  C:081EH         PUBLIC        ?C?IMUL
  -------         ENDMOD        ?C?IMUL

  -------         MODULE        ?C?IILDX
  C:0830H         PUBLIC        ?C?IILDX
  -------         ENDMOD        ?C?IILDX

  -------         MODULE        ?C?ILDIX
  C:0846H         PUBLIC        ?C?ILDIX
  -------         ENDMOD        ?C?ILDIX

  -------         MODULE        ?C?ILDPTR
  C:085CH         PUBLIC        ?C?ILDPTR
  -------         ENDMOD        ?C?ILDPTR
BL51 BANKED LINKER/LOCATER V6.22.2.0                                                  12/06/2025  22:24:48  PAGE 56



  -------         MODULE        ?C?ISTPTR
  C:0887H         PUBLIC        ?C?ISTPTR
  -------         ENDMOD        ?C?ISTPTR

  -------         MODULE        ?C?LMUL
  C:08A6H         PUBLIC        ?C?LMUL
  -------         ENDMOD        ?C?LMUL

  -------         MODULE        ?C?SLDIV
  C:38EEH         PUBLIC        ?C?SLDIV
  -------         ENDMOD        ?C?SLDIV

  -------         MODULE        ?C?LNEG
  C:08F5H         PUBLIC        ?C?LNEG
  -------         ENDMOD        ?C?LNEG

  -------         MODULE        ?C?SLCMP
  C:0903H         PUBLIC        ?C?SLCMP
  -------         ENDMOD        ?C?SLCMP

  -------         MODULE        ?C?LSTXDATA
  C:0919H         PUBLIC        ?C?LSTXDATA
  -------         ENDMOD        ?C?LSTXDATA

  -------         MODULE        ?C?LSTKXDATA
  C:0925H         PUBLIC        ?C?LSTKXDATA
  -------         ENDMOD        ?C?LSTKXDATA

  -------         MODULE        ?C?OFFXADD
  C:0956H         PUBLIC        ?C?OFFXADD
  -------         ENDMOD        ?C?OFFXADD

  -------         MODULE        ?C?PLDIXDATA
  C:0962H         PUBLIC        ?C?PLDIXDATA
  -------         ENDMOD        ?C?PLDIXDATA

  -------         MODULE        ?C?PSTXDATA
  C:0979H         PUBLIC        ?C?PSTXDATA
  -------         ENDMOD        ?C?PSTXDATA

  -------         MODULE        ?C?CCASE
  C:0982H         PUBLIC        ?C?CCASE
  -------         ENDMOD        ?C?CCASE

  -------         MODULE        ?C?ICASE
  C:09A8H         PUBLIC        ?C?ICASE
  -------         ENDMOD        ?C?ICASE

  -------         MODULE        ?C?ICALL
  C:09D5H         PUBLIC        ?C?ICALL
  C:09D9H         PUBLIC        ?C?ICALL2
  -------         ENDMOD        ?C?ICALL

  -------         MODULE        PUTCHAR
  C:4139H         PUBLIC        _PUTCHAR
  -------         ENDMOD        PUTCHAR
BL51 BANKED LINKER/LOCATER V6.22.2.0                                                  12/06/2025  22:24:48  PAGE 57



  -------         MODULE        STRNCPY
  X:05F9H         PUBLIC        ?_strncpy?BYTE
  C:32EAH         PUBLIC        _strncpy
  -------         ENDMOD        STRNCPY

  -------         MODULE        STRLEN
  C:44F4H         PUBLIC        _STRLEN
  -------         ENDMOD        STRLEN

  -------         MODULE        ?C?MEMSET
  C:09DBH         PUBLIC        ?C?MEMSET
  -------         ENDMOD        ?C?MEMSET

  -------         MODULE        ?C?ULDIV
  C:0A43H         PUBLIC        ?C?ULDIV
  -------         ENDMOD        ?C?ULDIV

Program Size: data=15.6 xdata=1771 code=18163
LINK/LOCATE RUN COMPLETE.  0 WARNING(S),  0 ERROR(S)
