BL51 BANKED LINKER/LOCATER V6.22.2.0                                                    12/07/2025  22:23:09  PAGE 1


BL51 BANKED LINKER/LOCATER V6.22.2.0, INVOKED BY:
C:\KEIL_V5\C51\BIN\BL51.EXE .\Objects\main.obj, .\Objects\battery.obj, .\Objects\pd.obj, .\Objects\solar.obj, .\Objects\
>> dcdc.obj, .\Objects\screen.obj, .\Objects\ssd1306.obj, .\Objects\adc.obj, .\Objects\ch224.obj, .\Objects\clock.obj, .
>> \Objects\i2c.obj, .\Objects\iap.obj, .\Objects\mathlib.obj, .\Objects\port.obj, .\Objects\pwm.obj, .\Objects\rtc.obj,
>>  .\Objects\timer.obj, .\Objects\uart.obj, .\Objects\usblib.obj, .\Sources\lib\stc_usb_cdc_8h_xdata_bl51.lib, .\Source
>> s\lib\stc8_mdu16.lib, .\Objects\oled.obj, .\Objects\eg2104.obj TO .\Objects\stc_mppt PRINT (.\Listings\stc_mppt.m51) 
>> RAMSIZE (256) DISABLEWARNING (16)


MEMORY MODEL: LARGE WITH FLOATING POINT ARITHMETIC


INPUT MODULES INCLUDED:
  .\Objects\main.obj (MAIN)
  .\Objects\battery.obj (BATTERY)
  .\Objects\pd.obj (PD)
  .\Objects\solar.obj (SOLAR)
  .\Objects\dcdc.obj (DCDC)
  .\Objects\screen.obj (SCREEN)
  .\Objects\ssd1306.obj (SSD1306)
  .\Objects\adc.obj (ADC)
  .\Objects\ch224.obj (CH224)
  .\Objects\clock.obj (CLOCK)
  .\Objects\i2c.obj (I2C)
  .\Objects\iap.obj (IAP)
  .\Objects\mathlib.obj (MATHLIB)
  .\Objects\port.obj (PORT)
  .\Objects\pwm.obj (PWM)
  .\Objects\rtc.obj (RTC)
  .\Objects\timer.obj (TIMER)
  .\Objects\uart.obj (UART)
  .\Objects\usblib.obj (USBLIB)
  .\Sources\lib\stc_usb_cdc_8h_xdata_bl51.lib (USB)
  .\Sources\lib\stc_usb_cdc_8h_xdata_bl51.lib (USB_REQ_CLASS)
  .\Sources\lib\stc_usb_cdc_8h_xdata_bl51.lib (USB_REQ_STD)
  .\Sources\lib\stc_usb_cdc_8h_xdata_bl51.lib (USB_REQ_VENDOR)
  .\Sources\lib\stc_usb_cdc_8h_xdata_bl51.lib (UTIL)
  .\Sources\lib\stc_usb_cdc_8h_xdata_bl51.lib (USB_DESC)
  .\Sources\lib\stc8_mdu16.lib (STC_MDU16)
  .\Objects\oled.obj (OLED)
  .\Objects\eg2104.obj (EG2104)
  C:\KEIL_V5\C51\LIB\C51FPL.LIB (?C?FPADD)
  C:\KEIL_V5\C51\LIB\C51FPL.LIB (?C?FPMUL)
  C:\KEIL_V5\C51\LIB\C51FPL.LIB (?C?FPDIV)
  C:\KEIL_V5\C51\LIB\C51FPL.LIB (?C?FPCMP)
  C:\KEIL_V5\C51\LIB\C51FPL.LIB (?C?FCAST)
  C:\KEIL_V5\C51\LIB\C51FPL.LIB (?C?CASTF)
  C:\KEIL_V5\C51\LIB\C51FPL.LIB (PRINTF)
  C:\KEIL_V5\C51\LIB\C51FPL.LIB (VSPRINTF)
  C:\KEIL_V5\C51\LIB\C51FPL.LIB (?C?FPGETOPN)
  C:\KEIL_V5\C51\LIB\C51FPL.LIB (?C?FPROUND)
  C:\KEIL_V5\C51\LIB\C51FPL.LIB (?C?FPCONVERT)
  C:\KEIL_V5\C51\LIB\C51FPL.LIB (?C?FTNPWR)
  C:\KEIL_V5\C51\LIB\C51L.LIB (?C_STARTUP)
  C:\KEIL_V5\C51\LIB\C51L.LIB (?C?COPY)
  C:\KEIL_V5\C51\LIB\C51L.LIB (?C?CLDPTR)
  C:\KEIL_V5\C51\LIB\C51L.LIB (?C?CLDOPTR)
  C:\KEIL_V5\C51\LIB\C51L.LIB (?C?CSTPTR)
BL51 BANKED LINKER/LOCATER V6.22.2.0                                                  12/07/2025  22:23:09  PAGE 2


  C:\KEIL_V5\C51\LIB\C51L.LIB (?C?CSTOPTR)
  C:\KEIL_V5\C51\LIB\C51L.LIB (?C?IMUL)
  C:\KEIL_V5\C51\LIB\C51L.LIB (?C?IILDX)
  C:\KEIL_V5\C51\LIB\C51L.LIB (?C?ILDIX)
  C:\KEIL_V5\C51\LIB\C51L.LIB (?C?ISTPTR)
  C:\KEIL_V5\C51\LIB\C51L.LIB (?C?SLDIV)
  C:\KEIL_V5\C51\LIB\C51L.LIB (?C?LNEG)
  C:\KEIL_V5\C51\LIB\C51L.LIB (?C?SLCMP)
  C:\KEIL_V5\C51\LIB\C51L.LIB (?C?LSTXDATA)
  C:\KEIL_V5\C51\LIB\C51L.LIB (?C?LSTKXDATA)
  C:\KEIL_V5\C51\LIB\C51L.LIB (?C?OFFXADD)
  C:\KEIL_V5\C51\LIB\C51L.LIB (?C?PLDIXDATA)
  C:\KEIL_V5\C51\LIB\C51L.LIB (?C?PSTXDATA)
  C:\KEIL_V5\C51\LIB\C51L.LIB (?C?CCASE)
  C:\KEIL_V5\C51\LIB\C51L.LIB (?C?ICASE)
  C:\KEIL_V5\C51\LIB\C51L.LIB (?C?ICALL)
  C:\KEIL_V5\C51\LIB\C51L.LIB (PUTCHAR)
  C:\KEIL_V5\C51\LIB\C51L.LIB (STRNCPY)
  C:\KEIL_V5\C51\LIB\C51L.LIB (STRLEN)
  C:\KEIL_V5\C51\LIB\C51L.LIB (?C?MEMSET)
  C:\KEIL_V5\C51\LIB\C51L.LIB (?C_INIT)
  C:\KEIL_V5\C51\LIB\C51L.LIB (?C?ULDIV)


LINK MAP OF MODULE:  .\Objects\stc_mppt (MAIN)


            TYPE    BASE      LENGTH    RELOCATION   SEGMENT NAME
            -----------------------------------------------------

            * * * * * * *   D A T A   M E M O R Y   * * * * * * *
            REG     0000H     0008H     ABSOLUTE     "REG BANK 0"
            DATA    0008H     0005H     UNIT         _DATA_GROUP_
                    000DH     0013H                  *** GAP ***
            BIT     0020H.0   0001H.1   UNIT         _BIT_GROUP_
            BIT     0021H.1   0000H.3   UNIT         ?BI?USB
            BIT     0021H.4   0000H.1   UNIT         ?BI?I2C
                    0021H.5   0000H.3                *** GAP ***
            IDATA   0022H     0001H     UNIT         ?STACK

            * * * * * * *  X D A T A   M E M O R Y  * * * * * * *
            XDATA   0000H     0400H     UNIT         ?XD?SSD1306
            XDATA   0400H     010EH     UNIT         ?XD?OLED
            XDATA   050EH     00DCH     UNIT         ?XD?USB
            XDATA   05EAH     0047H     UNIT         _XDATA_GROUP_
            XDATA   0631H     0030H     UNIT         ?XD?_PRINTF_USB?UTIL
            XDATA   0661H     001CH     UNIT         ?XD?DCDC
            XDATA   067DH     0017H     UNIT         ?XD?_SSD1306_PUTNUMBER?SSD1306
            XDATA   0694H     0016H     UNIT         ?XD?_OLED_UI_SETREGIONNUMBER?OLED
            XDATA   06AAH     000EH     UNIT         ?XD?_SSD1306_DRAWBITMAPCUSTOM?SSD1306
            XDATA   06B8H     0008H     UNIT         ?XD?_REVERSE4?UTIL
            XDATA   06C0H     0007H     UNIT         ?XD?USB_REQ_CLASS
            XDATA   06C7H     0006H     UNIT         ?XD?_SSD1306_PUTSTRINGPAGE?SSD1306
            XDATA   06CDH     0006H     UNIT         ?XD?_SSD1306_PUTNUMBERPAGE?SSD1306
            XDATA   06D3H     0005H     UNIT         ?XD?_SSD1306_DRAWFILLRECT?SSD1306
            XDATA   06D8H     0005H     UNIT         ?XD?ADC
            XDATA   06DDH     0005H     UNIT         ?XD?_IAP_PROGRAMBYTE?IAP
BL51 BANKED LINKER/LOCATER V6.22.2.0                                                  12/07/2025  22:23:09  PAGE 3


            XDATA   06E2H     0004H     UNIT         ?XD?MAIN
            XDATA   06E6H     0004H     UNIT         ?XD?_IAP_ERASESECTOR?IAP
            XDATA   06EAH     0004H     UNIT         ?XD?_IAP_READBYTE?IAP
            XDATA   06EEH     0003H     UNIT         ?XD?_CH224_READPPSVOLTAGE?CH224
            XDATA   06F1H     0002H     UNIT         ?XD?_PD_SETREQUESTVOLTAGE?PD
            XDATA   06F3H     0002H     UNIT         ?XD?PD
            XDATA   06F5H     0002H     UNIT         ?XD?_CH224_WRITEREGISTER?CH224
            XDATA   06F7H     0002H     UNIT         ?XD?_CH224_ENABLEPPS?CH224
            XDATA   06F9H     0002H     UNIT         ?XD?_PWM_READCAPTURE?PWM
            XDATA   06FBH     0001H     UNIT         ?XD?SCREEN
            XDATA   06FCH     0001H     UNIT         ?XD?_SSD1306_WRITEDATA?SSD1306
            XDATA   06FDH     0001H     UNIT         ?XD?_SSD1306_SETCONTRAST?SSD1306
            XDATA   06FEH     0001H     UNIT         ?XD?_CH224_REQUESTVOLTAGE?CH224
            XDATA   06FFH     0001H     UNIT         ?XD?CH224

            * * * * * * *   C O D E   M E M O R Y   * * * * * * *
            CODE    0000H     0003H     ABSOLUTE     
            CODE    0003H     0008H     UNIT         ?CO?OLED
            CODE    000BH     0003H     ABSOLUTE     
            CODE    000EH     000DH     UNIT         ?PR?PD_GETMAXAVAILABLECURRENT?PD
            CODE    001BH     0003H     ABSOLUTE     
            CODE    001EH     00A4H     UNIT         ?PR?USB_ISR?USB
            CODE    00C2H     0001H     UNIT         ?PR?CH224_INIT?CH224
            CODE    00C3H     0003H     ABSOLUTE     
            CODE    00C6H     0005H     UNIT         ?PR?CH224_READSTATUS?CH224
            CODE    00CBH     0003H     ABSOLUTE     
            CODE    00CEH     0054H     UNIT         ?PR?_CH224_REQUESTVOLTAGE?CH224
            CODE    0122H     0001H     UNIT         ?PR?MATHLIB_INIT?MATHLIB
            CODE    0123H     0003H     ABSOLUTE     
            CODE    0126H     0935H     UNIT         ?C?LIB_CODE
            CODE    0A5BH     07BCH     UNIT         ?CO?SSD1306
            CODE    1217H     0483H     UNIT         ?PR?PRINTF?PRINTF
            CODE    169AH     02DEH     UNIT         ?PR?_SSD1306_PUTCHAR?SSD1306
            CODE    1978H     02C4H     UNIT         ?PR?_DRAW_REGION?OLED
            CODE    1C3CH     02A2H     UNIT         ?PR?_PWM_UPDATEDUTY?PWM
            CODE    1EDEH     0290H     UNIT         ?PR?SCREEN_UPDATE?SCREEN
            CODE    216EH     011AH     UNIT         ?PR?USB_GET_STATUS?USB_REQ_STD
            CODE    2288H     0116H     UNIT         ?PR?_OLED_UI_SETREGIONNUMBER?OLED
            CODE    239EH     0110H     UNIT         ?PR?USB_OUT_EP1?USB
            CODE    24AEH     010DH     UNIT         ?PR?_SSD1306_PUTNUMBER?SSD1306
            CODE    25BBH     00E2H     UNIT         ?PR?DCDC_UPDATE_MPPT?DCDC
            CODE    269DH     00CFH     UNIT         ?PR?_USB_SENDDATA?USB
            CODE    276CH     00CAH     UNIT         ?PR?_SSD1306_DRAWBITMAPCUSTOM?SSD1306
            CODE    2836H     00CAH     UNIT         ?PR?USB_GET_DESCRIPTOR?USB_REQ_STD
            CODE    2900H     00C3H     UNIT         ?PR?INIT_REGIONS?OLED
            CODE    29C3H     00AEH     UNIT         ?PR?STC_MDU16
            CODE    2A71H     009EH     UNIT         ?PR?USB_CLEAR_FEATURE?USB_REQ_STD
            CODE    2B0FH     009DH     UNIT         ?PR?USB_SET_CONFIGURATION?USB_REQ_STD
            CODE    2BACH     009CH     UNIT         ?PR?USB_SET_FEATURE?USB_REQ_STD
            CODE    2C48H     0096H     UNIT         ?PR?_OLED_UI_UPDATEDISPLAY?OLED
            CODE    2CDEH     008FH     UNIT         ?PR?USB_INIT?USB
            CODE    2D6DH     008CH     UNIT         ?C_C51STARTUP
            CODE    2DF9H     0087H     UNIT         ?PR?_SSD1306_SETPIXEL?SSD1306
            CODE    2E80H     0083H     UNIT         ?PR?SSD1306_INIT?SSD1306
            CODE    2F03H     0083H     UNIT         ?CO?USB_DESC
            CODE    2F86H     007BH     UNIT         ?PR?PWMA_INIT?PWM
            CODE    3001H     0079H     UNIT         ?PR?PWMB_INIT?PWM
BL51 BANKED LINKER/LOCATER V6.22.2.0                                                  12/07/2025  22:23:09  PAGE 4


            CODE    307AH     0079H     UNIT         ?PR?OLED_UI_DRAWGRID?OLED
            CODE    30F3H     0078H     UNIT         ?PR?USB_SETUP?USB
            CODE    316BH     0075H     UNIT         ?PR?_OLED_UI_SETREGIONLABEL?OLED
            CODE    31E0H     0075H     UNIT         ?PR?_OLED_UI_SETREGIONVALUE?OLED
            CODE    3255H     0074H     UNIT         ?PR?_DCDC_SETMODE?DCDC
            CODE    32C9H     0073H     UNIT         ?PR?USB_CTRL_IN?USB
            CODE    333CH     0072H     UNIT         ?PR?PD_GETPROTOCOLTYPE?PD
            CODE    33AEH     0072H     UNIT         ?PR?_SSD1306_UPDATEAREA?SSD1306
            CODE    3420H     0071H     UNIT         ?PR?_SSD1306_PUTSTRING?SSD1306
            CODE    3491H     0070H     UNIT         ?C_INITSEG
            CODE    3501H     0069H     UNIT         ?PR?_PRINTF_USB?UTIL
            CODE    356AH     0068H     UNIT         ?PR?_STRNCPY?STRNCPY
            CODE    35D2H     0066H     UNIT         ?PR?SCREEN_INIT?SCREEN
            CODE    3638H     0066H     UNIT         ?PR?_SSD1306_WRITEDATABULK?SSD1306
            CODE    369EH     0063H     UNIT         ?PR?_PWM_READCAPTURE?PWM
            CODE    3701H     0060H     UNIT         ?PR?_DCDC_SETDUTY?DCDC
            CODE    3761H     0060H     UNIT         ?PR?_SSD1306_PUTSTRINGPAGE?SSD1306
            CODE    37C1H     005EH     UNIT         ?PR?_CH224_ENABLEPPS?CH224
            CODE    381FH     005CH     UNIT         ?PR?USB_REQ_STD?USB_REQ_STD
            CODE    387BH     005CH     UNIT         ?PR?USB_GET_CONFIGURATION?USB_REQ_STD
            CODE    38D7H     005AH     UNIT         ?PR?SYS_INIT?MAIN
            CODE    3931H     0059H     UNIT         ?CO?SCREEN
            CODE    398AH     0056H     UNIT         ?PR?DCDC_UPDATE_NORMAL?DCDC
            CODE    39E0H     0051H     UNIT         ?PR?USB_SET_ADDRESS?USB_REQ_STD
            CODE    3A31H     0050H     UNIT         ?PR?_CH224_READREGISTER?CH224
            CODE    3A81H     004FH     UNIT         ?PR?USB_CTRL_OUT?USB
            CODE    3AD0H     004AH     UNIT         ?PR?DCDC_INCDUTY?DCDC
            CODE    3B1AH     004AH     UNIT         ?PR?DCDC_DECDUTY?DCDC
            CODE    3B64H     004AH     UNIT         ?PR?_VSPRINTF?VSPRINTF
            CODE    3BAEH     0044H     UNIT         ?PR?BAT_GETVOLTAGE?BATTERY
            CODE    3BF2H     0044H     UNIT         ?PR?PD_GETACTUALVOLTAGE?PD
            CODE    3C36H     0044H     UNIT         ?PR?SOLAR_GETVOLTAGE?SOLAR
            CODE    3C7AH     0044H     UNIT         ?PR?DCDC_GETINPUTVOLTAGE?DCDC
            CODE    3CBEH     0044H     UNIT         ?PR?_SSD1306_DRAWRECT?SSD1306
            CODE    3D02H     0044H     UNIT         ?PR?_CH224_WRITEREGISTER?CH224
            CODE    3D46H     0044H     UNIT         ?C?LDIV
            CODE    3D8AH     0043H     UNIT         ?PR?BAT_GETCURRENT?BATTERY
            CODE    3DCDH     0043H     UNIT         ?PR?DCDC_GETINPUTCURRENT?DCDC
            CODE    3E10H     0043H     UNIT         ?PR?_SSD1306_SETWINDOW?SSD1306
            CODE    3E53H     0043H     UNIT         ?PR?USB_RESET?USB
            CODE    3E96H     0042H     UNIT         ?PR?RTC_INIT?RTC
            CODE    3ED8H     0041H     UNIT         ?PR?USB_GET_INTERFACE?USB_REQ_STD
            CODE    3F19H     0040H     UNIT         ?PR?PORT1_INIT?PORT
            CODE    3F59H     003FH     UNIT         ?PR?_OLED_UI_CLEARREGION?OLED
            CODE    3F98H     003CH     UNIT         ?PR?SSD1306_UPDATE?SSD1306
            CODE    3FD4H     003BH     UNIT         ?PR?_SSD1306_DRAWFILLRECT?SSD1306
            CODE    400FH     003AH     UNIT         ?PR?_CH224_SETPPSVOLTAGE?CH224
            CODE    4049H     003AH     UNIT         ?PR?PORT2_INIT?PORT
            CODE    4083H     003AH     UNIT         ?PR?_USB_READ_FIFO?USB
            CODE    40BDH     0039H     UNIT         ?PR?DCDC_INIT?DCDC
            CODE    40F6H     0039H     UNIT         ?PR?CLK_INIT?CLOCK
            CODE    412FH     0038H     UNIT         ?PR?PORT3_INIT?PORT
            CODE    4167H     0038H     UNIT         ?PR?USB_IN_EP1?USB
            CODE    419FH     0037H     UNIT         ?PR?DCDC_UPDATE?DCDC
            CODE    41D6H     0037H     UNIT         ?PR?_OLED_UI_SETDISPLAYMODE?OLED
            CODE    420DH     0036H     UNIT         ?PR?ADC_INIT?ADC
            CODE    4243H     0034H     UNIT         ?PR?_CH224_READPPSVOLTAGE?CH224
BL51 BANKED LINKER/LOCATER V6.22.2.0                                                  12/07/2025  22:23:09  PAGE 5


            CODE    4277H     0033H     UNIT         ?PR?USB_SET_LINE_CODING?USB_REQ_CLASS
            CODE    42AAH     0033H     UNIT         ?PR?USB_GET_LINE_CODING?USB_REQ_CLASS
            CODE    42DDH     0033H     UNIT         ?PR?_REVERSE4?UTIL
            CODE    4310H     0032H     UNIT         ?PR?PORT0_INIT?PORT
            CODE    4342H     0031H     UNIT         ?CO?PD
            CODE    4373H     0031H     UNIT         ?PR?OLED_UI_REFRESHALL?OLED
            CODE    43A4H     0030H     UNIT         ?PR?I2C_MASTERREADBYTE?I2C
            CODE    43D4H     002FH     UNIT         ?PR?_IAP_PROGRAMBYTE?IAP
            CODE    4403H     002CH     UNIT         ?PR?_IAP_READBYTE?IAP
            CODE    442FH     002AH     UNIT         ?PR?MAIN?MAIN
            CODE    4459H     002AH     UNIT         ?PR?I2C_INIT?I2C
            CODE    4483H     002AH     UNIT         ?PR?_IAP_ERASESECTOR?IAP
            CODE    44ADH     0029H     UNIT         ?PR?_USB_BULK_INTR_IN?USB
            CODE    44D6H     0029H     UNIT         ?PR?USB_SET_INTERFACE?USB_REQ_STD
            CODE    44FFH     0027H     UNIT         ?PR?PUTCHAR?PUTCHAR
            CODE    4526H     0025H     UNIT         ?PR?_SSD1306_DRAWVLINE?SSD1306
            CODE    454BH     0025H     UNIT         ?PR?_SSD1306_PUTNUMBERPAGE?SSD1306
            CODE    4570H     0025H     UNIT         ?PR?_CENTER_TEXT_X?OLED
            CODE    4595H     0025H     UNIT         ?PR?_EG2104_SETDUTY?EG2104
            CODE    45BAH     0023H     UNIT         ?PR?_SSD1306_DRAWHLINE?SSD1306
            CODE    45DDH     0022H     UNIT         ?PR?_USB_WRITE_FIFO?USB
            CODE    45FFH     0021H     UNIT         ?PR?TIMER0_INIT?TIMER
            CODE    4620H     0021H     UNIT         ?PR?TIMER1_INIT?TIMER
            CODE    4641H     0020H     UNIT         ?PR?_PD_SETREQUESTVOLTAGE?PD
            CODE    4661H     0020H     UNIT         ?PR?_SSD1306_SETDISPLAYMODE?SSD1306
            CODE    4681H     0020H     UNIT         ?PR?_USB_WRITE_REG?USB
            CODE    46A1H     001FH     UNIT         ?PR?DCDC_GETMODESTRING?DCDC
            CODE    46C0H     001FH     UNIT         ?PR?_ADC_CONVERT?ADC
            CODE    46DFH     001FH     UNIT         ?PR?_SLEEP_US?UTIL
            CODE    46FEH     001EH     UNIT         ?PR?USB_IN_EP2?USB
            CODE    471CH     001DH     UNIT         ?PR?_SSD1306_WRITECOMMAND?SSD1306
            CODE    4739H     001DH     UNIT         ?PR?_SSD1306_WRITEDATA?SSD1306
            CODE    4756H     001DH     UNIT         ?PR?_I2C_MASTERSENDBYTE?I2C
            CODE    4773H     001CH     UNIT         ?PR?USB_REQ_CLASS?USB_REQ_CLASS
            CODE    478FH     001CH     UNIT         ?PR?_REVERSE2?UTIL
            CODE    47ABH     001BH     UNIT         ?PR?TIMER1_ISR?TIMER
            CODE    47C6H     001BH     UNIT         ?PR?USBLIB_INIT?USBLIB
            CODE    47E1H     001BH     UNIT         ?PR?_USB_READ_REG?USB
            CODE    47FCH     001AH     UNIT         ?PR?I2C_ISR?I2C
            CODE    4816H     0018H     UNIT         ?PR?_DELAY_US?MAIN
            CODE    482EH     0018H     UNIT         ?PR?RTC_ISR?RTC
            CODE    4846H     0018H     UNIT         ?PR?_SLEEP_MS?UTIL
            CODE    485EH     0017H     UNIT         ?PR?_DELAY_MS?MAIN
            CODE    4875H     0016H     UNIT         ?PR?USB_OUT_DONE?USB
            CODE    488BH     0016H     UNIT         ?PR?USB_SET_CTRL_LINE_STATE?USB_REQ_CLASS
            CODE    48A1H     0015H     UNIT         ?PR?TIMER2_INIT?TIMER
            CODE    48B6H     0015H     UNIT         ?PR?_STRLEN?STRLEN
            CODE    48CBH     0014H     UNIT         ?CO?DCDC
            CODE    48DFH     0014H     UNIT         ?PR?_CH224_SETVOLTAGE?CH224
            CODE    48F3H     0013H     UNIT         ?PR?_USB_BULK_INTR_OUT?USB
            CODE    4906H     0012H     UNIT         ?PR?_SSD1306_FILL?SSD1306
            CODE    4918H     0012H     UNIT         ?PR?_SSD1306_SETCONTRAST?SSD1306
            CODE    492AH     0011H     UNIT         ?PR?CH224_CHECKCONNECTION?CH224
            CODE    493BH     0010H     UNIT         ?PR?CH224_ISPPSMODE?CH224
            CODE    494BH     0010H     UNIT         ?PR?USBLIB_OUT_CALLBACK?USBLIB
            CODE    495BH     0010H     UNIT         ?PR?USB_SETUP_IN?USB
            CODE    496BH     000FH     UNIT         ?PR?DCDC_GETDUTY?DCDC
BL51 BANKED LINKER/LOCATER V6.22.2.0                                                  12/07/2025  22:23:09  PAGE 6


            CODE    497AH     000FH     UNIT         ?PR?SSD1306_CLEAR?SSD1306
            CODE    4989H     000FH     UNIT         ?PR?UART2_INIT?UART
            CODE    4998H     000FH     UNIT         ?PR?OLED_UI_INIT?OLED
            CODE    49A7H     000EH     UNIT         ?PR?CH224_READMAXCURRENT?CH224
            CODE    49B5H     000EH     UNIT         ?PR?I2C_MASTERSTART?I2C
            CODE    49C3H     000EH     UNIT         ?PR?I2C_MASTERSTOP?I2C
            CODE    49D1H     000EH     UNIT         ?PR?USBLIB_WAITCONFIGED?USBLIB
            CODE    49DFH     000EH     UNIT         ?PR?EG2104_INIT?EG2104
            CODE    49EDH     000DH     UNIT         ?PR?_SSD1306_DRAWBITMAP?SSD1306
            CODE    49FAH     000DH     UNIT         ?PR?USB_SETUP_STALL?USB
            CODE    4A07H     000DH     UNIT         ?PR?USB_SETUP_OUT?USB
            CODE    4A14H     000DH     UNIT         ?PR?_USB_IN?USB
            CODE    4A21H     000CH     UNIT         ?PR?USB_SETUP_STATUS?USB
            CODE    4A2DH     000CH     UNIT         ?PR?_SET_USB_OUT_CALLBACK?USB
            CODE    4A39H     000CH     UNIT         ?PR?_SET_USB_IN_CALLBACK?USB
            CODE    4A45H     000CH     UNIT         ?PR?_SET_USB_ISPCMD?USB
            CODE    4A51H     0009H     UNIT         ?PR?PD_GETREQUESTVOLTAGE?PD
            CODE    4A5AH     0009H     UNIT         ?PR?_DCDC_SETINPUTCURRENTLIMIT?DCDC
            CODE    4A63H     0009H     UNIT         ?PR?_DCDC_SETOUTPUTVOLTAGELIMIT?DCDC
            CODE    4A6CH     0009H     UNIT         ?PR?_DCDC_SETOUTPUTCURRENTLIMIT?DCDC
            CODE    4A75H     0009H     UNIT         ?PR?DCDC_GETINPUTCURRENTLIMIT?DCDC
            CODE    4A7EH     0009H     UNIT         ?PR?DCDC_GETOUTPUTVOLTAGELIMIT?DCDC
            CODE    4A87H     0009H     UNIT         ?PR?DCDC_GETOUTPUTCURRENTLIMIT?DCDC
            CODE    4A90H     0009H     UNIT         ?CO?USBLIB
            CODE    4A99H     0009H     UNIT         ?CO?USB
            CODE    4AA2H     0007H     UNIT         ?PR?I2C_MASTERWAIT?I2C
            CODE    4AA9H     0007H     UNIT         ?PR?IAP_INIT?IAP
            CODE    4AB0H     0006H     UNIT         ?PR?PD_INIT?PD
            CODE    4AB6H     0006H     UNIT         ?PR?SOLAR_INIT?SOLAR
            CODE    4ABCH     0006H     UNIT         ?PR?DCDC_ENABLE?DCDC
            CODE    4AC2H     0006H     UNIT         ?PR?DCDC_DISABLE?DCDC
            CODE    4AC8H     0006H     UNIT         ?PR?DCDC_GETMODE?DCDC
            CODE    4ACEH     0003H     UNIT         ?PR?BAT_INIT?BATTERY
            CODE    4AD1H     0003H     UNIT         ?PR?BAT_ENABLEOUTPUT?BATTERY
            CODE    4AD4H     0003H     UNIT         ?PR?BAT_DISABLEOUTPUT?BATTERY
            CODE    4AD7H     0003H     UNIT         ?PR?PD_IS_CONNECTING?PD
            CODE    4ADAH     0003H     UNIT         ?PR?PD_ENABLEINPUT?PD
            CODE    4ADDH     0003H     UNIT         ?PR?PD_DISABLEINPUT?PD
            CODE    4AE0H     0003H     UNIT         ?PR?SOLAR_ENABLEINPUT?SOLAR
            CODE    4AE3H     0003H     UNIT         ?PR?SOLAR_DISABLEINPUT?SOLAR
            CODE    4AE6H     0003H     UNIT         ?PR?USB_SET_DESCRIPTOR?USB_REQ_STD
            CODE    4AE9H     0003H     UNIT         ?PR?USB_SYNCH_FRAME?USB_REQ_STD
            CODE    4AECH     0003H     UNIT         ?PR?USB_REQ_VENDOR?USB_REQ_VENDOR
            CODE    4AEFH     0003H     UNIT         ?PR?EG2104_ENABLE?EG2104
            CODE    4AF2H     0003H     UNIT         ?PR?EG2104_DISABLE?EG2104
            CODE    4AF5H     0001H     UNIT         ?PR?TIMER0_ISR?TIMER
            CODE    4AF6H     0001H     UNIT         ?PR?USB_RESUME?USB
            CODE    4AF7H     0001H     UNIT         ?PR?USB_SUSPEND?USB



OVERLAY MAP OF MODULE:   .\Objects\stc_mppt (MAIN)


SEGMENT                                             BIT_GROUP          DATA_GROUP          XDATA_GROUP
  +--> CALLED SEGMENT                            START    LENGTH     START    LENGTH     START    LENGTH
--------------------------------------------------------------------------------------------------------
BL51 BANKED LINKER/LOCATER V6.22.2.0                                                  12/07/2025  22:23:09  PAGE 7


?PR?USB_ISR?USB                                  -----    -----      -----    -----      05EAH    0004H
  +--> ?PR?_USB_READ_REG?USB
  +--> ?PR?USB_RESUME?USB
  +--> ?PR?USB_RESET?USB
  +--> ?PR?USB_SETUP?USB
  +--> ?PR?USB_IN_EP1?USB
  +--> ?PR?USB_IN_EP2?USB
  +--> ?PR?USB_OUT_EP1?USB
  +--> ?PR?USB_SUSPEND?USB

?PR?_USB_READ_REG?USB                            -----    -----      -----    -----      -----    -----
  +--> ?PR?_USB_WRITE_REG?USB

?PR?USB_RESET?USB                                -----    -----      -----    -----      -----    -----
  +--> ?PR?_USB_WRITE_REG?USB

?PR?USB_SETUP?USB                                -----    -----      -----    -----      -----    -----
  +--> ?PR?_USB_READ_REG?USB
  +--> ?PR?_USB_WRITE_REG?USB
  +--> ?PR?_USB_READ_FIFO?USB
  +--> ?PR?_REVERSE2?UTIL
  +--> ?PR?USB_REQ_STD?USB_REQ_STD
  +--> ?PR?USB_REQ_CLASS?USB_REQ_CLASS
  +--> ?PR?USB_REQ_VENDOR?USB_REQ_VENDOR
  +--> ?PR?USB_SETUP_STALL?USB
  +--> ?PR?USB_CTRL_IN?USB
  +--> ?PR?USB_CTRL_OUT?USB

?PR?_USB_READ_FIFO?USB                           -----    -----      -----    -----      05EFH    0003H
  +--> ?PR?_USB_READ_REG?USB

?PR?_REVERSE2?UTIL                               -----    -----      -----    -----      05EEH    0004H

?PR?USB_REQ_STD?USB_REQ_STD                      -----    -----      -----    -----      -----    -----
  +--> ?PR?USB_GET_STATUS?USB_REQ_STD
  +--> ?PR?USB_CLEAR_FEATURE?USB_REQ_STD
  +--> ?PR?USB_SET_FEATURE?USB_REQ_STD
  +--> ?PR?USB_SET_ADDRESS?USB_REQ_STD
  +--> ?PR?USB_GET_DESCRIPTOR?USB_REQ_STD
  +--> ?PR?USB_SET_DESCRIPTOR?USB_REQ_STD
  +--> ?PR?USB_GET_CONFIGURATION?USB_REQ_STD
  +--> ?PR?USB_SET_CONFIGURATION?USB_REQ_STD
  +--> ?PR?USB_GET_INTERFACE?USB_REQ_STD
  +--> ?PR?USB_SET_INTERFACE?USB_REQ_STD
  +--> ?PR?USB_SYNCH_FRAME?USB_REQ_STD
  +--> ?PR?USB_SETUP_STALL?USB

?PR?USB_GET_STATUS?USB_REQ_STD                   -----    -----      -----    -----      05EEH    0001H
  +--> ?CO?USB_DESC
  +--> ?PR?USB_SETUP_STALL?USB
  +--> ?PR?USB_SETUP_IN?USB

?PR?USB_SETUP_STALL?USB                          -----    -----      -----    -----      -----    -----
  +--> ?PR?_USB_WRITE_REG?USB

?PR?USB_SETUP_IN?USB                             -----    -----      -----    -----      -----    -----
  +--> ?PR?_USB_WRITE_REG?USB
BL51 BANKED LINKER/LOCATER V6.22.2.0                                                  12/07/2025  22:23:09  PAGE 8


  +--> ?PR?USB_CTRL_IN?USB

?PR?USB_CTRL_IN?USB                              -----    -----      -----    -----      05EFH    0001H
  +--> ?PR?_USB_READ_REG?USB
  +--> ?PR?_USB_WRITE_FIFO?USB
  +--> ?PR?_USB_WRITE_REG?USB

?PR?_USB_WRITE_FIFO?USB                          -----    -----      -----    -----      05F0H    0005H
  +--> ?PR?_USB_WRITE_REG?USB

?PR?USB_CLEAR_FEATURE?USB_REQ_STD                -----    -----      -----    -----      05EEH    0001H
  +--> ?PR?_USB_WRITE_REG?USB
  +--> ?PR?USB_SETUP_STALL?USB
  +--> ?PR?USB_SETUP_STATUS?USB

?PR?USB_SETUP_STATUS?USB                         -----    -----      -----    -----      -----    -----
  +--> ?PR?_USB_WRITE_REG?USB

?PR?USB_SET_FEATURE?USB_REQ_STD                  -----    -----      -----    -----      05EEH    0001H
  +--> ?PR?_USB_WRITE_REG?USB
  +--> ?PR?USB_SETUP_STALL?USB
  +--> ?PR?USB_SETUP_STATUS?USB

?PR?USB_SET_ADDRESS?USB_REQ_STD                  -----    -----      -----    -----      05EEH    0001H
  +--> ?PR?USB_SETUP_STALL?USB
  +--> ?PR?_USB_WRITE_REG?USB
  +--> ?PR?USB_SETUP_STATUS?USB

?PR?USB_GET_DESCRIPTOR?USB_REQ_STD               -----    -----      -----    -----      -----    -----
  +--> ?CO?USB_DESC
  +--> ?PR?USB_SETUP_STALL?USB
  +--> ?PR?USB_SETUP_IN?USB

?PR?USB_SET_DESCRIPTOR?USB_REQ_STD               -----    -----      -----    -----      -----    -----
  +--> ?PR?USB_SETUP_STALL?USB

?PR?USB_GET_CONFIGURATION?USB_REQ_STD            -----    -----      -----    -----      -----    -----
  +--> ?PR?USB_SETUP_STALL?USB
  +--> ?CO?USB_DESC
  +--> ?PR?USB_SETUP_IN?USB

?PR?USB_SET_CONFIGURATION?USB_REQ_STD            -----    -----      -----    -----      -----    -----
  +--> ?PR?USB_SETUP_STALL?USB
  +--> ?PR?_USB_WRITE_REG?USB
  +--> ?PR?USB_SETUP_STATUS?USB

?PR?USB_GET_INTERFACE?USB_REQ_STD                -----    -----      -----    -----      -----    -----
  +--> ?PR?USB_SETUP_STALL?USB
  +--> ?CO?USB_DESC
  +--> ?PR?USB_SETUP_IN?USB

?PR?USB_SET_INTERFACE?USB_REQ_STD                -----    -----      -----    -----      -----    -----
  +--> ?PR?USB_SETUP_STALL?USB
  +--> ?PR?USB_SETUP_STATUS?USB

?PR?USB_SYNCH_FRAME?USB_REQ_STD                  -----    -----      -----    -----      -----    -----
  +--> ?PR?USB_SETUP_STALL?USB
BL51 BANKED LINKER/LOCATER V6.22.2.0                                                  12/07/2025  22:23:09  PAGE 9



?PR?USB_REQ_CLASS?USB_REQ_CLASS                  -----    -----      -----    -----      -----    -----
  +--> ?PR?USB_SET_LINE_CODING?USB_REQ_CLASS
  +--> ?PR?USB_GET_LINE_CODING?USB_REQ_CLASS
  +--> ?PR?USB_SET_CTRL_LINE_STATE?USB_REQ_C...
  +--> ?PR?USB_SETUP_STALL?USB

?PR?USB_SET_LINE_CODING?USB_REQ_CLASS            -----    -----      -----    -----      -----    -----
  +--> ?PR?USB_SETUP_STALL?USB
  +--> ?PR?USB_SETUP_OUT?USB

?PR?USB_SETUP_OUT?USB                            -----    -----      -----    -----      -----    -----
  +--> ?PR?_USB_WRITE_REG?USB

?PR?USB_GET_LINE_CODING?USB_REQ_CLASS            -----    -----      -----    -----      -----    -----
  +--> ?PR?USB_SETUP_STALL?USB
  +--> ?PR?USB_SETUP_IN?USB

?PR?USB_SET_CTRL_LINE_STATE?USB_REQ_C...         -----    -----      -----    -----      -----    -----
  +--> ?PR?USB_SETUP_STALL?USB
  +--> ?PR?USB_SETUP_STATUS?USB

?PR?USB_REQ_VENDOR?USB_REQ_VENDOR                -----    -----      -----    -----      -----    -----
  +--> ?PR?USB_SETUP_STALL?USB

?PR?USB_CTRL_OUT?USB                             -----    -----      -----    -----      -----    -----
  +--> ?PR?_USB_READ_REG?USB
  +--> ?PR?_USB_READ_FIFO?USB
  +--> ?PR?_USB_WRITE_REG?USB

?PR?USB_IN_EP1?USB                               -----    -----      -----    -----      -----    -----
  +--> ?PR?_USB_READ_REG?USB
  +--> ?PR?_USB_WRITE_REG?USB

?PR?USB_IN_EP2?USB                               -----    -----      -----    -----      -----    -----
  +--> ?PR?_USB_READ_REG?USB
  +--> ?PR?_USB_WRITE_REG?USB

?PR?USB_OUT_EP1?USB                              -----    -----      -----    -----      05EEH    0001H
  +--> ?PR?_USB_WRITE_REG?USB
  +--> ?PR?_USB_READ_REG?USB
  +--> ?PR?_USB_READ_FIFO?USB
  +--> ?PR?_SLEEP_MS?UTIL

?PR?_SLEEP_MS?UTIL                               -----    -----      -----    -----      -----    -----
  +--> ?PR?_SLEEP_US?UTIL

*** NEW ROOT ***************************************************

?C_C51STARTUP                                    -----    -----      -----    -----      -----    -----
  +--> ?PR?MAIN?MAIN
  +--> ?C_INITSEG

?PR?MAIN?MAIN                                    -----    -----      -----    -----      -----    -----
  +--> ?PR?SYS_INIT?MAIN
  +--> ?PR?SCREEN_INIT?SCREEN
  +--> ?PR?DCDC_INIT?DCDC
BL51 BANKED LINKER/LOCATER V6.22.2.0                                                  12/07/2025  22:23:09  PAGE 10


  +--> ?PR?DCDC_UPDATE?DCDC
  +--> ?PR?SCREEN_UPDATE?SCREEN

?PR?SYS_INIT?MAIN                                -----    -----      -----    -----      -----    -----
  +--> ?PR?CLK_INIT?CLOCK
  +--> ?PR?IAP_INIT?IAP
  +--> ?PR?PORT0_INIT?PORT
  +--> ?PR?PORT1_INIT?PORT
  +--> ?PR?PORT2_INIT?PORT
  +--> ?PR?PORT3_INIT?PORT
  +--> ?PR?TIMER1_INIT?TIMER
  +--> ?PR?TIMER2_INIT?TIMER
  +--> ?PR?UART2_INIT?UART
  +--> ?PR?ADC_INIT?ADC
  +--> ?PR?I2C_INIT?I2C
  +--> ?PR?RTC_INIT?RTC
  +--> ?PR?PWMA_INIT?PWM
  +--> ?PR?PWMB_INIT?PWM
  +--> ?PR?_DELAY_MS?MAIN
  +--> ?PR?USBLIB_INIT?USBLIB
  +--> ?PR?MATHLIB_INIT?MATHLIB

?PR?PWMA_INIT?PWM                                -----    -----      -----    -----      -----    -----
  +--> ?PR?_PWM_UPDATEDUTY?PWM

?PR?_PWM_UPDATEDUTY?PWM                          -----    -----      -----    -----      0601H    000AH

?PR?PWMB_INIT?PWM                                -----    -----      -----    -----      -----    -----
  +--> ?PR?_PWM_UPDATEDUTY?PWM

?PR?USBLIB_INIT?USBLIB                           -----    -----      -----    -----      -----    -----
  +--> ?PR?USB_INIT?USB
  +--> ?PR?USBLIB_OUT_CALLBACK?USBLIB
  +--> ?PR?_SET_USB_OUT_CALLBACK?USB
  +--> ?CO?USBLIB
  +--> ?PR?_SET_USB_ISPCMD?USB

?PR?USB_INIT?USB                                 -----    -----      -----    -----      05F5H    0001H
  +--> ?PR?_USB_WRITE_REG?USB
  +--> ?PR?_VSPRINTF?VSPRINTF

?PR?_VSPRINTF?VSPRINTF                           -----    -----      -----    -----      05F6H    0006H
  +--> ?PR?PRINTF?PRINTF

?PR?PRINTF?PRINTF                                0020H.0  0001H.1    0008H    0005H      0601H    0030H
  +--> ?PR?PUTCHAR?PUTCHAR

?PR?USBLIB_OUT_CALLBACK?USBLIB                   -----    -----      -----    -----      -----    -----
  +--> ?PR?_USB_SENDDATA?USB

?PR?_USB_SENDDATA?USB                            -----    -----      -----    -----      05F5H    000AH
  +--> ?PR?_USB_READ_REG?USB
  +--> ?PR?_SLEEP_US?UTIL
  +--> ?PR?_USB_WRITE_REG?USB
  +--> ?PR?_USB_BULK_INTR_IN?USB

?PR?_USB_BULK_INTR_IN?USB                        -----    -----      -----    -----      05FFH    0005H
BL51 BANKED LINKER/LOCATER V6.22.2.0                                                  12/07/2025  22:23:09  PAGE 11


  +--> ?PR?_USB_WRITE_REG?USB

?PR?SCREEN_INIT?SCREEN                           -----    -----      -----    -----      -----    -----
  +--> ?PR?OLED_UI_INIT?OLED
  +--> ?CO?SCREEN
  +--> ?PR?_OLED_UI_SETREGIONLABEL?OLED

?PR?OLED_UI_INIT?OLED                            -----    -----      -----    -----      -----    -----
  +--> ?PR?SSD1306_INIT?SSD1306
  +--> ?PR?SSD1306_CLEAR?SSD1306
  +--> ?PR?INIT_REGIONS?OLED
  +--> ?PR?OLED_UI_DRAWGRID?OLED
  +--> ?PR?OLED_UI_REFRESHALL?OLED

?PR?SSD1306_INIT?SSD1306                         -----    -----      -----    -----      -----    -----
  +--> ?PR?I2C_INIT?I2C
  +--> ?PR?_DELAY_MS?MAIN
  +--> ?PR?_SSD1306_WRITECOMMAND?SSD1306
  +--> ?PR?SSD1306_CLEAR?SSD1306
  +--> ?PR?SSD1306_UPDATE?SSD1306

?PR?_SSD1306_WRITECOMMAND?SSD1306                -----    -----      -----    -----      060DH    0001H
  +--> ?PR?I2C_MASTERSTART?I2C
  +--> ?PR?_I2C_MASTERSENDBYTE?I2C
  +--> ?PR?I2C_MASTERSTOP?I2C

?PR?I2C_MASTERSTART?I2C                          -----    -----      -----    -----      -----    -----
  +--> ?PR?I2C_MASTERWAIT?I2C

?PR?_I2C_MASTERSENDBYTE?I2C                      -----    -----      -----    -----      -----    -----
  +--> ?PR?I2C_MASTERWAIT?I2C

?PR?I2C_MASTERSTOP?I2C                           -----    -----      -----    -----      -----    -----
  +--> ?PR?I2C_MASTERWAIT?I2C

?PR?SSD1306_UPDATE?SSD1306                       -----    -----      -----    -----      05FDH    0001H
  +--> ?PR?_SSD1306_SETWINDOW?SSD1306
  +--> ?PR?_SSD1306_WRITEDATABULK?SSD1306

?PR?_SSD1306_SETWINDOW?SSD1306                   -----    -----      -----    -----      060BH    0002H
  +--> ?PR?_SSD1306_WRITECOMMAND?SSD1306

?PR?_SSD1306_WRITEDATABULK?SSD1306               -----    -----      -----    -----      060BH    0007H
  +--> ?PR?I2C_MASTERSTART?I2C
  +--> ?PR?_I2C_MASTERSENDBYTE?I2C
  +--> ?PR?I2C_MASTERSTOP?I2C

?PR?OLED_UI_DRAWGRID?OLED                        -----    -----      -----    -----      05F5H    0008H
  +--> ?PR?_SSD1306_DRAWRECT?SSD1306
  +--> ?PR?SSD1306_UPDATE?SSD1306

?PR?_SSD1306_DRAWRECT?SSD1306                    -----    -----      -----    -----      0616H    0004H
  +--> ?PR?_SSD1306_DRAWHLINE?SSD1306
  +--> ?PR?_SSD1306_DRAWVLINE?SSD1306

?PR?_SSD1306_DRAWHLINE?SSD1306                   -----    -----      -----    -----      -----    -----
  +--> ?PR?_SSD1306_SETPIXEL?SSD1306
BL51 BANKED LINKER/LOCATER V6.22.2.0                                                  12/07/2025  22:23:09  PAGE 12



?PR?_SSD1306_SETPIXEL?SSD1306                    -----    -----      -----    -----      061AH    0001H

?PR?_SSD1306_DRAWVLINE?SSD1306                   -----    -----      -----    -----      -----    -----
  +--> ?PR?_SSD1306_SETPIXEL?SSD1306

?PR?OLED_UI_REFRESHALL?OLED                      -----    -----      -----    -----      05F5H    0001H
  +--> ?PR?_OLED_UI_UPDATEDISPLAY?OLED

?PR?_OLED_UI_UPDATEDISPLAY?OLED                  -----    -----      -----    -----      0601H    0005H
  +--> ?PR?_DRAW_REGION?OLED
  +--> ?PR?_SSD1306_UPDATEAREA?SSD1306

?PR?_DRAW_REGION?OLED                            -----    -----      -----    -----      0606H    0010H
  +--> ?PR?_SSD1306_DRAWRECT?SSD1306
  +--> ?PR?_STRLEN?STRLEN
  +--> ?CO?OLED
  +--> ?PR?_SSD1306_PUTSTRING?SSD1306

?PR?_SSD1306_PUTSTRING?SSD1306                   -----    -----      -----    -----      0616H    0008H
  +--> ?PR?_SSD1306_PUTCHAR?SSD1306

?PR?_SSD1306_PUTCHAR?SSD1306                     -----    -----      -----    -----      061EH    0009H
  +--> ?CO?SSD1306

?PR?_SSD1306_UPDATEAREA?SSD1306                  -----    -----      -----    -----      0606H    0005H
  +--> ?PR?_SSD1306_SETWINDOW?SSD1306
  +--> ?PR?_SSD1306_WRITEDATABULK?SSD1306

?PR?_OLED_UI_SETREGIONLABEL?OLED                 -----    -----      -----    -----      0601H    0004H
  +--> ?PR?_STRNCPY?STRNCPY

?PR?_STRNCPY?STRNCPY                             -----    -----      -----    -----      0605H    000AH

?PR?DCDC_INIT?DCDC                               -----    -----      -----    -----      -----    -----
  +--> ?PR?EG2104_INIT?EG2104
  +--> ?PR?BAT_INIT?BATTERY
  +--> ?PR?SOLAR_INIT?SOLAR
  +--> ?PR?DCDC_ENABLE?DCDC

?PR?EG2104_INIT?EG2104                           -----    -----      -----    -----      -----    -----
  +--> ?PR?EG2104_DISABLE?EG2104
  +--> ?PR?_EG2104_SETDUTY?EG2104

?PR?_EG2104_SETDUTY?EG2104                       -----    -----      -----    -----      05FDH    0004H
  +--> ?PR?_PWM_UPDATEDUTY?PWM

?PR?SOLAR_INIT?SOLAR                             -----    -----      -----    -----      -----    -----
  +--> ?PR?SOLAR_DISABLEINPUT?SOLAR

?PR?DCDC_ENABLE?DCDC                             -----    -----      -----    -----      -----    -----
  +--> ?PR?BAT_ENABLEOUTPUT?BATTERY
  +--> ?PR?EG2104_ENABLE?EG2104

?PR?DCDC_UPDATE?DCDC                             -----    -----      -----    -----      -----    -----
  +--> ?PR?PD_GETACTUALVOLTAGE?PD
  +--> ?PR?SOLAR_GETVOLTAGE?SOLAR
BL51 BANKED LINKER/LOCATER V6.22.2.0                                                  12/07/2025  22:23:09  PAGE 13


  +--> ?PR?_DCDC_SETMODE?DCDC

?PR?PD_GETACTUALVOLTAGE?PD                       -----    -----      -----    -----      -----    -----
  +--> ?PR?_ADC_CONVERT?ADC

?PR?SOLAR_GETVOLTAGE?SOLAR                       -----    -----      -----    -----      -----    -----
  +--> ?PR?_ADC_CONVERT?ADC

?PR?_DCDC_SETMODE?DCDC                           -----    -----      -----    -----      05F5H    0001H
  +--> ?PR?BAT_DISABLEOUTPUT?BATTERY
  +--> ?PR?DCDC_DISABLE?DCDC
  +--> ?PR?SOLAR_DISABLEINPUT?SOLAR
  +--> ?PR?SOLAR_ENABLEINPUT?SOLAR
  +--> ?PR?_DCDC_SETDUTY?DCDC
  +--> ?PR?DCDC_ENABLE?DCDC
  +--> ?PR?BAT_ENABLEOUTPUT?BATTERY

?PR?DCDC_DISABLE?DCDC                            -----    -----      -----    -----      -----    -----
  +--> ?PR?BAT_DISABLEOUTPUT?BATTERY
  +--> ?PR?EG2104_DISABLE?EG2104

?PR?_DCDC_SETDUTY?DCDC                           -----    -----      -----    -----      05F6H    0004H
  +--> ?PR?_EG2104_SETDUTY?EG2104

?PR?SCREEN_UPDATE?SCREEN                         -----    -----      -----    -----      05F5H    000CH
  +--> ?PR?PD_GETPROTOCOLTYPE?PD
  +--> ?PR?_OLED_UI_SETREGIONLABEL?OLED
  +--> ?PR?PD_GETACTUALVOLTAGE?PD
  +--> ?CO?SCREEN
  +--> ?PR?PRINTF?PRINTF
  +--> ?PR?SOLAR_GETVOLTAGE?SOLAR
  +--> ?PR?BAT_GETVOLTAGE?BATTERY
  +--> ?PR?DCDC_GETINPUTCURRENT?DCDC
  +--> ?PR?DCDC_GETMODE?DCDC
  +--> ?PR?BAT_GETCURRENT?BATTERY
  +--> ?PR?DCDC_GETINPUTVOLTAGE?DCDC
  +--> ?PR?DCDC_GETDUTY?DCDC
  +--> ?PR?_OLED_UI_SETREGIONVALUE?OLED
  +--> ?PR?_OLED_UI_UPDATEDISPLAY?OLED

?PR?PD_GETPROTOCOLTYPE?PD                        -----    -----      -----    -----      0601H    0001H
  +--> ?PR?_CH224_READREGISTER?CH224
  +--> ?PR?CH224_READSTATUS?CH224
  +--> ?CO?PD

?PR?_CH224_READREGISTER?CH224                    -----    -----      -----    -----      0602H    0002H
  +--> ?PR?I2C_MASTERSTART?I2C
  +--> ?PR?_I2C_MASTERSENDBYTE?I2C
  +--> ?PR?I2C_MASTERSTOP?I2C
  +--> ?PR?I2C_MASTERREADBYTE?I2C

?PR?I2C_MASTERREADBYTE?I2C                       0020H.0  0000H.1    -----    -----      -----    -----
  +--> ?PR?I2C_MASTERWAIT?I2C

?PR?CH224_READSTATUS?CH224                       -----    -----      -----    -----      -----    -----
  +--> ?PR?_CH224_READREGISTER?CH224

BL51 BANKED LINKER/LOCATER V6.22.2.0                                                  12/07/2025  22:23:09  PAGE 14


?PR?BAT_GETVOLTAGE?BATTERY                       -----    -----      -----    -----      -----    -----
  +--> ?PR?_ADC_CONVERT?ADC

?PR?DCDC_GETINPUTCURRENT?DCDC                    -----    -----      -----    -----      -----    -----
  +--> ?PR?_ADC_CONVERT?ADC

?PR?BAT_GETCURRENT?BATTERY                       -----    -----      -----    -----      -----    -----
  +--> ?PR?_ADC_CONVERT?ADC

?PR?DCDC_GETINPUTVOLTAGE?DCDC                    -----    -----      -----    -----      -----    -----
  +--> ?PR?_ADC_CONVERT?ADC

?PR?_OLED_UI_SETREGIONVALUE?OLED                 -----    -----      -----    -----      0601H    0004H
  +--> ?PR?_STRNCPY?STRNCPY

?C_INITSEG                                       -----    -----      -----    -----      -----    -----
  +--> ?PR?DCDC_UPDATE_NORMAL?DCDC
  +--> ?PR?DCDC_UPDATE_MPPT?DCDC
  +--> ?CO?USB

?PR?DCDC_UPDATE_NORMAL?DCDC                      -----    -----      -----    -----      05F5H    0004H
  +--> ?PR?DCDC_GETINPUTCURRENT?DCDC
  +--> ?PR?BAT_GETVOLTAGE?BATTERY
  +--> ?PR?BAT_GETCURRENT?BATTERY
  +--> ?PR?DCDC_INCDUTY?DCDC
  +--> ?PR?DCDC_DECDUTY?DCDC

?PR?DCDC_INCDUTY?DCDC                            -----    -----      -----    -----      -----    -----
  +--> ?PR?_EG2104_SETDUTY?EG2104

?PR?DCDC_DECDUTY?DCDC                            -----    -----      -----    -----      -----    -----
  +--> ?PR?_EG2104_SETDUTY?EG2104

?PR?DCDC_UPDATE_MPPT?DCDC                        -----    -----      -----    -----      05F5H    0008H
  +--> ?PR?DCDC_GETINPUTVOLTAGE?DCDC
  +--> ?PR?DCDC_GETINPUTCURRENT?DCDC
  +--> ?PR?DCDC_DECDUTY?DCDC
  +--> ?PR?DCDC_INCDUTY?DCDC



SYMBOL TABLE OF MODULE:  .\Objects\stc_mppt (MAIN)

  VALUE           TYPE          NAME
  ----------------------------------

  -------         MODULE        MAIN
  C:0000H         SYMBOL        _ICE_DUMMY_
  D:0093H         PUBLIC        P0M1
  D:0092H         PUBLIC        P1M0
  D:0096H         PUBLIC        P2M0
  D:0091H         PUBLIC        P1M1
  D:0080H         PUBLIC        P0
  D:00B2H         PUBLIC        P3M0
  D:0095H         PUBLIC        P2M1
  D:0090H         PUBLIC        P1
  D:00B4H         PUBLIC        P4M0
BL51 BANKED LINKER/LOCATER V6.22.2.0                                                  12/07/2025  22:23:09  PAGE 15


  D:00B1H         PUBLIC        P3M1
  D:00A0H         PUBLIC        P2
  D:00B0H         PUBLIC        P3
  D:00C0H         PUBLIC        P4
  D:00C8H         PUBLIC        P5
  D:00E8H         PUBLIC        P6
  B:00A8H.7       PUBLIC        EA
  D:00F8H         PUBLIC        P7
  D:00BAH         PUBLIC        P_SW2
  D:00A8H         PUBLIC        IE
  D:00B8H         PUBLIC        IP
  C:442FH         PUBLIC        main
  D:00F5H         PUBLIC        IAP_TPS
  D:0098H         PUBLIC        SCON
  D:0088H         PUBLIC        TCON
  D:00F0H         PUBLIC        B
  D:00E0H         PUBLIC        ACC
  C:485EH         PUBLIC        _delay_ms
  X:06E2H         PUBLIC        main_loop_time
  B:0088H.6       PUBLIC        TR1
  C:4816H         PUBLIC        _delay_us
  X:06E4H         PUBLIC        last_main_loop_time
  C:38D7H         PUBLIC        SYS_Init
  D:00D0H         PUBLIC        PSW
  D:0094H         PUBLIC        P0M0
  -------         PROC          MAIN
  C:442FH         LINE#         20
  C:442FH         LINE#         21
  C:4432H         LINE#         22
  C:4435H         LINE#         23
  C:4438H         LINE#         24
  C:4438H         LINE#         25
  C:4440H         LINE#         26
  C:4442H         LINE#         27
  C:4445H         LINE#         28
  C:4448H         LINE#         29
  C:444AH         LINE#         30
  C:4457H         LINE#         31
  -------         ENDPROC       MAIN
  -------         PROC          SYS_INIT
  C:38D7H         LINE#         39
  C:38D7H         LINE#         40
  C:38DAH         LINE#         41
  C:38DDH         LINE#         43
  C:38E0H         LINE#         44
  C:38E2H         LINE#         45
  C:38E4H         LINE#         46
  C:38E6H         LINE#         47
  C:38E8H         LINE#         48
  C:38EAH         LINE#         49
  C:38ECH         LINE#         50
  C:38EEH         LINE#         51
  C:38F0H         LINE#         53
  C:38F3H         LINE#         54
  C:38F6H         LINE#         55
  C:38F9H         LINE#         56
  C:38FCH         LINE#         57
BL51 BANKED LINKER/LOCATER V6.22.2.0                                                  12/07/2025  22:23:09  PAGE 16


  C:38FFH         LINE#         58
  C:3902H         LINE#         60
  C:3905H         LINE#         61
  C:3908H         LINE#         62
  C:390BH         LINE#         63
  C:390EH         LINE#         64
  C:3911H         LINE#         65
  C:3914H         LINE#         66
  C:3917H         LINE#         67
  C:391AH         LINE#         68
  C:3921H         LINE#         69
  C:3924H         LINE#         70
  C:392BH         LINE#         71
  C:392EH         LINE#         72
  C:3930H         LINE#         73
  -------         ENDPROC       SYS_INIT
  -------         PROC          _DELAY_US
  D:0006H         SYMBOL        us
  C:4816H         LINE#         80
  C:4816H         LINE#         81
  C:4816H         LINE#         82
  C:4824H         LINE#         83
  C:482DH         LINE#         84
  -------         ENDPROC       _DELAY_US
  -------         PROC          _DELAY_MS
  D:0006H         SYMBOL        ms
  -------         DO            
  D:0004H         SYMBOL        i
  -------         ENDDO         
  C:485EH         LINE#         91
  C:485EH         LINE#         94
  C:485EH         LINE#         95
  C:4862H         LINE#         96
  C:486BH         LINE#         97
  C:4874H         LINE#         98
  -------         ENDPROC       _DELAY_MS
  -------         ENDMOD        MAIN

  -------         MODULE        BATTERY
  C:0000H         SYMBOL        _ICE_DUMMY_
  D:0080H         PUBLIC        P0
  D:0090H         PUBLIC        P1
  D:00A0H         PUBLIC        P2
  D:00B0H         PUBLIC        P3
  D:00C0H         PUBLIC        P4
  D:00C8H         PUBLIC        P5
  D:00E8H         PUBLIC        P6
  C:4AD4H         PUBLIC        BAT_DisableOutput
  D:00F8H         PUBLIC        P7
  D:00A8H         PUBLIC        IE
  C:4AD1H         PUBLIC        BAT_EnableOutput
  D:00B8H         PUBLIC        IP
  C:3BAEH         PUBLIC        BAT_GetVoltage
  D:0098H         PUBLIC        SCON
  D:0088H         PUBLIC        TCON
  B:00A0H.6       PUBLIC        P26
  D:00F0H         PUBLIC        B
BL51 BANKED LINKER/LOCATER V6.22.2.0                                                  12/07/2025  22:23:09  PAGE 17


  C:3D8AH         PUBLIC        BAT_GetCurrent
  D:00E0H         PUBLIC        ACC
  C:4ACEH         PUBLIC        BAT_Init
  D:00D0H         PUBLIC        PSW
  -------         PROC          BAT_INIT
  C:4ACEH         LINE#         13
  C:4ACEH         LINE#         14
  C:4AD0H         LINE#         15
  -------         ENDPROC       BAT_INIT
  -------         PROC          BAT_ENABLEOUTPUT
  C:4AD1H         LINE#         17
  C:4AD1H         LINE#         18
  C:4AD3H         LINE#         19
  -------         ENDPROC       BAT_ENABLEOUTPUT
  -------         PROC          BAT_DISABLEOUTPUT
  C:4AD4H         LINE#         21
  C:4AD4H         LINE#         22
  C:4AD6H         LINE#         23
  -------         ENDPROC       BAT_DISABLEOUTPUT
  -------         PROC          BAT_GETVOLTAGE
  C:3BAEH         LINE#         25
  C:3BAEH         LINE#         26
  -------         ENDPROC       BAT_GETVOLTAGE
  -------         PROC          BAT_GETCURRENT
  C:3D8AH         LINE#         29
  C:3D8AH         LINE#         32
  -------         ENDPROC       BAT_GETCURRENT
  -------         ENDMOD        BATTERY

  -------         MODULE        PD
  C:0000H         SYMBOL        _ICE_DUMMY_
  D:0080H         PUBLIC        P0
  D:0090H         PUBLIC        P1
  D:00A0H         PUBLIC        P2
  D:00B0H         PUBLIC        P3
  D:00C0H         PUBLIC        P4
  D:00C8H         PUBLIC        P5
  D:00E8H         PUBLIC        P6
  D:00F8H         PUBLIC        P7
  C:4AB0H         PUBLIC        PD_Init
  D:00A8H         PUBLIC        IE
  C:333CH         PUBLIC        PD_GetProtocolType
  D:00B8H         PUBLIC        IP
  C:4AD7H         PUBLIC        PD_Is_Connecting
  C:000EH         PUBLIC        PD_GetMaxAvailableCurrent
  D:0098H         PUBLIC        SCON
  B:00A0H.3       PUBLIC        P23
  D:0088H         PUBLIC        TCON
  C:4ADDH         PUBLIC        PD_DisableInput
  D:00F0H         PUBLIC        B
  D:00E0H         PUBLIC        ACC
  C:3BF2H         PUBLIC        PD_GetActualVoltage
  C:4ADAH         PUBLIC        PD_EnableInput
  C:4A51H         PUBLIC        PD_GetRequestVoltage
  X:06F3H         SYMBOL        request_voltage
  C:4641H         PUBLIC        _PD_SetRequestVoltage
  D:00D0H         PUBLIC        PSW
BL51 BANKED LINKER/LOCATER V6.22.2.0                                                  12/07/2025  22:23:09  PAGE 18


  -------         PROC          PD_INIT
  C:4AB0H         LINE#         14
  C:4AB0H         LINE#         15
  C:4AB3H         LINE#         16
  C:4AB5H         LINE#         17
  -------         ENDPROC       PD_INIT
  -------         PROC          PD_IS_CONNECTING
  C:4AD7H         LINE#         19
  C:4AD7H         LINE#         20
  -------         ENDPROC       PD_IS_CONNECTING
  -------         PROC          PD_ENABLEINPUT
  C:4ADAH         LINE#         23
  C:4ADAH         LINE#         24
  C:4ADCH         LINE#         25
  -------         ENDPROC       PD_ENABLEINPUT
  -------         PROC          PD_DISABLEINPUT
  C:4ADDH         LINE#         27
  C:4ADDH         LINE#         28
  C:4ADFH         LINE#         29
  -------         ENDPROC       PD_DISABLEINPUT
  -------         PROC          PD_GETACTUALVOLTAGE
  C:3BF2H         LINE#         31
  C:3BF2H         LINE#         32
  -------         ENDPROC       PD_GETACTUALVOLTAGE
  -------         PROC          PD_GETREQUESTVOLTAGE
  C:4A51H         LINE#         35
  C:4A51H         LINE#         36
  C:4A59H         LINE#         37
  -------         ENDPROC       PD_GETREQUESTVOLTAGE
  -------         PROC          _PD_SETREQUESTVOLTAGE
  X:06F1H         SYMBOL        mv
  -------         DO            
  D:0005H         SYMBOL        result
  -------         ENDDO         
  C:4641H         LINE#         39
  C:4649H         LINE#         40
  C:464BH         LINE#         41
  C:464EH         LINE#         42
  C:4651H         LINE#         43
  C:4660H         LINE#         44
  C:4660H         LINE#         45
  -------         ENDPROC       _PD_SETREQUESTVOLTAGE
  -------         PROC          PD_GETMAXAVAILABLECURRENT
  -------         DO            
  D:0006H         SYMBOL        result
  -------         ENDDO         
  C:000EH         LINE#         47
  C:000EH         LINE#         49
  C:0011H         LINE#         50
  C:0016H         LINE#         51
  C:001AH         LINE#         52
  C:001AH         LINE#         53
  C:001AH         LINE#         54
  -------         ENDPROC       PD_GETMAXAVAILABLECURRENT
  -------         PROC          PD_GETPROTOCOLTYPE
  -------         DO            
  X:0601H         SYMBOL        voltage_flag
BL51 BANKED LINKER/LOCATER V6.22.2.0                                                  12/07/2025  22:23:09  PAGE 19


  D:0007H         SYMBOL        status
  -------         ENDDO         
  C:333CH         LINE#         56
  C:333CH         LINE#         59
  C:3346H         LINE#         60
  C:3349H         LINE#         61
  C:3355H         LINE#         62
  C:3359H         LINE#         63
  C:3364H         LINE#         64
  C:336BH         LINE#         65
  C:336BH         LINE#         66
  C:3371H         LINE#         67
  C:3378H         LINE#         68
  C:3378H         LINE#         69
  C:337EH         LINE#         70
  C:3383H         LINE#         71
  C:3383H         LINE#         72
  C:3388H         LINE#         73
  C:3388H         LINE#         74
  C:3393H         LINE#         75
  C:339EH         LINE#         76
  C:33A9H         LINE#         78
  C:33ADH         LINE#         79
  -------         ENDPROC       PD_GETPROTOCOLTYPE
  -------         ENDMOD        PD

  -------         MODULE        SOLAR
  C:0000H         SYMBOL        _ICE_DUMMY_
  D:0080H         PUBLIC        P0
  D:0090H         PUBLIC        P1
  D:00A0H         PUBLIC        P2
  D:00B0H         PUBLIC        P3
  D:00C0H         PUBLIC        P4
  D:00C8H         PUBLIC        P5
  D:00E8H         PUBLIC        P6
  D:00F8H         PUBLIC        P7
  D:00A8H         PUBLIC        IE
  D:00B8H         PUBLIC        IP
  C:4AE3H         PUBLIC        SOLAR_DisableInput
  D:0098H         PUBLIC        SCON
  D:0088H         PUBLIC        TCON
  B:00A0H.7       PUBLIC        P27
  D:00F0H         PUBLIC        B
  C:4AE0H         PUBLIC        SOLAR_EnableInput
  D:00E0H         PUBLIC        ACC
  C:3C36H         PUBLIC        SOLAR_GetVoltage
  C:4AB6H         PUBLIC        SOLAR_Init
  D:00D0H         PUBLIC        PSW
  -------         PROC          SOLAR_INIT
  C:4AB6H         LINE#         11
  C:4AB6H         LINE#         12
  C:4AB9H         LINE#         13
  C:4ABBH         LINE#         14
  -------         ENDPROC       SOLAR_INIT
  -------         PROC          SOLAR_ENABLEINPUT
  C:4AE0H         LINE#         16
  C:4AE0H         LINE#         17
BL51 BANKED LINKER/LOCATER V6.22.2.0                                                  12/07/2025  22:23:09  PAGE 20


  C:4AE2H         LINE#         18
  -------         ENDPROC       SOLAR_ENABLEINPUT
  -------         PROC          SOLAR_DISABLEINPUT
  C:4AE3H         LINE#         20
  C:4AE3H         LINE#         21
  C:4AE5H         LINE#         22
  -------         ENDPROC       SOLAR_DISABLEINPUT
  -------         PROC          SOLAR_GETVOLTAGE
  C:3C36H         LINE#         24
  C:3C36H         LINE#         25
  -------         ENDPROC       SOLAR_GETVOLTAGE
  -------         ENDMOD        SOLAR

  -------         MODULE        DCDC
  C:0000H         SYMBOL        _ICE_DUMMY_
  X:0669H         SYMBOL        current_update_func
  D:0080H         PUBLIC        P0
  D:0090H         PUBLIC        P1
  C:4A7EH         PUBLIC        DCDC_GetOutputVoltageLimit
  D:00A0H         PUBLIC        P2
  D:00B0H         PUBLIC        P3
  D:00C0H         PUBLIC        P4
  D:00C8H         PUBLIC        P5
  C:40BDH         PUBLIC        DCDC_Init
  D:00E8H         PUBLIC        P6
  D:00F8H         PUBLIC        P7
  C:4A63H         PUBLIC        _DCDC_SetOutputVoltageLimit
  C:3DCDH         PUBLIC        DCDC_GetInputCurrent
  D:00A8H         PUBLIC        IE
  X:066CH         SYMBOL        output_voltage_limit
  X:066EH         SYMBOL        current_mode
  C:4A75H         PUBLIC        DCDC_GetInputCurrentLimit
  X:066FH         SYMBOL        mode_update_funcs
  C:4A87H         PUBLIC        DCDC_GetOutputCurrentLimit
  C:46A1H         PUBLIC        DCDC_GetModeString
  C:4AC8H         PUBLIC        DCDC_GetMode
  D:00B8H         PUBLIC        IP
  C:4A5AH         PUBLIC        _DCDC_SetInputCurrentLimit
  X:0675H         SYMBOL        input_current_limit
  C:4A6CH         PUBLIC        _DCDC_SetOutputCurrentLimit
  X:0677H         SYMBOL        output_current_limit
  C:398AH         SYMBOL        DCDC_Update_Normal
  C:3255H         PUBLIC        _DCDC_SetMode
  C:3B1AH         SYMBOL        DCDC_DecDuty
  C:4AC2H         PUBLIC        DCDC_Disable
  C:3AD0H         SYMBOL        DCDC_IncDuty
  D:0098H         PUBLIC        SCON
  D:0088H         PUBLIC        TCON
  C:496BH         PUBLIC        DCDC_GetDuty
  C:4ABCH         PUBLIC        DCDC_Enable
  D:00F0H         PUBLIC        B
  C:3701H         SYMBOL        _DCDC_SetDuty
  D:00E0H         PUBLIC        ACC
  X:0679H         SYMBOL        duty
  C:419FH         PUBLIC        DCDC_Update
  C:25BBH         SYMBOL        DCDC_Update_MPPT
  D:00D0H         PUBLIC        PSW
BL51 BANKED LINKER/LOCATER V6.22.2.0                                                  12/07/2025  22:23:09  PAGE 21


  C:3C7AH         PUBLIC        DCDC_GetInputVoltage
  -------         PROC          DCDC_INCDUTY
  C:3AD0H         LINE#         30
  C:3AD0H         LINE#         31
  C:3AEAH         LINE#         32
  C:3B08H         LINE#         33
  C:3B19H         LINE#         34
  C:3B19H         LINE#         35
  -------         ENDPROC       DCDC_INCDUTY
  -------         PROC          DCDC_DECDUTY
  C:3B1AH         LINE#         37
  C:3B1AH         LINE#         38
  C:3B34H         LINE#         39
  C:3B52H         LINE#         40
  C:3B63H         LINE#         41
  C:3B63H         LINE#         42
  -------         ENDPROC       DCDC_DECDUTY
  -------         PROC          DCDC_GETDUTY
  C:496BH         LINE#         44
  C:496BH         LINE#         45
  C:4979H         LINE#         46
  -------         ENDPROC       DCDC_GETDUTY
  -------         PROC          _DCDC_SETDUTY
  X:05F6H         SYMBOL        value
  C:3701H         LINE#         48
  C:3707H         LINE#         49
  C:373BH         LINE#         50
  C:374FH         LINE#         51
  C:3760H         LINE#         52
  C:3760H         LINE#         53
  -------         ENDPROC       _DCDC_SETDUTY
  -------         PROC          DCDC_UPDATE_NORMAL
  -------         DO            
  X:05F5H         SYMBOL        input_current
  X:05F7H         SYMBOL        output_voltage
  D:0006H         SYMBOL        output_current
  -------         ENDDO         
  C:398AH         LINE#         56
  C:398AH         LINE#         57
  C:3995H         LINE#         58
  C:39A0H         LINE#         59
  C:39A3H         LINE#         61
  C:39D9H         LINE#         63
  C:39D9H         LINE#         64
  C:39DCH         LINE#         65
  C:39DCH         LINE#         66
  C:39DFH         LINE#         67
  C:39DFH         LINE#         68
  -------         ENDPROC       DCDC_UPDATE_NORMAL
  -------         PROC          DCDC_UPDATE_MPPT
  -------         DO            
  X:0661H         SYMBOL        last_power
  X:0665H         SYMBOL        last_duty
  X:05F5H         SYMBOL        voltage
  D:0004H         SYMBOL        current
  X:05F9H         SYMBOL        power
  -------         ENDDO         
BL51 BANKED LINKER/LOCATER V6.22.2.0                                                  12/07/2025  22:23:09  PAGE 22


  C:25BBH         LINE#         71
  C:25BBH         LINE#         76
  C:25D6H         LINE#         77
  C:25EBH         LINE#         78
  C:2602H         LINE#         81
  C:2625H         LINE#         82
  C:2648H         LINE#         83
  C:2648H         LINE#         84
  C:264AH         LINE#         88
  C:266DH         LINE#         89
  C:2670H         LINE#         90
  C:2672H         LINE#         91
  C:2675H         LINE#         92
  C:2675H         LINE#         93
  C:2675H         LINE#         94
  C:2689H         LINE#         95
  -------         ENDPROC       DCDC_UPDATE_MPPT
  -------         PROC          DCDC_UPDATE
  C:419FH         LINE#         99
  C:419FH         LINE#         100
  C:41B4H         LINE#         101
  C:41B6H         LINE#         102
  C:41B8H         LINE#         103
  C:41BDH         LINE#         104
  C:41BDH         LINE#         106
  C:41CBH         LINE#         107
  C:41D5H         LINE#         108
  C:41D5H         LINE#         109
  -------         ENDPROC       DCDC_UPDATE
  -------         PROC          DCDC_INIT
  C:40BDH         LINE#         111
  C:40BDH         LINE#         112
  C:40C0H         LINE#         113
  C:40E3H         LINE#         114
  C:40E6H         LINE#         115
  C:40E9H         LINE#         116
  C:40F3H         LINE#         117
  -------         ENDPROC       DCDC_INIT
  -------         PROC          DCDC_ENABLE
  C:4ABCH         LINE#         120
  C:4ABCH         LINE#         121
  C:4ABFH         LINE#         122
  -------         ENDPROC       DCDC_ENABLE
  -------         PROC          DCDC_DISABLE
  C:4AC2H         LINE#         125
  C:4AC2H         LINE#         126
  C:4AC5H         LINE#         127
  -------         ENDPROC       DCDC_DISABLE
  -------         PROC          DCDC_GETINPUTVOLTAGE
  C:3C7AH         LINE#         130
  C:3C7AH         LINE#         131
  -------         ENDPROC       DCDC_GETINPUTVOLTAGE
  -------         PROC          DCDC_GETINPUTCURRENT
  C:3DCDH         LINE#         134
  C:3DCDH         LINE#         135
  -------         ENDPROC       DCDC_GETINPUTCURRENT
  -------         PROC          _DCDC_SETMODE
BL51 BANKED LINKER/LOCATER V6.22.2.0                                                  12/07/2025  22:23:09  PAGE 23


  X:05F5H         SYMBOL        mode
  C:3255H         LINE#         138
  C:325AH         LINE#         139
  C:3261H         LINE#         141
  C:3261H         LINE#         142
  C:3264H         LINE#         143
  C:3267H         LINE#         144
  C:3270H         LINE#         145
  C:3270H         LINE#         146
  C:3273H         LINE#         147
  C:3275H         LINE#         148
  C:3275H         LINE#         149
  C:3278H         LINE#         150
  C:3278H         LINE#         151
  C:3278H         LINE#         152
  C:3278H         LINE#         153
  C:3278H         LINE#         154
  C:3281H         LINE#         155
  C:32A0H         LINE#         156
  C:32A7H         LINE#         157
  C:32A7H         LINE#         158
  C:32AAH         LINE#         159
  C:32B2H         LINE#         160
  C:32B4H         LINE#         161
  C:32B4H         LINE#         162
  C:32B7H         LINE#         163
  C:32C2H         LINE#         164
  C:32C2H         LINE#         165
  C:32C2H         LINE#         166
  C:32C5H         LINE#         167
  C:32C8H         LINE#         168
  -------         ENDPROC       _DCDC_SETMODE
  -------         PROC          DCDC_GETMODE
  C:4AC8H         LINE#         170
  C:4AC8H         LINE#         171
  C:4ACDH         LINE#         172
  -------         ENDPROC       DCDC_GETMODE
  -------         PROC          DCDC_GETMODESTRING
  C:46A1H         LINE#         174
  C:46A1H         LINE#         175
  C:46ABH         LINE#         176
  C:46ABH         LINE#         177
  C:46B2H         LINE#         178
  C:46B2H         LINE#         179
  C:46B9H         LINE#         180
  C:46B9H         LINE#         181
  C:46BFH         LINE#         182
  C:46BFH         LINE#         183
  -------         ENDPROC       DCDC_GETMODESTRING
  -------         PROC          _DCDC_SETINPUTCURRENTLIMIT
  D:0006H         SYMBOL        current_ma
  C:4A5AH         LINE#         185
  C:4A5AH         LINE#         186
  C:4A62H         LINE#         187
  -------         ENDPROC       _DCDC_SETINPUTCURRENTLIMIT
  -------         PROC          _DCDC_SETOUTPUTVOLTAGELIMIT
  D:0006H         SYMBOL        voltage_mv
BL51 BANKED LINKER/LOCATER V6.22.2.0                                                  12/07/2025  22:23:09  PAGE 24


  C:4A63H         LINE#         189
  C:4A63H         LINE#         190
  C:4A6BH         LINE#         191
  -------         ENDPROC       _DCDC_SETOUTPUTVOLTAGELIMIT
  -------         PROC          _DCDC_SETOUTPUTCURRENTLIMIT
  D:0006H         SYMBOL        current_ma
  C:4A6CH         LINE#         193
  C:4A6CH         LINE#         194
  C:4A74H         LINE#         195
  -------         ENDPROC       _DCDC_SETOUTPUTCURRENTLIMIT
  -------         PROC          DCDC_GETINPUTCURRENTLIMIT
  C:4A75H         LINE#         197
  C:4A75H         LINE#         198
  C:4A7DH         LINE#         199
  -------         ENDPROC       DCDC_GETINPUTCURRENTLIMIT
  -------         PROC          DCDC_GETOUTPUTVOLTAGELIMIT
  C:4A7EH         LINE#         201
  C:4A7EH         LINE#         202
  C:4A86H         LINE#         203
  -------         ENDPROC       DCDC_GETOUTPUTVOLTAGELIMIT
  -------         PROC          DCDC_GETOUTPUTCURRENTLIMIT
  C:4A87H         LINE#         205
  C:4A87H         LINE#         206
  C:4A8FH         LINE#         207
  -------         ENDPROC       DCDC_GETOUTPUTCURRENTLIMIT
  -------         ENDMOD        DCDC

  -------         MODULE        SCREEN
  C:0000H         SYMBOL        _ICE_DUMMY_
  D:0080H         PUBLIC        P0
  D:0090H         PUBLIC        P1
  D:00A0H         PUBLIC        P2
  D:00B0H         PUBLIC        P3
  X:06FBH         PUBLIC        updateFlag
  D:00C0H         PUBLIC        P4
  D:00C8H         PUBLIC        P5
  D:00E8H         PUBLIC        P6
  D:00F8H         PUBLIC        P7
  C:1EDEH         PUBLIC        SCREEN_Update
  D:00A8H         PUBLIC        IE
  D:00B8H         PUBLIC        IP
  D:0098H         PUBLIC        SCON
  D:0088H         PUBLIC        TCON
  C:35D2H         PUBLIC        SCREEN_Init
  D:00F0H         PUBLIC        B
  D:00E0H         PUBLIC        ACC
  D:00D0H         PUBLIC        PSW
  -------         PROC          SCREEN_INIT
  C:35D2H         LINE#         16
  C:35D2H         LINE#         17
  C:35D5H         LINE#         19
  C:35E0H         LINE#         20
  C:35EBH         LINE#         21
  C:35F6H         LINE#         23
  C:3601H         LINE#         24
  C:360CH         LINE#         25
  C:3617H         LINE#         27
BL51 BANKED LINKER/LOCATER V6.22.2.0                                                  12/07/2025  22:23:09  PAGE 25


  C:3622H         LINE#         28
  C:362DH         LINE#         29
  -------         ENDPROC       SCREEN_INIT
  -------         PROC          SCREEN_UPDATE
  -------         DO            
  X:05F5H         SYMBOL        str_buffer
  X:05FFH         SYMBOL        tmp
  -------         ENDDO         
  C:1EDEH         LINE#         32
  C:1EDEH         LINE#         36
  C:1F0CH         LINE#         37
  C:1F0CH         LINE#         38
  C:1F14H         LINE#         39
  C:1F1FH         LINE#         40
  C:1F27H         LINE#         41
  C:1F2DH         LINE#         42
  C:1F2FH         LINE#         43
  C:1F62H         LINE#         44
  C:1F6AH         LINE#         45
  C:1F6AH         LINE#         46
  C:1F6DH         LINE#         47
  C:1F6DH         LINE#         48
  C:1F78H         LINE#         49
  C:1F80H         LINE#         50
  C:1F86H         LINE#         51
  C:1F88H         LINE#         52
  C:1FBBH         LINE#         53
  C:1FC3H         LINE#         54
  C:1FC3H         LINE#         55
  C:1FC6H         LINE#         56
  C:1FC6H         LINE#         57
  C:1FD1H         LINE#         58
  C:1FD9H         LINE#         59
  C:1FDFH         LINE#         60
  C:1FE1H         LINE#         61
  C:2014H         LINE#         62
  C:201CH         LINE#         63
  C:201CH         LINE#         64
  C:201FH         LINE#         65
  C:201FH         LINE#         66
  C:2041H         LINE#         67
  C:2049H         LINE#         68
  C:204CH         LINE#         69
  C:204CH         LINE#         70
  C:2052H         LINE#         71
  C:205AH         LINE#         72
  C:2068H         LINE#         73
  C:2070H         LINE#         74
  C:2070H         LINE#         75
  C:2073H         LINE#         76
  C:2073H         LINE#         77
  C:207EH         LINE#         78
  C:2086H         LINE#         79
  C:208CH         LINE#         80
  C:208EH         LINE#         81
  C:20B4H         LINE#         82
  C:20BCH         LINE#         83
BL51 BANKED LINKER/LOCATER V6.22.2.0                                                  12/07/2025  22:23:09  PAGE 26


  C:20BCH         LINE#         84
  C:20BFH         LINE#         85
  C:20BFH         LINE#         86
  C:20C7H         LINE#         87
  C:20CAH         LINE#         88
  C:20CAH         LINE#         89
  C:2124H         LINE#         90
  C:212CH         LINE#         91
  C:212EH         LINE#         92
  C:212EH         LINE#         93
  C:214EH         LINE#         94
  C:2159H         LINE#         95
  C:2159H         LINE#         96
  C:2159H         LINE#         97
  C:2161H         LINE#         98
  C:2167H         LINE#         99
  C:216CH         LINE#         100
  C:216DH         LINE#         101
  C:216DH         LINE#         102
  -------         ENDPROC       SCREEN_UPDATE
  -------         ENDMOD        SCREEN

  -------         MODULE        SSD1306
  C:0000H         SYMBOL        _ICE_DUMMY_
  D:0080H         PUBLIC        P0
  C:497AH         PUBLIC        SSD1306_Clear
  D:0090H         PUBLIC        P1
  D:00A0H         PUBLIC        P2
  D:00B0H         PUBLIC        P3
  D:00C0H         PUBLIC        P4
  X:0000H         SYMBOL        oled_buffer
  D:00C8H         PUBLIC        P5
  D:00E8H         PUBLIC        P6
  D:00F8H         PUBLIC        P7
  C:276CH         PUBLIC        _SSD1306_DrawBitmapCustom
  C:49EDH         PUBLIC        _SSD1306_DrawBitmap
  C:4526H         PUBLIC        _SSD1306_DrawVLine
  D:00A8H         PUBLIC        IE
  C:4918H         PUBLIC        _SSD1306_SetContrast
  D:00B8H         PUBLIC        IP
  C:0A5BH         PUBLIC        font5x8
  C:4906H         PUBLIC        _SSD1306_Fill
  C:4739H         SYMBOL        _SSD1306_WriteData
  C:4661H         PUBLIC        _SSD1306_SetDisplayMode
  C:2E80H         PUBLIC        SSD1306_Init
  C:3638H         SYMBOL        _SSD1306_WriteDataBulk
  D:0098H         PUBLIC        SCON
  D:0088H         PUBLIC        TCON
  C:3CBEH         PUBLIC        _SSD1306_DrawRect
  C:454BH         PUBLIC        _SSD1306_PutNumberPage
  C:24AEH         PUBLIC        _SSD1306_PutNumber
  C:3E10H         SYMBOL        _SSD1306_SetWindow
  D:00F0H         PUBLIC        B
  C:3FD4H         PUBLIC        _SSD1306_DrawFillRect
  D:00E0H         PUBLIC        ACC
  C:2DF9H         PUBLIC        _SSD1306_SetPixel
  C:3761H         PUBLIC        _SSD1306_PutStringPage
BL51 BANKED LINKER/LOCATER V6.22.2.0                                                  12/07/2025  22:23:09  PAGE 27


  C:3420H         PUBLIC        _SSD1306_PutString
  C:0C27H         PUBLIC        font8x16
  C:16ABH         PUBLIC        _SSD1306_PutChar
  C:471CH         SYMBOL        _SSD1306_WriteCommand
  C:33AEH         PUBLIC        _SSD1306_UpdateArea
  C:45BAH         PUBLIC        _SSD1306_DrawHLine
  D:00D0H         PUBLIC        PSW
  C:3F98H         PUBLIC        SSD1306_Update
  -------         PROC          _SSD1306_WRITECOMMAND
  X:060DH         SYMBOL        cmd
  C:471CH         LINE#         14
  C:4721H         LINE#         15
  C:4724H         LINE#         16
  C:4729H         LINE#         17
  C:472EH         LINE#         18
  C:4736H         LINE#         19
  -------         ENDPROC       _SSD1306_WRITECOMMAND
  -------         PROC          _SSD1306_WRITEDATA
  X:06FCH         SYMBOL        _data
  C:4739H         LINE#         23
  C:473EH         LINE#         24
  C:4741H         LINE#         25
  C:4746H         LINE#         26
  C:474BH         LINE#         27
  C:4753H         LINE#         28
  -------         ENDPROC       _SSD1306_WRITEDATA
  -------         PROC          _SSD1306_WRITEDATABULK
  X:060BH         SYMBOL        _data
  X:060EH         SYMBOL        length
  -------         DO            
  X:0610H         SYMBOL        i
  -------         ENDDO         
  C:3638H         LINE#         32
  C:3649H         LINE#         35
  C:364CH         LINE#         37
  C:364FH         LINE#         38
  C:3654H         LINE#         39
  C:3659H         LINE#         42
  C:3674H         LINE#         43
  C:368AH         LINE#         44
  C:369AH         LINE#         46
  C:369DH         LINE#         47
  -------         ENDPROC       _SSD1306_WRITEDATABULK
  -------         PROC          SSD1306_INIT
  C:2E80H         LINE#         50
  C:2E80H         LINE#         52
  C:2E83H         LINE#         55
  C:2E8AH         LINE#         58
  C:2E8FH         LINE#         60
  C:2E94H         LINE#         61
  C:2E99H         LINE#         63
  C:2E9EH         LINE#         64
  C:2EA3H         LINE#         66
  C:2EA8H         LINE#         67
  C:2EADH         LINE#         69
  C:2EB2H         LINE#         71
  C:2EB7H         LINE#         73
BL51 BANKED LINKER/LOCATER V6.22.2.0                                                  12/07/2025  22:23:09  PAGE 28


  C:2EBCH         LINE#         75
  C:2EC1H         LINE#         76
  C:2EC6H         LINE#         78
  C:2ECBH         LINE#         79
  C:2ED0H         LINE#         81
  C:2ED5H         LINE#         83
  C:2EDAH         LINE#         85
  C:2EDFH         LINE#         86
  C:2EE4H         LINE#         88
  C:2EE9H         LINE#         89
  C:2EEEH         LINE#         91
  C:2EF3H         LINE#         92
  C:2EF8H         LINE#         94
  C:2EFDH         LINE#         97
  C:2F00H         LINE#         98
  -------         ENDPROC       SSD1306_INIT
  -------         PROC          _SSD1306_SETWINDOW
  D:0007H         SYMBOL        page
  X:060BH         SYMBOL        col_start
  X:060CH         SYMBOL        col_end
  C:3E10H         LINE#         102
  C:3E18H         LINE#         103
  C:3E1FH         LINE#         104
  C:3E29H         LINE#         105
  C:3E36H         LINE#         108
  C:3E3DH         LINE#         109
  C:3E42H         LINE#         110
  C:3E4AH         LINE#         111
  C:3E52H         LINE#         112
  C:3E52H         LINE#         113
  -------         ENDPROC       _SSD1306_SETWINDOW
  -------         PROC          SSD1306_CLEAR
  C:497AH         LINE#         116
  C:497AH         LINE#         117
  -------         ENDPROC       SSD1306_CLEAR
  -------         PROC          _SSD1306_FILL
  D:0007H         SYMBOL        pattern
  C:4906H         LINE#         121
  C:4906H         LINE#         122
  -------         ENDPROC       _SSD1306_FILL
  -------         PROC          SSD1306_UPDATE
  -------         DO            
  X:05FDH         SYMBOL        page
  -------         ENDDO         
  C:3F98H         LINE#         126
  C:3F98H         LINE#         129
  C:3FABH         LINE#         130
  C:3FB2H         LINE#         131
  C:3FCBH         LINE#         133
  C:3FD3H         LINE#         134
  -------         ENDPROC       SSD1306_UPDATE
  -------         PROC          _SSD1306_UPDATEAREA
  D:0007H         SYMBOL        page_start
  X:0607H         SYMBOL        page_end
  X:0608H         SYMBOL        col_start
  X:0609H         SYMBOL        col_end
  -------         DO            
BL51 BANKED LINKER/LOCATER V6.22.2.0                                                  12/07/2025  22:23:09  PAGE 29


  X:060AH         SYMBOL        page
  -------         ENDDO         
  C:33AEH         LINE#         137
  C:33B8H         LINE#         140
  C:33C9H         LINE#         142
  C:33DCH         LINE#         143
  C:33E7H         LINE#         144
  C:3417H         LINE#         145
  C:341FH         LINE#         146
  -------         ENDPROC       _SSD1306_UPDATEAREA
  -------         PROC          _SSD1306_SETPIXEL
  D:0007H         SYMBOL        x
  D:0005H         SYMBOL        y
  D:0003H         SYMBOL        state
  -------         DO            
  X:061AH         SYMBOL        page
  D:0006H         SYMBOL        _bit
  -------         ENDDO         
  C:2DF9H         LINE#         149
  C:2DF9H         LINE#         152
  C:2E0DH         LINE#         154
  C:2E17H         LINE#         155
  C:2E1BH         LINE#         157
  C:2E1EH         LINE#         158
  C:2E49H         LINE#         159
  C:2E4BH         LINE#         160
  C:2E7FH         LINE#         161
  C:2E7FH         LINE#         162
  -------         ENDPROC       _SSD1306_SETPIXEL
  -------         PROC          _SSD1306_DRAWHLINE
  D:0007H         SYMBOL        x1
  D:0004H         SYMBOL        x2
  D:0001H         SYMBOL        y
  -------         DO            
  D:0002H         SYMBOL        x
  D:0006H         SYMBOL        temp
  -------         ENDDO         
  C:45BAH         LINE#         165
  C:45BEH         LINE#         168
  C:45C3H         LINE#         169
  C:45C5H         LINE#         170
  C:45C7H         LINE#         171
  C:45C9H         LINE#         172
  C:45C9H         LINE#         174
  C:45D0H         LINE#         175
  C:45D9H         LINE#         176
  C:45DCH         LINE#         177
  -------         ENDPROC       _SSD1306_DRAWHLINE
  -------         PROC          _SSD1306_DRAWVLINE
  D:0001H         SYMBOL        x
  D:0005H         SYMBOL        y1
  D:0004H         SYMBOL        y2
  -------         DO            
  D:0002H         SYMBOL        y
  D:0007H         SYMBOL        temp
  -------         ENDDO         
  C:4526H         LINE#         180
BL51 BANKED LINKER/LOCATER V6.22.2.0                                                  12/07/2025  22:23:09  PAGE 30


  C:452AH         LINE#         183
  C:452FH         LINE#         184
  C:4531H         LINE#         185
  C:4533H         LINE#         186
  C:4535H         LINE#         187
  C:4535H         LINE#         189
  C:453EH         LINE#         190
  C:4547H         LINE#         191
  C:454AH         LINE#         192
  -------         ENDPROC       _SSD1306_DRAWVLINE
  -------         PROC          _SSD1306_DRAWRECT
  X:0616H         SYMBOL        x1
  X:0617H         SYMBOL        y1
  X:0618H         SYMBOL        x2
  X:0619H         SYMBOL        y2
  C:3CBEH         LINE#         195
  C:3CCBH         LINE#         196
  C:3CD0H         LINE#         197
  C:3CE0H         LINE#         198
  C:3CF0H         LINE#         199
  -------         ENDPROC       _SSD1306_DRAWRECT
  -------         PROC          _SSD1306_DRAWFILLRECT
  X:06D3H         SYMBOL        x1
  D:0005H         SYMBOL        y1
  X:06D5H         SYMBOL        x2
  X:06D6H         SYMBOL        y2
  -------         DO            
  X:06D7H         SYMBOL        y
  -------         ENDDO         
  C:3FD4H         LINE#         203
  C:3FDEH         LINE#         206
  C:3FEAH         LINE#         208
  C:3FF9H         LINE#         209
  C:4006H         LINE#         210
  C:400EH         LINE#         211
  -------         ENDPROC       _SSD1306_DRAWFILLRECT
  -------         PROC          L?0117
  -------         ENDPROC       L?0117
  -------         PROC          _SSD1306_PUTCHAR
  X:061EH         SYMBOL        x
  D:0005H         SYMBOL        y
  D:0003H         SYMBOL        ch
  -------         DO            
  X:061FH         SYMBOL        i
  X:0620H         SYMBOL        page
  X:0621H         SYMBOL        bit_offset
  X:0622H         SYMBOL        _data
  X:0623H         SYMBOL        mask_low
  X:0624H         SYMBOL        mask_high
  X:0625H         SYMBOL        index
  -------         ENDDO         
  C:16ABH         LINE#         214
  C:16B0H         LINE#         218
  C:16C9H         LINE#         220
  C:16E7H         LINE#         221
  C:16FCH         LINE#         223
  C:1706H         LINE#         224
BL51 BANKED LINKER/LOCATER V6.22.2.0                                                  12/07/2025  22:23:09  PAGE 31


  C:170BH         LINE#         226
  C:1721H         LINE#         227
  C:174AH         LINE#         229
  C:1750H         LINE#         230
  C:177FH         LINE#         231
  C:1782H         LINE#         234
  C:1795H         LINE#         235
  C:17A8H         LINE#         236
  C:17E5H         LINE#         237
  C:182CH         LINE#         238
  C:1869H         LINE#         239
[...]
  C:2A2EH         LINE#         220
  C:2A2FH         LINE#         221
  C:2A30H         LINE#         222
  C:2A31H         LINE#         224
  C:2A33H         LINE#         225
  C:2A35H         LINE#         227
  C:2A36H         LINE#         241
  C:2A38H         LINE#         242
  C:2A3AH         LINE#         243
  C:2A3CH         LINE#         245
  C:2A3FH         LINE#         247
  C:2A42H         LINE#         248
  C:2A43H         LINE#         249
  C:2A44H         LINE#         251
  C:2A45H         LINE#         252
  C:2A46H         LINE#         253
  C:2A47H         LINE#         255
  C:2A48H         LINE#         256
  C:2A49H         LINE#         257
  C:2A4AH         LINE#         259
  C:2A4BH         LINE#         260
  C:2A4CH         LINE#         261
  C:2A4DH         LINE#         263
  C:2A50H         LINE#         264
  C:2A51H         LINE#         265
  C:2A53H         LINE#         266
  C:2A55H         LINE#         267
  C:2A56H         LINE#         269
BL51 BANKED LINKER/LOCATER V6.22.2.0                                                  12/07/2025  22:23:09  PAGE 54


  C:2A57H         LINE#         270
  C:2A59H         LINE#         271
  C:2A5AH         LINE#         275
  C:2A5BH         LINE#         276
  C:2A5EH         LINE#         278
  C:2A61H         LINE#         279
  C:2A62H         LINE#         280
  C:2A63H         LINE#         282
  C:2A64H         LINE#         283
  C:2A65H         LINE#         284
  C:2A66H         LINE#         286
  C:2A67H         LINE#         287
  C:2A68H         LINE#         288
  C:2A69H         LINE#         290
  C:2A6AH         LINE#         291
  C:2A6BH         LINE#         292
  C:2A6CH         LINE#         294
  C:2A6EH         LINE#         295
  C:2A70H         LINE#         297
  -------         ENDMOD        STC_MDU16

  -------         MODULE        OLED
  C:0000H         SYMBOL        _ICE_DUMMY_
  C:316BH         PUBLIC        _OLED_UI_SetRegionLabel
  D:0080H         PUBLIC        P0
  D:0090H         PUBLIC        P1
  D:00A0H         PUBLIC        P2
  D:00B0H         PUBLIC        P3
  D:00C0H         PUBLIC        P4
  D:00C8H         PUBLIC        P5
  C:4570H         SYMBOL        _center_text_x
  D:00E8H         PUBLIC        P6
  D:00F8H         PUBLIC        P7
  C:2288H         PUBLIC        _OLED_UI_SetRegionNumber
  D:00A8H         PUBLIC        IE
  C:2900H         SYMBOL        init_regions
  C:41D6H         PUBLIC        _OLED_UI_SetDisplayMode
  C:1978H         SYMBOL        _draw_region
  D:00B8H         PUBLIC        IP
  C:4998H         PUBLIC        OLED_UI_Init
  C:31E0H         PUBLIC        _OLED_UI_SetRegionValue
  C:307AH         PUBLIC        OLED_UI_DrawGrid
  D:0098H         PUBLIC        SCON
  D:0088H         PUBLIC        TCON
  D:00F0H         PUBLIC        B
  C:2C48H         PUBLIC        _OLED_UI_UpdateDisplay
  D:00E0H         PUBLIC        ACC
  C:3F59H         PUBLIC        _OLED_UI_ClearRegion
  C:4373H         PUBLIC        OLED_UI_RefreshAll
  D:00D0H         PUBLIC        PSW
  X:0400H         SYMBOL        regions
  -------         PROC          INIT_REGIONS
  -------         DO            
  D:0007H         SYMBOL        region_width
  D:0006H         SYMBOL        region_height
  D:0005H         SYMBOL        i
  D:0001H         SYMBOL        col
BL51 BANKED LINKER/LOCATER V6.22.2.0                                                  12/07/2025  22:23:09  PAGE 55


  D:0004H         SYMBOL        row
  -------         ENDDO         
  C:2900H         LINE#         12
  C:2900H         LINE#         16
  C:2902H         LINE#         17
  C:2904H         LINE#         19
  C:2913H         LINE#         20
  C:291AH         LINE#         21
  C:2920H         LINE#         23
  C:2931H         LINE#         24
  C:2942H         LINE#         25
  C:2954H         LINE#         26
  C:2966H         LINE#         29
  C:297DH         LINE#         30
  C:2994H         LINE#         33
  C:29A9H         LINE#         34
  C:29BEH         LINE#         35
  C:29C2H         LINE#         36
  -------         ENDPROC       INIT_REGIONS
  -------         PROC          _CENTER_TEXT_X
  D:0004H         SYMBOL        col_start
  D:0005H         SYMBOL        col_end
  D:0003H         SYMBOL        text_len
  -------         DO            
  D:0007H         SYMBOL        region_width
  D:0006H         SYMBOL        text_width
  -------         ENDDO         
  C:4570H         LINE#         39
  C:4572H         LINE#         42
  C:4577H         LINE#         43
  C:457EH         LINE#         44
  C:4585H         LINE#         45
  C:4594H         LINE#         46
  -------         ENDPROC       _CENTER_TEXT_X
  -------         PROC          _DRAW_REGION
  D:0007H         SYMBOL        region_idx
  -------         DO            
  X:0606H         SYMBOL        region
  X:0609H         SYMBOL        display_text
  X:060CH         SYMBOL        text_width_pixels
  X:060DH         SYMBOL        center_x
  X:060EH         SYMBOL        center_y
  X:060FH         SYMBOL        label_x
  X:0610H         SYMBOL        label_y
  X:0611H         SYMBOL        value_x
  X:0612H         SYMBOL        value_y
  X:0613H         SYMBOL        x
  X:0614H         SYMBOL        y
  X:0615H         SYMBOL        border_x1
  D:0006H         SYMBOL        border_y1
  D:0004H         SYMBOL        border_x2
  D:0002H         SYMBOL        border_y2
  -------         ENDDO         
  C:1978H         LINE#         49
  C:1978H         LINE#         53
  C:198DH         LINE#         55
  C:19A7H         LINE#         56
BL51 BANKED LINKER/LOCATER V6.22.2.0                                                  12/07/2025  22:23:09  PAGE 56


  C:19B3H         LINE#         57
  C:19BBH         LINE#         58
  C:19C3H         LINE#         59
  C:19D2H         LINE#         62
  C:19E3H         LINE#         64
  C:19E8H         LINE#         65
  C:19F3H         LINE#         67
  C:1A0AH         LINE#         68
  C:1A0AH         LINE#         69
  C:1A0DH         LINE#         70
  C:1A0FH         LINE#         71
  C:1A0FH         LINE#         72
  C:1A28H         LINE#         73
  C:1A28H         LINE#         74
  C:1A28H         LINE#         76
  C:1A28H         LINE#         77
  C:1A28H         LINE#         78
  C:1A28H         LINE#         79
  C:1A28H         LINE#         81
  C:1A50H         LINE#         82
  C:1A69H         LINE#         83
  C:1A80H         LINE#         84
  C:1A9FH         LINE#         86
  C:1ABCH         LINE#         87
  C:1AC7H         LINE#         88
  C:1ADDH         LINE#         89
  C:1ADDH         LINE#         90
  C:1ADDH         LINE#         93
  C:1AF5H         LINE#         95
  C:1B01H         LINE#         96
  C:1B1AH         LINE#         97
  C:1B31H         LINE#         98
  C:1B50H         LINE#         99
  C:1B5EH         LINE#         100
  C:1B67H         LINE#         101
  C:1B7DH         LINE#         102
  C:1B7DH         LINE#         103
  C:1B7DH         LINE#         105
  C:1B9CH         LINE#         106
  C:1BBAH         LINE#         107
  C:1BD1H         LINE#         108
  C:1BF0H         LINE#         109
  C:1C06H         LINE#         110
  C:1C0FH         LINE#         111
  C:1C2AH         LINE#         112
  C:1C2AH         LINE#         113
  C:1C2AH         LINE#         114
  C:1C2AH         LINE#         115
  -------         ENDPROC       _DRAW_REGION
  -------         PROC          OLED_UI_INIT
  C:4998H         LINE#         119
  C:4998H         LINE#         120
  C:499BH         LINE#         121
  C:499EH         LINE#         123
  C:49A1H         LINE#         124
  C:49A4H         LINE#         125
  -------         ENDPROC       OLED_UI_INIT
BL51 BANKED LINKER/LOCATER V6.22.2.0                                                  12/07/2025  22:23:09  PAGE 57


  -------         PROC          OLED_UI_DRAWGRID
  -------         DO            
  X:05F5H         SYMBOL        i
  X:05F6H         SYMBOL        border_x1
  X:05F7H         SYMBOL        border_y1
  X:05F8H         SYMBOL        border_x2
  X:05F9H         SYMBOL        border_y2
  X:05FAH         SYMBOL        region
  -------         ENDDO         
  C:307AH         LINE#         129
  C:307AH         LINE#         133
  C:308CH         LINE#         134
  C:30A6H         LINE#         135
  C:30B3H         LINE#         136
  C:30BFH         LINE#         137
  C:30CBH         LINE#         138
  C:30D7H         LINE#         140
  C:30E8H         LINE#         141
  C:30F0H         LINE#         142
  -------         ENDPROC       OLED_UI_DRAWGRID
  -------         PROC          _OLED_UI_UPDATEDISPLAY
  D:0007H         SYMBOL        index
  -------         DO            
  X:0601H         SYMBOL        i
  X:0602H         SYMBOL        page_start
  D:0006H         SYMBOL        page_end
  D:0004H         SYMBOL        col_start
  D:0002H         SYMBOL        col_end
  X:0603H         SYMBOL        regionInfo
  -------         ENDDO         
  C:2C48H         LINE#         146
  C:2C48H         LINE#         148
  C:2C62H         LINE#         149
  C:2C6AH         LINE#         150
  C:2C72H         LINE#         151
  C:2C8DH         LINE#         152
  C:2CA9H         LINE#         153
  C:2CB1H         LINE#         154
  C:2CBAH         LINE#         155
  C:2CCBH         LINE#         156
  C:2CDDH         LINE#         157
  C:2CDDH         LINE#         158
  -------         ENDPROC       _OLED_UI_UPDATEDISPLAY
  -------         PROC          _OLED_UI_SETREGIONLABEL
  X:0601H         SYMBOL        region
  X:0602H         SYMBOL        label
  C:316BH         LINE#         161
  C:317BH         LINE#         162
  C:3184H         LINE#         164
  C:31B8H         LINE#         165
  C:31CDH         LINE#         166
  C:31DFH         LINE#         167
  -------         ENDPROC       _OLED_UI_SETREGIONLABEL
  -------         PROC          _OLED_UI_SETREGIONVALUE
  X:0601H         SYMBOL        region
  X:0602H         SYMBOL        value
  C:31E0H         LINE#         170
BL51 BANKED LINKER/LOCATER V6.22.2.0                                                  12/07/2025  22:23:09  PAGE 58


  C:31F0H         LINE#         171
  C:31F9H         LINE#         172
  C:322DH         LINE#         173
  C:3242H         LINE#         174
  C:3254H         LINE#         175
  -------         ENDPROC       _OLED_UI_SETREGIONVALUE
  -------         PROC          _OLED_UI_SETREGIONNUMBER
  X:0694H         SYMBOL        region
  X:0695H         SYMBOL        value
  -------         DO            
  X:0699H         SYMBOL        buffer
  X:06A5H         SYMBOL        ptr
  X:06A8H         SYMBOL        negative
  -------         ENDDO         
  C:2288H         LINE#         178
  C:228DH         LINE#         183
  C:2299H         LINE#         185
  C:22AAH         LINE#         186
  C:22AEH         LINE#         188
  C:22B4H         LINE#         189
  C:22C6H         LINE#         190
  C:22CEH         LINE#         191
  C:22D8H         LINE#         192
  C:22EFH         LINE#         193
  C:2304H         LINE#         194
  C:2304H         LINE#         196
  C:231DH         LINE#         197
  C:234CH         LINE#         198
  C:2369H         LINE#         199
  C:236BH         LINE#         201
  C:2375H         LINE#         202
  C:238AH         LINE#         203
  C:238AH         LINE#         205
  C:239DH         LINE#         206
  -------         ENDPROC       _OLED_UI_SETREGIONNUMBER
  -------         PROC          _OLED_UI_SETDISPLAYMODE
  D:0007H         SYMBOL        region
  D:0005H         SYMBOL        mode
  C:41D6H         LINE#         209
  C:41D6H         LINE#         210
  C:41E9H         LINE#         212
  C:41FAH         LINE#         213
  C:420CH         LINE#         214
  -------         ENDPROC       _OLED_UI_SETDISPLAYMODE
  -------         PROC          _OLED_UI_CLEARREGION
  D:0007H         SYMBOL        region
  C:3F59H         LINE#         217
  C:3F59H         LINE#         218
  C:3F63H         LINE#         220
  C:3F74H         LINE#         221
  C:3F85H         LINE#         222
  C:3F97H         LINE#         223
  -------         ENDPROC       _OLED_UI_CLEARREGION
  -------         PROC          OLED_UI_REFRESHALL
  -------         DO            
  X:05F5H         SYMBOL        i
  -------         ENDDO         
BL51 BANKED LINKER/LOCATER V6.22.2.0                                                  12/07/2025  22:23:09  PAGE 59


  C:4373H         LINE#         226
  C:4373H         LINE#         229
  C:4385H         LINE#         230
  C:4398H         LINE#         231
  C:439BH         LINE#         232
  C:43A3H         LINE#         233
  -------         ENDPROC       OLED_UI_REFRESHALL
  -------         ENDMOD        OLED

  -------         MODULE        EG2104
  C:0000H         SYMBOL        _ICE_DUMMY_
  C:4AEFH         PUBLIC        EG2104_Enable
  D:0080H         PUBLIC        P0
  D:0090H         PUBLIC        P1
  D:00A0H         PUBLIC        P2
  D:00B0H         PUBLIC        P3
  D:00C0H         PUBLIC        P4
  D:00C8H         PUBLIC        P5
  D:00E8H         PUBLIC        P6
  D:00F8H         PUBLIC        P7
  C:4595H         PUBLIC        _EG2104_SetDuty
  D:00A8H         PUBLIC        IE
  D:00B8H         PUBLIC        IP
  D:0098H         PUBLIC        SCON
  D:0088H         PUBLIC        TCON
  B:0090H.5       PUBLIC        P15
  D:00F0H         PUBLIC        B
  D:00E0H         PUBLIC        ACC
  C:49DFH         PUBLIC        EG2104_Init
  C:4AF2H         PUBLIC        EG2104_Disable
  D:00D0H         PUBLIC        PSW
  -------         PROC          EG2104_INIT
  C:49DFH         LINE#         9
  C:49DFH         LINE#         10
  C:49E2H         LINE#         11
  -------         ENDPROC       EG2104_INIT
  -------         PROC          EG2104_ENABLE
  C:4AEFH         LINE#         14
  C:4AEFH         LINE#         15
  C:4AF1H         LINE#         16
  -------         ENDPROC       EG2104_ENABLE
  -------         PROC          EG2104_DISABLE
  C:4AF2H         LINE#         18
  C:4AF2H         LINE#         19
  C:4AF4H         LINE#         20
  -------         ENDPROC       EG2104_DISABLE
  -------         PROC          _EG2104_SETDUTY
  X:05FDH         SYMBOL        value
  C:4595H         LINE#         22
  C:459BH         LINE#         23
  -------         ENDPROC       _EG2104_SETDUTY
  -------         ENDMOD        EG2104

  -------         MODULE        ?C?FPADD
  C:012DH         PUBLIC        ?C?FPADD
  C:0129H         PUBLIC        ?C?FPSUB
  -------         ENDMOD        ?C?FPADD
BL51 BANKED LINKER/LOCATER V6.22.2.0                                                  12/07/2025  22:23:09  PAGE 60



  -------         MODULE        ?C?FPMUL
  C:021EH         PUBLIC        ?C?FPMUL
  -------         ENDMOD        ?C?FPMUL

  -------         MODULE        ?C?FPDIV
  C:0327H         PUBLIC        ?C?FPDIV
  -------         ENDMOD        ?C?FPDIV

  -------         MODULE        ?C?FPCMP
  C:03C6H         PUBLIC        ?C?FPCMP
  C:03C4H         PUBLIC        ?C?FPCMP3
  -------         ENDMOD        ?C?FPCMP

  -------         MODULE        ?C?FCAST
  C:0447H         PUBLIC        ?C?FCASTC
  C:0442H         PUBLIC        ?C?FCASTI
  C:043DH         PUBLIC        ?C?FCASTL
  -------         ENDMOD        ?C?FCAST

  -------         MODULE        ?C?CASTF
  C:047BH         PUBLIC        ?C?CASTF
  -------         ENDMOD        ?C?CASTF

  -------         MODULE        PRINTF
  X:0601H         PUBLIC        ?_PRINTF?BYTE
  X:0601H         PUBLIC        ?_SPRINTF?BYTE
  C:1282H         PUBLIC        _PRINTF
  C:127CH         PUBLIC        _SPRINTF
  -------         ENDMOD        PRINTF

  -------         MODULE        VSPRINTF
  X:05F3H         PUBLIC        ?_VSPRINTF?BYTE
  C:3B64H         PUBLIC        _VSPRINTF
  -------         ENDMOD        VSPRINTF

  -------         MODULE        ?C?FPROUND
  C:04FCH         PUBLIC        ?C?FPROUND
  -------         ENDMOD        ?C?FPROUND

  -------         MODULE        ?C?FPCONVERT
  C:0539H         PUBLIC        ?C?FPCONVERT
  -------         ENDMOD        ?C?FPCONVERT

  -------         MODULE        ?C?FTNPWR
  C:066EH         PUBLIC        ?C?FTNPWR
  -------         ENDMOD        ?C?FTNPWR

  -------         MODULE        ?C?COPY
  C:077EH         PUBLIC        ?C?COPY
  -------         ENDMOD        ?C?COPY

  -------         MODULE        ?C?CLDPTR
  C:07A4H         PUBLIC        ?C?CLDPTR
  -------         ENDMOD        ?C?CLDPTR

  -------         MODULE        ?C?CLDOPTR
BL51 BANKED LINKER/LOCATER V6.22.2.0                                                  12/07/2025  22:23:09  PAGE 61


  C:07BDH         PUBLIC        ?C?CLDOPTR
  -------         ENDMOD        ?C?CLDOPTR

  -------         MODULE        ?C?CSTPTR
  C:07EAH         PUBLIC        ?C?CSTPTR
  -------         ENDMOD        ?C?CSTPTR

  -------         MODULE        ?C?CSTOPTR
  C:07FCH         PUBLIC        ?C?CSTOPTR
  -------         ENDMOD        ?C?CSTOPTR

  -------         MODULE        ?C?IMUL
  C:081EH         PUBLIC        ?C?IMUL
  -------         ENDMOD        ?C?IMUL

  -------         MODULE        ?C?IILDX
  C:0830H         PUBLIC        ?C?IILDX
  -------         ENDMOD        ?C?IILDX

  -------         MODULE        ?C?ILDIX
  C:0846H         PUBLIC        ?C?ILDIX
  -------         ENDMOD        ?C?ILDIX

  -------         MODULE        ?C?ISTPTR
  C:085CH         PUBLIC        ?C?ISTPTR
  -------         ENDMOD        ?C?ISTPTR

  -------         MODULE        ?C?SLDIV
  C:3D46H         PUBLIC        ?C?SLDIV
  -------         ENDMOD        ?C?SLDIV

  -------         MODULE        ?C?LNEG
  C:087BH         PUBLIC        ?C?LNEG
  -------         ENDMOD        ?C?LNEG

  -------         MODULE        ?C?SLCMP
  C:0889H         PUBLIC        ?C?SLCMP
  -------         ENDMOD        ?C?SLCMP

  -------         MODULE        ?C?LSTXDATA
  C:089FH         PUBLIC        ?C?LSTXDATA
  -------         ENDMOD        ?C?LSTXDATA

  -------         MODULE        ?C?LSTKXDATA
  C:08ABH         PUBLIC        ?C?LSTKXDATA
  -------         ENDMOD        ?C?LSTKXDATA

  -------         MODULE        ?C?OFFXADD
  C:08DCH         PUBLIC        ?C?OFFXADD
  -------         ENDMOD        ?C?OFFXADD

  -------         MODULE        ?C?PLDIXDATA
  C:08E8H         PUBLIC        ?C?PLDIXDATA
  -------         ENDMOD        ?C?PLDIXDATA

  -------         MODULE        ?C?PSTXDATA
  C:08FFH         PUBLIC        ?C?PSTXDATA
BL51 BANKED LINKER/LOCATER V6.22.2.0                                                  12/07/2025  22:23:09  PAGE 62


  -------         ENDMOD        ?C?PSTXDATA

  -------         MODULE        ?C?CCASE
  C:0908H         PUBLIC        ?C?CCASE
  -------         ENDMOD        ?C?CCASE

  -------         MODULE        ?C?ICASE
  C:092EH         PUBLIC        ?C?ICASE
  -------         ENDMOD        ?C?ICASE

  -------         MODULE        ?C?ICALL
  C:095BH         PUBLIC        ?C?ICALL
  C:095FH         PUBLIC        ?C?ICALL2
  -------         ENDMOD        ?C?ICALL

  -------         MODULE        PUTCHAR
  C:44FFH         PUBLIC        _PUTCHAR
  -------         ENDMOD        PUTCHAR

  -------         MODULE        STRNCPY
  X:0605H         PUBLIC        ?_strncpy?BYTE
  C:356AH         PUBLIC        _strncpy
  -------         ENDMOD        STRNCPY

  -------         MODULE        STRLEN
  C:48B6H         PUBLIC        _STRLEN
  -------         ENDMOD        STRLEN

  -------         MODULE        ?C?MEMSET
  C:0961H         PUBLIC        ?C?MEMSET
  -------         ENDMOD        ?C?MEMSET

  -------         MODULE        ?C?ULDIV
  C:09C9H         PUBLIC        ?C?ULDIV
  -------         ENDMOD        ?C?ULDIV

Program Size: data=15.5 xdata=1792 code=19192
LINK/LOCATE RUN COMPLETE.  0 WARNING(S),  0 ERROR(S)
